
[1m[30m[46m RUN [49m[39m[22m [36mv4.1.10 [39m[90mC:/Users/snowb/Desktop/work/desktop-main[39m

 [32m✓[39m [30m[45m main [49m[39m src/main/cdp/snapshot-theme.test.ts[2m > [22msnapshotThemeVisuals[2m > [22mthrows when the agent has no debug port[32m 7[2mms[22m[39m
 [32m✓[39m [30m[45m main [49m[39m src/main/agent-scheme.test.ts[2m > [22mresolveSchemeMode[2m > [22mmaps explicit light/dark straight through[32m 2[2mms[22m[39m
 [32m✓[39m [30m[45m main [49m[39m src/main/agent-scheme.test.ts[2m > [22mresolveSchemeMode[2m > [22mmaps auto to dark to match the generator's dark canvas[32m 0[2mms[22m[39m
 [32m✓[39m [30m[45m main [49m[39m src/main/agent-scheme.test.ts[2m > [22mresolveSchemeMode[2m > [22mreturns null for missing/unknown modes[32m 0[2mms[22m[39m
 [32m✓[39m [30m[45m main [49m[39m src/main/agent-scheme.test.ts[2m > [22mcaptureScheme[2m > [22mreads data-theme and tracked localStorage keys[32m 2[2mms[22m[39m
 [32m✓[39m [30m[45m main [49m[39m src/main/agent-scheme.test.ts[2m > [22mcaptureScheme[2m > [22mreturns null for agents with no renderer scheme (workbuddy)[32m 1[2mms[22m[39m
 [32m✓[39m [30m[45m main [49m[39m src/main/agent-scheme.test.ts[2m > [22mcaptureScheme[2m > [22mreturns null when the page read fails[32m 0[2mms[22m[39m
 [32m✓[39m [30m[45m main [49m[39m src/main/agent-scheme.test.ts[2m > [22mapplyScheme[2m > [22mflips qoderwork to dark while preserving the colour variant (mode-first)[32m 1[2mms[22m[39m
 [32m✓[39m [30m[45m main [49m[39m src/main/agent-scheme.test.ts[2m > [22mapplyScheme[2m > [22mflips qoderwork colour-first variants (classic-light -> classic-dark)[32m 1[2mms[22m[39m
 [32m✓[39m [30m[45m main [49m[39m src/main/agent-scheme.test.ts[2m > [22mapplyScheme[2m > [22mfalls back to the bare mode when there is no current variant[32m 1[2mms[22m[39m
 [32m✓[39m [30m[45m main [49m[39m src/main/agent-scheme.test.ts[2m > [22mapplyScheme[2m > [22mswitches traework and syncs body classes + JSON storage format[32m 1[2mms[22m[39m
 [32m✓[39m [30m[45m main [49m[39m src/main/agent-scheme.test.ts[2m > [22mapplyScheme[2m > [22mis a successful no-op for workbuddy (no evaluate calls)[32m 0[2mms[22m[39m
 [32m✓[39m [30m[45m main [49m[39m src/main/wallpaper-server.test.ts[2m > [22mWallpaperMediaServer.register[2m > [22mreturns a loopback URL with a token[32m 45[2mms[22m[39m
stderr | src/main/wallpaper-server.test.ts > WallpaperMediaServer.register > returns null for non-existent file
[wallpaper-server] file not found: C:\Users\snowb\AppData\Local\Temp\wallpaper-server-test-Pp8FBV\does-not-exist.mp4

 [32m✓[39m [30m[45m main [49m[39m src/main/cdp/snapshot-theme.test.ts[2m > [22msnapshotThemeVisuals[2m > [22mthrows when no DOM-bearing CDP target is available[33m 306[2mms[22m[39m
 [32m✓[39m [30m[45m main [49m[39m src/main/wallpaper-server.test.ts[2m > [22mWallpaperMediaServer.register[2m > [22mstarts the server lazily on first register[32m 56[2mms[22m[39m
 [32m✓[39m [30m[45m main [49m[39m src/main/wallpaper-server.test.ts[2m > [22mWallpaperMediaServer.register[2m > [22mis idempotent — second register does not start a new server[32m 15[2mms[22m[39m
 [32m✓[39m [30m[45m main [49m[39m src/main/wallpaper-server.test.ts[2m > [22mWallpaperMediaServer.register[2m > [22mreturns null for non-existent file[32m 8[2mms[22m[39m
 [32m✓[39m [30m[45m main [49m[39m src/main/wallpaper-server.test.ts[2m > [22mWallpaperMediaServer HTTP serving (full file)[2m > [22mserves the complete file with 200[32m 20[2mms[22m[39m
 [32m✓[39m [30m[45m main [49m[39m src/main/wallpaper-server.test.ts[2m > [22mWallpaperMediaServer HTTP serving (full file)[2m > [22mreturns 404 for unknown token[32m 12[2mms[22m[39m
 [32m✓[39m [30m[45m main [49m[39m src/main/wallpaper-server.test.ts[2m > [22mWallpaperMediaServer HTTP serving (full file)[2m > [22mreturns 404 for missing token parameter[32m 12[2mms[22m[39m
 [32m✓[39m [30m[45m main [49m[39m src/main/wallpaper-server.test.ts[2m > [22mWallpaperMediaServer HTTP serving (Range requests)[2m > [22mserves a partial content range with 206[32m 23[2mms[22m[39m
 [32m✓[39m [30m[45m main [49m[39m src/main/wallpaper-server.test.ts[2m > [22mWallpaperMediaServer HTTP serving (Range requests)[2m > [22mserves a range from the middle[32m 14[2mms[22m[39m
 [32m✓[39m [30m[45m main [49m[39m src/main/wallpaper-server.test.ts[2m > [22mWallpaperMediaServer HTTP serving (Range requests)[2m > [22mclamps end to file size[32m 25[2mms[22m[39m
 [32m✓[39m [30m[45m main [49m[39m src/main/wallpaper-server.test.ts[2m > [22mWallpaperMediaServer HTTP serving (Range requests)[2m > [22msupports open-ended range (bytes=N-)[32m 16[2mms[22m[39m
 [32m✓[39m [30m[45m main [49m[39m src/main/wallpaper-server.test.ts[2m > [22mWallpaperMediaServer HTTP serving (Range requests)[2m > [22mhandles bytes=-N as bytes=0-N (non-standard but safe)[32m 16[2mms[22m[39m
 [32m✓[39m [30m[45m main [49m[39m src/main/wallpaper-server.test.ts[2m > [22mWallpaperMediaServer HTTP serving (Range requests)[2m > [22mreturns 416 when start >= file size[32m 23[2mms[22m[39m
 [32m✓[39m [30m[45m main [49m[39m src/main/ipc/core-ipc.test.ts[2m > [22mcore-ipc parameter validation[2m > [22mLOCALE_SET[2m > [22mrejects unsupported locale string[32m 7[2mms[22m[39m
 [32m✓[39m [30m[45m main [49m[39m src/main/ipc/core-ipc.test.ts[2m > [22mcore-ipc parameter validation[2m > [22mLOCALE_SET[2m > [22mrejects non-string locale[32m 2[2mms[22m[39m
 [32m✓[39m [30m[45m main [49m[39m src/main/ipc/core-ipc.test.ts[2m > [22mcore-ipc parameter validation[2m > [22mLOCALE_SET[2m > [22mrejects empty string[32m 1[2mms[22m[39m
 [32m✓[39m [30m[45m main [49m[39m src/main/ipc/core-ipc.test.ts[2m > [22mcore-ipc parameter validation[2m > [22mSYSTEM_STATUS[2m > [22mresolves with core.status() payload on happy path[32m 2[2mms[22m[39m
 [32m✓[39m [30m[45m main [49m[39m src/main/wallpaper-server.test.ts[2m > [22mWallpaperMediaServer.unregister[2m > [22mremoves a registered file so subsequent fetches 404[32m 23[2mms[22m[39m
 [32m✓[39m [30m[45m main [49m[39m src/main/wallpaper-server.test.ts[2m > [22mWallpaperMediaServer.unregister[2m > [22mdoes not throw for unknown token[32m 6[2mms[22m[39m
 [32m✓[39m [30m[45m main [49m[39m src/main/wallpaper-server.test.ts[2m > [22mWallpaperMediaServer.stop[2m > [22mclears all registrations[32m 17[2mms[22m[39m
 [32m✓[39m [30m[45m main [49m[39m src/main/wallpaper-server.test.ts[2m > [22mWallpaperMediaServer.stop[2m > [22mallows re-registering after stop[32m 14[2mms[22m[39m
 [32m✓[39m [30m[45m main [49m[39m src/main/wallpaper-server.test.ts[2m > [22mWallpaperMediaServer.stop[2m > [22mis safe to call when already stopped[32m 4[2mms[22m[39m
 [32m✓[39m [30m[45m main [49m[39m src/main/wallpaper-server.test.ts[2m > [22mWallpaperMediaServer file disappearance[2m > [22mreturns 404 when file is deleted after registration[32m 9[2mms[22m[39m
 [32m✓[39m [30m[45m main [49m[39m src/main/wallpaper-server.test.ts[2m > [22mWallpaperMediaServer file disappearance[2m > [22mreturns 404 for range request when file is deleted after registration[32m 16[2mms[22m[39m
 [32m✓[39m [30m[45m main [49m[39m src/main/wallpaper-server.test.ts[2m > [22mWallpaperMediaServer.registerDirectory[2m > [22mreturns a loopback base URL ending with /d/{token}/[32m 19[2mms[22m[39m
 [32m✓[39m [30m[45m main [49m[39m src/main/cdp/snapshot-theme.test.ts[2m > [22msnapshotThemeVisuals[2m > [22mcaptures the live interface when no theme is applied (protocol path)[33m 318[2mms[22m[39m
 [32m✓[39m [30m[45m main [49m[39m src/main/wallpaper-server.test.ts[2m > [22mWallpaperMediaServer.registerDirectory[2m > [22mserves index.html from the registered root[32m 33[2mms[22m[39m
 [32m✓[39m [30m[45m main [49m[39m src/main/wallpaper-server.test.ts[2m > [22mWallpaperMediaServer.registerDirectory[2m > [22mserves nested files via relative path[32m 26[2mms[22m[39m
 [32m✓[39m [30m[45m main [49m[39m src/main/wallpaper-server.test.ts[2m > [22mWallpaperMediaServer.registerDirectory[2m > [22mderives MIME from extension[32m 23[2mms[22m[39m
 [32m✓[39m [30m[45m main [49m[39m src/main/cdp/snapshot-theme.test.ts[2m > [22msnapshotThemeVisuals[2m > [22mapplies the theme first and waits for the accent token before capturing[32m 5[2mms[22m[39m
stderr | src/main/cdp/cdp-inject.test.ts > injectThemeViaCdp > skips hero from path when file does not exist
[18:53:20] [Main] [WARN] [Inject.Hero] read local hero failed (/nonexistent/hero.webp): ENOENT

stderr | src/main/cdp/cdp-inject.test.ts > injectThemeViaCdp > returns cssInjected=false when CSS injection returns error
[18:53:20] [Main] [WARN] [Inject.CSS] adopt-owned returned non-ok: err:replaceSync failed

 [32m✓[39m [30m[45m main [49m[39m src/main/wallpaper-server.test.ts[2m > [22mWallpaperMediaServer.registerDirectory[2m > [22mfalls back to application/octet-stream for unknown extensions[32m 31[2mms[22m[39m
 [32m✓[39m [30m[45m main [49m[39m src/main/wallpaper-server.test.ts[2m > [22mWallpaperMediaServer.registerDirectory[2m > [22mreturns 404 for missing files[32m 28[2mms[22m[39m
 [32m✓[39m [30m[45m main [49m[39m src/main/wallpaper-server.test.ts[2m > [22mWallpaperMediaServer.registerDirectory[2m > [22mreturns 404 when the path targets the root directory itself[32m 28[2mms[22m[39m
 [32m✓[39m [30m[45m main [49m[39m src/main/wallpaper-server.test.ts[2m > [22mWallpaperMediaServer.registerDirectory[2m > [22mreturns 404 for a subdirectory path[32m 34[2mms[22m[39m
stderr | src/main/cdp/cdp-inject.test.ts > injectThemeViaCdp > returns cssInjected=false when CSS evaluate throws
[18:53:20] [Main] [WARN] [Inject.CSS] adopt-owned CDP evaluate failed (26B CSS): Renderer evaluation failed: evaluate crashed

 [32m✓[39m [30m[45m main [49m[39m src/main/cdp/cdp-wallpaper-inject.test.ts[2m > [22mevaluateWithRetry[2m > [22msucceeds on first attempt without retry[32m 3[2mms[22m[39m
stderr | src/main/cdp/cdp-inject.test.ts > injectThemeViaCdp > does not retry when hero was not injected
[18:53:20] [Main] [WARN] [Inject.Hero] small-hero renderer evaluate failed: err:injection failed

stderr | src/main/cdp/cdp-inject.test.ts > injectThemeViaCdp > returns success=false when CSS fails even if hero succeeds
[18:53:20] [Main] [WARN] [Inject.CSS] adopt-owned returned non-ok: err:failed

stderr | src/main/cdp/cdp-inject.test.ts > injectThemeViaCdp > returns verification=null when verify evaluate throws
[18:53:20] [Main] [WARN] [Inject.Verify] theme-verify CDP evaluate failed: Renderer evaluation failed: verify crashed

 [32m✓[39m [30m[45m main [49m[39m src/main/cdp/cdp-inject.test.ts[2m > [22minjectThemeViaCdp[2m > [22mreturns failure when Runtime.enable throws[32m 5[2mms[22m[39m
 [32m✓[39m [30m[45m main [49m[39m src/main/cdp/cdp-inject.test.ts[2m > [22minjectThemeViaCdp[2m > [22madds host class when provided[32m 2[2mms[22m[39m
 [32m✓[39m [30m[45m main [49m[39m src/main/cdp/cdp-inject.test.ts[2m > [22minjectThemeViaCdp[2m > [22mcontinues when host class evaluate fails (non-fatal)[32m 1[2mms[22m[39m
 [32m✓[39m [30m[45m main [49m[39m src/main/cdp/cdp-inject.test.ts[2m > [22minjectThemeViaCdp[2m > [22minjects hero from dataUrl successfully[32m 1[2mms[22m[39m
 [32m✓[39m [30m[45m main [49m[39m src/main/cdp/cdp-inject.test.ts[2m > [22minjectThemeViaCdp[2m > [22minjects hero from file path when heroPath is provided and file exists[32m 3[2mms[22m[39m
 [32m✓[39m [30m[45m main [49m[39m src/main/cdp/cdp-inject.test.ts[2m > [22minjectThemeViaCdp[2m > [22mskips hero injection when neither heroPath nor heroDataUrl is provided[32m 1[2mms[22m[39m
 [32m✓[39m [30m[45m main [49m[39m src/main/cdp/cdp-inject.test.ts[2m > [22minjectThemeViaCdp[2m > [22mskips hero from path when file does not exist[32m 33[2mms[22m[39m
 [32m✓[39m [30m[45m main [49m[39m src/main/cdp/cdp-inject.test.ts[2m > [22minjectThemeViaCdp[2m > [22mreturns cssInjected=true when CSS adoptedStyleSheets injection succeeds[32m 1[2mms[22m[39m
 [32m✓[39m [30m[45m main [49m[39m src/main/cdp/cdp-inject.test.ts[2m > [22minjectThemeViaCdp[2m > [22mreturns cssInjected=false when CSS injection returns error[32m 2[2mms[22m[39m
 [32m✓[39m [30m[45m main [49m[39m src/main/cdp/cdp-inject.test.ts[2m > [22minjectThemeViaCdp[2m > [22mreturns cssInjected=false when CSS evaluate throws[32m 2[2mms[22m[39m
 [32m✓[39m [30m[45m main [49m[39m src/main/cdp/cdp-inject.test.ts[2m > [22minjectThemeViaCdp[2m > [22mretries hero injection when verification shows heroBlobActive=false[32m 2[2mms[22m[39m
 [32m✓[39m [30m[45m main [49m[39m src/main/cdp/cdp-inject.test.ts[2m > [22minjectThemeViaCdp[2m > [22mdoes not retry when hero was not injected[32m 1[2mms[22m[39m
 [32m✓[39m [30m[45m main [49m[39m src/main/cdp/cdp-inject.test.ts[2m > [22minjectThemeViaCdp[2m > [22mreturns success=true on full success path with hero[32m 1[2mms[22m[39m
 [32m✓[39m [30m[45m main [49m[39m src/main/cdp/cdp-inject.test.ts[2m > [22minjectThemeViaCdp[2m > [22mreturns success=true on full success path without hero[32m 1[2mms[22m[39m
 [32m✓[39m [30m[45m main [49m[39m src/main/cdp/cdp-inject.test.ts[2m > [22minjectThemeViaCdp[2m > [22mreturns success=false when CSS fails even if hero succeeds[32m 1[2mms[22m[39m
stderr | src/main/cdp/cdp-inject.test.ts > injectThemeViaCdp > returns verification=null when verify evaluate throws
[18:53:20] [Main] [WARN] [Inject.Verify] theme-verify CDP evaluate failed: Renderer evaluation failed: verify crashed

 [32m✓[39m [30m[45m main [49m[39m src/main/wallpaper-server.test.ts[2m > [22mWallpaperMediaServer.registerDirectory path traversal[2m > [22mrejects encoded ".." traversal (%2e%2e%2f)[32m 29[2mms[22m[39m
 [32m✓[39m [30m[45m main [49m[39m src/main/cdp/snapshot-theme.test.ts[2m > [22msnapshotThemeVisuals[2m > [22mdegrades to the Runtime.evaluate fallback when DOM/CSS domains are blocked[33m 330[2mms[22m[39m
stderr | src/main/cdp/cdp-inject.test.ts > injectThemeViaCdp > returns verification=null when verify evaluate throws
[18:53:20] [Main] [WARN] [Inject.Verify] theme-verify CDP evaluate failed: Renderer evaluation failed: verify crashed

 [32m✓[39m [30m[45m main [49m[39m src/main/wallpaper-server.test.ts[2m > [22mWallpaperMediaServer.registerDirectory path traversal[2m > [22mrejects encoded absolute path (%2f leading slash)[32m 172[2mms[22m[39m
 [32m✓[39m [30m[45m main [49m[39m src/main/scene-renderer-html.test.ts[2m > [22mscene HTML — agent signal bridge (pointer/audio forwarding)[2m > [22mrenders HTML for a clear-enabled scene with no layers[32m 141[2mms[22m[39m
 [32m✓[39m [30m[45m main [49m[39m src/main/scene-renderer-html.test.ts[2m > [22mscene HTML — agent signal bridge (pointer/audio forwarding)[2m > [22mreturns null when a scene has no layers and clears are disabled[32m 20[2mms[22m[39m
 [32m✓[39m [30m[45m main [49m[39m src/main/scene-renderer-html.test.ts[2m > [22mscene HTML — agent signal bridge (pointer/audio forwarding)[2m > [22membeds the postMessage bridge that resurrects parallax in agent windows[32m 37[2mms[22m[39m
stderr | src/main/cdp/cdp-inject.test.ts > injectThemeViaCdp > returns verification=null when verify evaluate throws
[18:53:21] [Main] [WARN] [Inject.Verify] theme-verify CDP evaluate failed: Renderer evaluation failed: verify crashed

stderr | src/main/cdp/cdp-inject.test.ts > injectThemeViaCdp > returns verification=null when verify evaluate throws
[18:53:21] [Main] [WARN] [Inject.Verify] theme-verify CDP evaluate failed: Renderer evaluation failed: verify crashed

 [32m✓[39m [30m[45m main [49m[39m src/main/wallpaper-server.test.ts[2m > [22mWallpaperMediaServer.registerDirectory path traversal[2m > [22mrejects encoded backslash absolute path (%5c leading)[32m 147[2mms[22m[39m
 [32m✓[39m [30m[45m main [49m[39m src/main/scene-renderer-html.test.ts[2m > [22mscene HTML — agent signal bridge (pointer/audio forwarding)[2m > [22msmooths audio levels with an attack/decay envelope[32m 196[2mms[22m[39m
stderr | src/main/cdp/cdp-inject.test.ts > injectThemeViaCdp > returns verification=null when verify evaluate throws
[18:53:21] [Main] [WARN] [Inject.Verify] theme-verify CDP evaluate failed: Renderer evaluation failed: verify crashed

 [32m✓[39m [30m[45m main [49m[39m src/main/cdp/snapshot-theme.test.ts[2m > [22msnapshotThemeVisuals[2m > [22mskips landmarks that do not exist in the DOM[33m 385[2mms[22m[39m
 [32m✓[39m [30m[45m main [49m[39m src/main/agent-scheme.test.ts[2m > [22mapplyScheme[2m > [22mreports failure when the injected write throws[33m 1244[2mms[22m[39m
 [32m✓[39m [30m[45m main [49m[39m src/main/agent-scheme.test.ts[2m > [22mrestoreScheme[2m > [22mwrites back the captured attribute and storage, removing absent keys[32m 5[2mms[22m[39m
 [32m✓[39m [30m[45m main [49m[39m src/main/agent-scheme.test.ts[2m > [22mrestoreScheme[2m > [22mremoves the data-theme attribute when it was originally absent[32m 2[2mms[22m[39m
 [32m✓[39m [30m[45m main [49m[39m src/main/agent-scheme.test.ts[2m > [22mrestoreScheme[2m > [22mis a successful no-op for workbuddy[32m 3[2mms[22m[39m
stderr | src/main/cdp/cdp-inject.test.ts > injectThemeViaCdp > returns verification=null when verify evaluate throws
[18:53:21] [Main] [WARN] [Inject.Verify] theme-verify CDP evaluate failed: Renderer evaluation failed: verify crashed

[90mstdout[2m | src/main/agent-engine-service-reliability.test.ts
[22m[39m[agentskin:cdp-patch] fetch interceptor installed (WebSocket /json/list fallback)

[90mstdout[2m | src/main/wallpaper-primary-wins.test.ts
[22m[39m[agentskin:cdp-patch] fetch interceptor installed (WebSocket /json/list fallback)

[90mstdout[2m | src/main/agent-engine-service.test.ts
[22m[39m[agentskin:cdp-patch] fetch interceptor installed (WebSocket /json/list fallback)

[90mstdout[2m | src/main/wallpaper-injector.test.ts
[22m[39m[agentskin:cdp-patch] fetch interceptor installed (WebSocket /json/list fallback)

[90mstdout[2m | src/main/cdp/cdp-fanout.test.ts
[22m[39m[agentskin:cdp-patch] fetch interceptor installed (WebSocket /json/list fallback)

 [32m✓[39m [30m[45m main [49m[39m src/main/cdp/cdp-wallpaper-inject.test.ts[2m > [22mevaluateWithRetry[2m > [22mretries on timeout error and succeeds[33m 1012[2mms[22m[39m
stderr | src/main/cdp/cdp-inject.test.ts > injectThemeViaCdp > returns verification=null when verify evaluate throws
[18:53:21] [Main] [WARN] [Inject.Verify] theme-verify CDP evaluate failed: Renderer evaluation failed: verify crashed

 [32m✓[39m [30m[45m main [49m[39m src/main/scene-renderer-html.test.ts[2m > [22mscene HTML — animated (GIF) texture frame rendering[2m > [22mcarries animated frames into the layer JSON with frametimes preserved[33m 318[2mms[22m[39m
stderr | src/main/cdp/cdp-inject.test.ts > injectThemeViaCdp > returns verification=null when verify evaluate throws
[18:53:21] [Main] [WARN] [Inject.Verify] theme-verify CDP evaluate failed: Renderer evaluation failed: verify crashed

 [32m✓[39m [30m[45m main [49m[39m src/main/wallpaper-server.test.ts[2m > [22mWallpaperMediaServer.registerDirectory path traversal[2m > [22mdoes not serve files outside the root even with multiple .. segments[33m 786[2mms[22m[39m
 [32m✓[39m [30m[45m main [49m[39m src/main/wallpaper-server.test.ts[2m > [22mWallpaperMediaServer.registerHtml[2m > [22mserves inline HTML with default text/html MIME[32m 46[2mms[22m[39m
 [32m✓[39m [30m[45m main [49m[39m src/main/wallpaper-server.test.ts[2m > [22mWallpaperMediaServer.registerHtml[2m > [22mserves inline HTML with a custom MIME type[32m 37[2mms[22m[39m
stderr | src/main/cdp/cdp-inject.test.ts > injectThemeViaCdp > returns verification=null when verify evaluate throws
[18:53:21] [Main] [WARN] [Inject.Verify] theme-verify CDP evaluate failed: Renderer evaluation failed: verify crashed

 [32m✓[39m [30m[45m main [49m[39m src/main/wallpaper-server.test.ts[2m > [22mWallpaperMediaServer.registerHtml[2m > [22mreturns 404 for unknown token[32m 114[2mms[22m[39m
stderr | src/main/cdp/cdp-inject.test.ts > injectThemeViaCdp > returns verification=null when verify evaluate throws
[18:53:21] [Main] [WARN] [Inject.Verify] theme-verify CDP evaluate failed: Renderer evaluation failed: verify crashed

 [32m✓[39m [30m[45m main [49m[39m src/main/scene-renderer-html.test.ts[2m > [22mscene HTML — animated (GIF) texture frame rendering[2m > [22membeds the frame-advance loop and per-frame preload[33m 390[2mms[22m[39m
 [32m✓[39m [30m[45m main [49m[39m src/main/scene-renderer-html.test.ts[2m > [22mscene HTML — animated (GIF) texture frame rendering[2m > [22mrenders static textures with frames:null (no animation data)[32m 25[2mms[22m[39m
stderr | src/main/cdp/cdp-inject.test.ts > injectThemeViaCdp > returns verification=null when verify evaluate throws
[18:53:22] [Main] [WARN] [Inject.Verify] theme-verify CDP evaluate failed: Renderer evaluation failed: verify crashed

 [32m✓[39m [30m[45m main [49m[39m src/main/wallpaper-server.test.ts[2m > [22mWallpaperMediaServer.registerHtml[2m > [22munregister removes the inline HTML entry[32m 55[2mms[22m[39m
stderr | src/main/cdp/cdp-inject.test.ts > injectThemeViaCdp > returns verification=null when verify evaluate throws
[18:53:22] [Main] [WARN] [Inject.Verify] theme-verify CDP evaluate failed: Renderer evaluation failed: verify crashed

 [32m✓[39m [30m[45m main [49m[39m src/main/scene-renderer-html.test.ts[2m > [22mscene HTML — particle layers[2m > [22memits a particle config when the preset resolves from the install[32m 247[2mms[22m[39m
stderr | src/main/cdp/cdp-inject.test.ts > injectThemeViaCdp > returns verification=null when verify evaluate throws
[18:53:22] [Main] [WARN] [Inject.Verify] theme-verify CDP evaluate failed: Renderer evaluation failed: verify crashed

stderr | src/main/cdp/cdp-inject.test.ts > injectThemeViaCdp > returns verification=null when verify evaluate throws
[18:53:22] [Main] [WARN] [Inject.Verify] theme-verify CDP evaluate failed: Renderer evaluation failed: verify crashed

 [32m✓[39m [30m[45m main [49m[39m src/main/scene-renderer-html.test.ts[2m > [22mscene HTML — particle layers[2m > [22membeds the particle simulation loop (emit/integrate/draw)[32m 116[2mms[22m[39m
 [32m✓[39m [30m[45m main [49m[39m src/main/cdp/snapshot-theme.test.ts[2m > [22msnapshotThemeVisuals[2m > [22mcaptures light/dark scheme variants when requested[33m 1081[2mms[22m[39m
 [32m✓[39m [30m[45m main [49m[39m src/main/cdp/cdp-wallpaper-inject.test.ts[2m > [22mevaluateWithRetry[2m > [22mretries on WebSocket closed error and succeeds[33m 1014[2mms[22m[39m
stderr | src/main/cdp/cdp-inject.test.ts > injectThemeViaCdp > returns verification=null when verify evaluate throws
[18:53:22] [Main] [WARN] [Inject.Verify] theme-verify CDP evaluate failed: Renderer evaluation failed: verify crashed

 [32m✓[39m [30m[45m main [49m[39m src/main/cdp/cdp-wallpaper-inject.test.ts[2m > [22mevaluateWithRetry[2m > [22mdoes NOT retry on renderer exceptions (rethrows immediately)[32m 4[2mms[22m[39m
stderr | src/main/cdp/cdp-inject.test.ts > injectThemeViaCdp > returns verification=null when verify evaluate throws
[18:53:22] [Main] [WARN] [Inject.Verify] theme-verify CDP evaluate failed: Renderer evaluation failed: verify crashed

 [32m✓[39m [30m[45m main [49m[39m src/main/scene-renderer-html.test.ts[2m > [22mscene HTML — particle layers[2m > [22mkeeps particle layers off non-particle objects (particle:null)[32m 213[2mms[22m[39m
 [32m✓[39m [30m[45m main [49m[39m src/main/cdp/snapshot-theme.test.ts[2m > [22msnapshotThemeVisuals[2m > [22mdoes not crash when the DOM tree capture fails[33m 347[2mms[22m[39m
stderr | src/main/cdp/cdp-inject.test.ts > injectThemeViaCdp > returns verification=null when verify evaluate throws
[18:53:22] [Main] [WARN] [Inject.Verify] theme-verify CDP evaluate failed: Renderer evaluation failed: verify crashed

stderr | src/main/cdp/cdp-inject.test.ts > injectThemeViaCdp > returns verification=null when verify evaluate throws
[18:53:22] [Main] [WARN] [Inject.Verify] theme-verify CDP evaluate failed: Renderer evaluation failed: verify crashed

 [32m✓[39m [30m[45m main [49m[39m src/main/cdp/snapshot-theme.test.ts[2m > [22msnapshotThemeVisuals[2m > [22mpropagates apply failures with a descriptive log[32m 2[2mms[22m[39m
stderr | src/main/cdp/cdp-inject.test.ts > injectThemeViaCdp > returns verification=null when verify evaluate throws
[18:53:22] [Main] [WARN] [Inject.Verify] theme-verify CDP evaluate failed: Renderer evaluation failed: verify crashed

stderr | src/main/cdp/cdp-inject.test.ts > injectThemeViaCdp > returns verification=null when verify evaluate throws
[18:53:23] [Main] [WARN] [Inject.Verify] theme-verify CDP evaluate failed: Renderer evaluation failed: verify crashed

 [32m✓[39m [30m[45m main [49m[39m src/main/scene-renderer-html.test.ts[2m > [22mscene HTML — particle layers[2m > [22mfalls back to static when the particle preset is missing[33m 302[2mms[22m[39m
 [32m✓[39m [30m[45m main [49m[39m src/main/scene-renderer-html.test.ts[2m > [22mlayerDrawSize (texture cover-fit into the quad, aspect preserved)[2m > [22mdraws a square texture on a 16:9 quad width-driven, cropping top/bottom[32m 1[2mms[22m[39m
 [32m✓[39m [30m[45m main [49m[39m src/main/scene-renderer-html.test.ts[2m > [22mlayerDrawSize (texture cover-fit into the quad, aspect preserved)[2m > [22mdraws a 16:9 texture on a square quad height-driven, cropping left/right[32m 0[2mms[22m[39m
 [32m✓[39m [30m[45m main [49m[39m src/main/scene-renderer-html.test.ts[2m > [22mlayerDrawSize (texture cover-fit into the quad, aspect preserved)[2m > [22mdraws a matching-aspect texture exactly at the quad size (no crop)[32m 0[2mms[22m[39m
 [32m✓[39m [30m[45m main [49m[39m src/main/scene-renderer-html.test.ts[2m > [22mlayerDrawSize (texture cover-fit into the quad, aspect preserved)[2m > [22mfalls back to the quad size for degenerate inputs[32m 2[2mms[22m[39m
 [32m✓[39m [30m[45m main [49m[39m src/main/scene-renderer-html.test.ts[2m > [22msceneLayerCenter (scene → canvas coordinate mapping)[2m > [22mmaps the projection-center fullscreen layer to the viewport center[32m 1[2mms[22m[39m
 [32m✓[39m [30m[45m main [49m[39m src/main/scene-renderer-html.test.ts[2m > [22msceneLayerCenter (scene → canvas coordinate mapping)[2m > [22mscales a 4K projection down to a 1080p viewport and keeps the center[32m 0[2mms[22m[39m
 [32m✓[39m [30m[45m main [49m[39m src/main/scene-renderer-html.test.ts[2m > [22msceneLayerCenter (scene → canvas coordinate mapping)[2m > [22mmaps the projection bottom-left corner to the viewport bottom-left[32m 0[2mms[22m[39m
 [32m✓[39m [30m[45m main [49m[39m src/main/scene-renderer-html.test.ts[2m > [22msceneLayerCenter (scene → canvas coordinate mapping)[2m > [22mmaps the projection top-right corner to the viewport top-right[32m 0[2mms[22m[39m
 [32m✓[39m [30m[45m main [49m[39m src/main/scene-renderer-html.test.ts[2m > [22msceneLayerCenter (scene → canvas coordinate mapping)[2m > [22mis center-correct on a wider viewport (cover fit crops vertically)[32m 0[2mms[22m[39m
 [32m✓[39m [30m[45m main [49m[39m src/main/scene-renderer-html.test.ts[2m > [22msceneLayerCenter (scene → canvas coordinate mapping)[2m > [22mis center-correct on a taller viewport (cover fit crops horizontally)[32m 0[2mms[22m[39m
 [32m✓[39m [30m[45m main [49m[39m src/main/scene-renderer-html.test.ts[2m > [22msceneLayerCenter (scene → canvas coordinate mapping)[2m > [22mkeeps non-center layers offset from the projection center by scale[32m 0[2mms[22m[39m
stderr | src/main/cdp/cdp-inject.test.ts > injectThemeViaCdp > returns verification=null when verify evaluate throws
[18:53:23] [Main] [WARN] [Inject.Verify] theme-verify CDP evaluate failed: Renderer evaluation failed: verify crashed

stderr | src/main/cdp/cdp-inject.test.ts > injectThemeViaCdp > returns verification=null when verify evaluate throws
[18:53:23] [Main] [WARN] [Inject.Verify] theme-verify CDP evaluate failed: Renderer evaluation failed: verify crashed

stderr | src/main/cdp/cdp-inject.test.ts > injectThemeViaCdp > returns verification=null when verify evaluate throws
[18:53:23] [Main] [WARN] [Inject.Verify] theme-verify CDP evaluate failed: Renderer evaluation failed: verify crashed

stderr | src/main/cdp/cdp-inject.test.ts > injectThemeViaCdp > returns verification=null when verify evaluate throws
[18:53:23] [Main] [WARN] [Inject.Verify] theme-verify CDP evaluate failed: Renderer evaluation failed: verify crashed

stderr | src/main/cdp/cdp-inject.test.ts > injectThemeViaCdp > returns verification=null when verify evaluate throws
[18:53:23] [Main] [WARN] [Inject.Verify] theme-verify CDP evaluate failed: Renderer evaluation failed: verify crashed

stderr | src/main/cdp/cdp-inject.test.ts > injectThemeViaCdp > returns verification=null when verify evaluate throws
[18:53:23] [Main] [WARN] [Inject.Verify] theme-verify CDP evaluate failed: Renderer evaluation failed: verify crashed

 [32m✓[39m [30m[45m main [49m[39m src/main/cdp/cdp-fanout.test.ts[2m > [22minjectSecondaryTargets[2m > [22mreturns early when epoch is not current[32m 4[2mms[22m[39m
 [32m✓[39m [30m[45m main [49m[39m src/main/cdp/cdp-fanout.test.ts[2m > [22minjectSecondaryTargets[2m > [22mlogs and returns when resolveThemeTargetFor throws[32m 4[2mms[22m[39m
 [32m✓[39m [30m[45m main [49m[39m src/main/cdp/cdp-fanout.test.ts[2m > [22minjectSecondaryTargets[2m > [22mlogs and returns when no secondary targets are found[32m 1[2mms[22m[39m
 [32m✓[39m [30m[45m main [49m[39m src/main/cdp/cdp-fanout.test.ts[2m > [22minjectSecondaryTargets[2m > [22minjects CSS into all secondary targets successfully[32m 2[2mms[22m[39m
 [32m✓[39m [30m[45m main [49m[39m src/main/cdp/cdp-fanout.test.ts[2m > [22minjectSecondaryTargets[2m > [22mcounts failures when evaluate returns non-installed result[32m 1[2mms[22m[39m
stderr | src/main/cdp/cdp-inject.test.ts > injectThemeViaCdp > returns verification=null when verify evaluate throws
[18:53:23] [Main] [WARN] [Inject.Verify] theme-verify CDP evaluate failed: Renderer evaluation failed: verify crashed

 [32m✓[39m [30m[45m main [49m[39m src/main/cdp/cdp-inject.test.ts[2m > [22minjectThemeViaCdp[2m > [22mreturns verification=null when verify evaluate throws[33m 3028[2mms[22m[39m
 [32m✓[39m [30m[45m main [49m[39m src/main/cdp/cdp-inject.test.ts[2m > [22minjectThemeViaCdp[2m > [22mhandles large hero data URLs via chunked transfer[32m 3[2mms[22m[39m
 [32m✓[39m [30m[45m main [49m[39m src/main/cdp/cdp-inject.test.ts[2m > [22mremoveEngineInjection[2m > [22mcalls Page.removeScriptToEvaluateOnNewDocument when agent is provided[32m 1[2mms[22m[39m
 [32m✓[39m [30m[45m main [49m[39m src/main/cdp/cdp-inject.test.ts[2m > [22mremoveEngineInjection[2m > [22msets sessionStorage disable flag[32m 1[2mms[22m[39m
 [32m✓[39m [30m[45m main [49m[39m src/main/cdp/cdp-inject.test.ts[2m > [22mremoveEngineInjection[2m > [22mclears engine injection from the document[32m 0[2mms[22m[39m
 [32m✓[39m [30m[45m main [49m[39m src/main/cdp/cdp-inject.test.ts[2m > [22mremoveEngineInjection[2m > [22mworks without agent parameter (no persistence script removal)[32m 0[2mms[22m[39m
 [32m✓[39m [30m[45m main [49m[39m src/main/cdp/cdp-inject.test.ts[2m > [22mremoveEngineInjection[2m > [22mhandles Runtime.enable failure gracefully (best-effort)[32m 1[2mms[22m[39m
 [32m✓[39m [30m[45m main [49m[39m src/main/cdp/cdp-inject.test.ts[2m > [22mremoveEngineInjection[2m > [22mhandles evaluate failure gracefully (best-effort)[32m 1[2mms[22m[39m
 [32m✓[39m [30m[45m main [49m[39m src/main/cdp/cdp-inject.test.ts[2m > [22mremoveEngineInjection[2m > [22mhandles send failure for persistence script removal gracefully[32m 1[2mms[22m[39m
 [32m✓[39m [30m[45m main [49m[39m src/shared/withTimeout.test.ts[2m > [22mwithTimeout[2m > [22mreturns the resolved value from the inner promise[32m 2[2mms[22m[39m
 [32m✓[39m [30m[45m main [49m[39m src/shared/withTimeout.test.ts[2m > [22mwithTimeout[2m > [22mdoes not alter the resolved value type[32m 1[2mms[22m[39m
 [32m✓[39m [30m[45m main [49m[39m src/shared/withTimeout.test.ts[2m > [22mwithTimeout[2m > [22mrejects with the original error when the handler throws[32m 1[2mms[22m[39m
 [32m✓[39m [30m[45m main [49m[39m src/shared/withTimeout.test.ts[2m > [22mwithTimeout[2m > [22mpreserves the message of the original error[32m 1[2mms[22m[39m
 [32m✓[39m [30m[45m main [49m[39m src/shared/withTimeout.test.ts[2m > [22mwithTimeout[2m > [22mrejects with IpcTimeoutError when the handler does not finish in time[32m 50[2mms[22m[39m
 [32m✓[39m [30m[45m main [49m[39m src/shared/withTimeout.test.ts[2m > [22mwithTimeout[2m > [22mrejects with a plain object that carries code/channel/ms[32m 47[2mms[22m[39m
 [32m✓[39m [30m[45m main [49m[39m src/main/wallpaper/mutex.test.ts[2m > [22mwithExclusive — serialization[2m > [22msame appId: concurrent calls execute sequentially (no overlap)[32m 201[2mms[22m[39m
 [32m✓[39m [30m[45m main [49m[39m src/shared/withTimeout.test.ts[2m > [22mwithTimeout[2m > [22mdoes not resolve after timeout fires[32m 141[2mms[22m[39m
 [32m✓[39m [30m[45m main [49m[39m src/shared/withTimeout.test.ts[2m > [22mwithTimeout[2m > [22msets code to "IPC_TIMEOUT"[32m 2[2mms[22m[39m
 [32m✓[39m [30m[45m main [49m[39m src/shared/withTimeout.test.ts[2m > [22mwithTimeout[2m > [22mexposes code on the prototype for `===` checks[32m 0[2mms[22m[39m
 [32m✓[39m [30m[45m main [49m[39m src/shared/withTimeout.test.ts[2m > [22mwithTimeout[2m > [22mincludes channel and ms in the error message[32m 1[2mms[22m[39m
 [32m✓[39m [30m[45m main [49m[39m src/shared/withTimeout.test.ts[2m > [22mwithTimeout[2m > [22msets the error name for instanceof-aware logging[32m 0[2mms[22m[39m
 [32m✓[39m [30m[45m main [49m[39m src/shared/withTimeout.test.ts[2m > [22mwithTimeout[2m > [22mrejects immediately when the signal is already aborted[32m 2[2mms[22m[39m
 [32m✓[39m [30m[45m main [49m[39m src/shared/withTimeout.test.ts[2m > [22mwithTimeout[2m > [22mrejects when the signal aborts before the timeout[32m 7[2mms[22m[39m
 [32m✓[39m [30m[45m main [49m[39m src/shared/withTimeout.test.ts[2m > [22mwithTimeout[2m > [22mserialized output round-trips through isIpcTimeoutError[32m 1[2mms[22m[39m
 [32m✓[39m [30m[45m main [49m[39m src/shared/withTimeout.test.ts[2m > [22mwithTimeout[2m > [22misIpcTimeoutError returns false for non-timeout errors[32m 0[2mms[22m[39m
 [32m✓[39m [30m[45m main [49m[39m src/main/wallpaper/mutex.test.ts[2m > [22mwithExclusive — serialization[2m > [22mdifferent appIds: calls run concurrently (no global lock)[32m 94[2mms[22m[39m
 [32m✓[39m [30m[45m main [49m[39m src/main/wallpaper-injector.test.ts[2m > [22minjectWithFallback[2m > [22mreturns ok and records wallpaper on success (via valid media + targets)[32m 5[2mms[22m[39m
 [32m✓[39m [30m[45m main [49m[39m src/shared/withTimeout.test.ts[2m > [22mwithTimeout[2m > [22mdoes not time out when ms is 0 (slow promise completes)[32m 155[2mms[22m[39m
 [32m✓[39m [30m[45m main [49m[39m src/shared/withTimeout.test.ts[2m > [22mwithTimeout[2m > [22mfires the timeout close to the specified delay (±100 ms)[32m 85[2mms[22m[39m
 [32m✓[39m [30m[45m main [49m[39m src/main/wallpaper/mutex.test.ts[2m > [22mwithExclusive — serialization[2m > [22merror in fn for same appId does NOT deadlock subsequent call[32m 77[2mms[22m[39m
 [32m✓[39m [30m[45m main [49m[39m src/main/wallpaper/mutex.test.ts[2m > [22mwithExclusive — serialization[2m > [22magentLocks Map is cleaned up after all calls settle for an appId[32m 61[2mms[22m[39m
 [32m✓[39m [30m[45m main [49m[39m src/main/wallpaper/mutex.test.ts[2m > [22mwithExclusive — serialization[2m > [22msequential withExclusive calls return correct values[32m 33[2mms[22m[39m
 [32m✓[39m [30m[45m main [49m[39m src/shared/withTimeout.test.ts[2m > [22mwithTimeout[2m > [22mcleans up timers after settle (no handle leaks)[32m 72[2mms[22m[39m
 [32m✓[39m [30m[45m main [49m[39m src/shared/withTimeout.test.ts[2m > [22mwithTimeout[2m > [22mhandles 3 concurrent calls with different timeouts via allSettled[32m 63[2mms[22m[39m
 [32m✓[39m [30m[45m main [49m[39m src/main/wallpaper/mutex.test.ts[2m > [22mwithExclusive — serialization[2m > [22mcross-appId serialization is independent — one slow call does not block another appId[32m 142[2mms[22m[39m
 [32m✓[39m [30m[45m main [49m[39m src/main/cdp/cdp-wallpaper-inject.test.ts[2m > [22mevaluateWithRetry[2m > [22mthrows after exhausting all retries on persistent timeout[33m 2025[2mms[22m[39m
stderr | src/main/settings-service.test.ts > SettingsService.initialize > resets to defaults when file is corrupt JSON
[settings] C:\Users\snowb\AppData\Local\Temp\settings-test-Q3VfsK\settings.json exists but could not be parsed — resetting to defaults: SyntaxError: Expected property name or '}' in JSON at position 2 (line 1 column 3)
    at JSON.parse (<anonymous>)
    at SettingsService.initialize (C:/Users/snowb/Desktop/work/desktop-main/src/main/settings-service.ts:209:27)
    at makeService (C:/Users/snowb/Desktop/work/desktop-main/src/main/settings-service.test.ts:25:3)
    at C:/Users/snowb/Desktop/work/desktop-main/src/main/settings-service.test.ts:94:17
    at file:///C:/Users/snowb/Desktop/work/desktop-main/node_modules/@vitest/runner/dist/chunk-artifact.js:1903:20

 [32m✓[39m [30m[45m main [49m[39m src/main/settings-service.test.ts[2m > [22mSettingsService.initialize[2m > [22mstarts with empty defaults when file does not exist (fresh install)[32m 13[2mms[22m[39m
 [32m✓[39m [30m[45m main [49m[39m src/main/settings-service.test.ts[2m > [22mSettingsService.initialize[2m > [22mloads a valid v2 settings file[32m 8[2mms[22m[39m
 [32m✓[39m [30m[45m main [49m[39m src/main/settings-service.test.ts[2m > [22mSettingsService.initialize[2m > [22mmigrates v1 to v2 by dropping port overrides but keeping appPath[32m 48[2mms[22m[39m
 [32m✓[39m [30m[45m main [49m[39m src/main/settings-service.test.ts[2m > [22mSettingsService.initialize[2m > [22mresets to defaults when file is corrupt JSON[32m 14[2mms[22m[39m
 [32m✓[39m [30m[45m main [49m[39m src/main/settings-service.test.ts[2m > [22mSettingsService.initialize[2m > [22mresets to defaults when file has no apps field[32m 5[2mms[22m[39m
 [32m✓[39m [30m[45m main [49m[39m src/main/settings-service.test.ts[2m > [22mSettingsService.initialize[2m > [22mignores unknown version numbers (falls through to defaults)[32m 5[2mms[22m[39m
 [32m✓[39m [30m[45m main [49m[39m src/main/settings-service.test.ts[2m > [22mSettingsService.overridesFor[2m > [22mreturns null for agents with no entry[32m 6[2mms[22m[39m
stderr | src/main/settings-service.test.ts > SettingsService.overridesFor > filters out invalid ports from persisted state
[settings] C:\Users\snowb\AppData\Local\Temp\settings-test-j46NVc\settings.json version=2 but apps structure invalid — resetting apps

stderr | src/main/catalog/theme-package-loader.test.ts > ThemePackageLoader > load > loads a valid theme package
[18:53:24] [Main] [WARN] [ThemePackageLoader] theme "cyber-neon" declares deprecated assets.background; use manifest.hero instead (embedded and exposed as --agentskin-art)

 [32m✓[39m [30m[45m main [49m[39m src/main/settings-service.test.ts[2m > [22mSettingsService.overridesFor[2m > [22mreturns stored appPath and port[32m 5[2mms[22m[39m
 [32m✓[39m [30m[45m main [49m[39m src/main/settings-service.test.ts[2m > [22mSettingsService.overridesFor[2m > [22mfilters out invalid ports from persisted state[32m 5[2mms[22m[39m
 [32m✓[39m [30m[45m main [49m[39m src/main/settings-service.test.ts[2m > [22mSettingsService.overridesFor[2m > [22mfilters out empty-string appPath[32m 5[2mms[22m[39m
 [32m✓[39m [30m[45m main [49m[39m src/main/settings-service.test.ts[2m > [22mSettingsService.wallpaper[2m > [22mreturns disabled defaults when no wallpaper set[32m 3[2mms[22m[39m
 [32m✓[39m [30m[45m main [49m[39m src/main/settings-service.test.ts[2m > [22mSettingsService.wallpaper[2m > [22mreturns global wallpaper settings[32m 5[2mms[22m[39m
 [32m✓[39m [30m[45m main [49m[39m src/main/settings-service.test.ts[2m > [22mSettingsService.wallpaper[2m > [22mnormalizes per-agent wallpaper settings[32m 4[2mms[22m[39m
 [32m✓[39m [30m[45m main [49m[39m src/main/settings-service.test.ts[2m > [22mSettingsService.wallpaper[2m > [22magentWallpaper returns defaults for unset agents[32m 2[2mms[22m[39m
 [32m✓[39m [30m[45m main [49m[39m src/main/settings-service.test.ts[2m > [22mSettingsService.wallpaper[2m > [22magentWallpaper returns per-agent setting[32m 5[2mms[22m[39m
 [32m✓[39m [30m[45m main [49m[39m src/main/settings-service.test.ts[2m > [22mSettingsService.toDto[2m > [22mincludes all agents with default ports[32m 3[2mms[22m[39m
 [32m✓[39m [30m[45m main [49m[39m src/main/settings-service.test.ts[2m > [22mSettingsService.toDto[2m > [22mmerges overrides with default ports[32m 6[2mms[22m[39m
 [32m✓[39m [30m[45m main [49m[39m src/main/settings-service.test.ts[2m > [22mSettingsService.setAppPath[2m > [22mpersists a new appPath[32m 6[2mms[22m[39m
 [32m✓[39m [30m[45m main [49m[39m src/main/settings-service.test.ts[2m > [22mSettingsService.setAppPath[2m > [22mclears appPath with null[32m 10[2mms[22m[39m
 [32m✓[39m [30m[45m main [49m[39m src/main/settings-service.test.ts[2m > [22mSettingsService.setAppPath[2m > [22msurvives re-read from disk[32m 7[2mms[22m[39m
 [32m✓[39m [30m[45m main [49m[39m src/main/settings-service.test.ts[2m > [22mSettingsService.setAppPort[2m > [22mpersists a valid port[32m 6[2mms[22m[39m
 [32m✓[39m [30m[45m main [49m[39m src/main/settings-service.test.ts[2m > [22mSettingsService.setAppPort[2m > [22mclears port with null[32m 6[2mms[22m[39m
 [32m✓[39m [30m[45m main [49m[39m src/main/settings-service.test.ts[2m > [22mSettingsService.setAppPort[2m > [22mthrows for port below 1024[32m 4[2mms[22m[39m
 [32m✓[39m [30m[45m main [49m[39m src/main/settings-service.test.ts[2m > [22mSettingsService.setAppPort[2m > [22mthrows for port above 65535[32m 3[2mms[22m[39m
 [32m✓[39m [30m[45m main [49m[39m src/main/settings-service.test.ts[2m > [22mSettingsService.setAppPort[2m > [22mthrows for non-integer port[32m 2[2mms[22m[39m
 [32m✓[39m [30m[45m main [49m[39m src/main/settings-service.test.ts[2m > [22mSettingsService.setWallpaper[2m > [22mpersists global wallpaper settings[32m 6[2mms[22m[39m
 [32m✓[39m [30m[45m main [49m[39m src/main/catalog/theme-package-loader.test.ts[2m > [22mThemePackageLoader[2m > [22mload[2m > [22mloads a valid theme package[32m 64[2mms[22m[39m
 [32m✓[39m [30m[45m main [49m[39m src/main/catalog/theme-package-loader.test.ts[2m > [22mThemePackageLoader[2m > [22mload[2m > [22mrejects missing manifest.json[32m 9[2mms[22m[39m
 [32m✓[39m [30m[45m main [49m[39m src/main/catalog/theme-package-loader.test.ts[2m > [22mThemePackageLoader[2m > [22mload[2m > [22mrejects invalid JSON in manifest[32m 9[2mms[22m[39m
 [32m✓[39m [30m[45m main [49m[39m src/main/catalog/theme-package-loader.test.ts[2m > [22mThemePackageLoader[2m > [22mload[2m > [22mrejects manifest id mismatch[32m 14[2mms[22m[39m
 [32m✓[39m [30m[45m main [49m[39m src/main/agent-engine-service.test.ts[2m > [22mAgentEngineService (orchestration)[2m > [22minitialize[2m > [22mloads valid persisted state (theme id, scheme id, port)[32m 34[2mms[22m[39m
 [32m✓[39m [30m[45m main [49m[39m src/main/agent-engine-service.test.ts[2m > [22mAgentEngineService (orchestration)[2m > [22minitialize[2m > [22mfalls back to defaults on corrupt state file[32m 13[2mms[22m[39m
 [32m✓[39m [30m[45m main [49m[39m src/main/agent-engine-service.test.ts[2m > [22mAgentEngineService (orchestration)[2m > [22minitialize[2m > [22mfalls back to defaults when state file does not exist[32m 3[2mms[22m[39m
 [32m✓[39m [30m[45m main [49m[39m src/main/agent-engine-service.test.ts[2m > [22mAgentEngineService (orchestration)[2m > [22minitialize[2m > [22mrejects state with wrong schema version[32m 7[2mms[22m[39m
 [32m✓[39m [30m[45m main [49m[39m src/main/agent-engine-service.test.ts[2m > [22mAgentEngineService (orchestration)[2m > [22minitialize[2m > [22mrejects state entries with unknown agent ids[32m 15[2mms[22m[39m
 [32m✓[39m [30m[45m main [49m[39m src/main/agent-engine-service.test.ts[2m > [22mAgentEngineService (orchestration)[2m > [22mportFor[2m > [22mprefers the user settings port override over persisted state[32m 5[2mms[22m[39m
 [32m✓[39m [30m[45m main [49m[39m src/main/agent-engine-service.test.ts[2m > [22mAgentEngineService (orchestration)[2m > [22mstatus cache[2m > [22mprobes every agent once and serves repeat calls from cache[32m 5[2mms[22m[39m
 [32m✓[39m [30m[45m main [49m[39m src/main/agent-engine-service.test.ts[2m > [22mAgentEngineService (orchestration)[2m > [22mstatus cache[2m > [22mre-probes after the cache TTL expires[32m 5[2mms[22m[39m
 [32m✓[39m [30m[45m main [49m[39m src/main/agent-engine-service.test.ts[2m > [22mAgentEngineService (orchestration)[2m > [22mstatus cache[2m > [22minvalidates the cache when apply runs[32m 4[2mms[22m[39m
 [32m✓[39m [30m[45m main [49m[39m src/main/agent-engine-service.test.ts[2m > [22mAgentEngineService (orchestration)[2m > [22mapply/restore concurrency[2m > [22mdeduplicates same-kind applies onto one in-flight flow[32m 3[2mms[22m[39m
 [32m✓[39m [30m[45m main [49m[39m src/main/agent-engine-service.test.ts[2m > [22mAgentEngineService (orchestration)[2m > [22mapply/restore concurrency[2m > [22mpropagates a shared rejection to all deduplicated callers[32m 5[2mms[22m[39m
 [32m✓[39m [30m[45m main [49m[39m src/main/settings-service.test.ts[2m > [22mSettingsService.setWallpaper[2m > [22mnormalizes enabled to boolean[32m 89[2mms[22m[39m
 [32m✓[39m [30m[45m main [49m[39m src/main/agent-engine-service-reliability.test.ts[2m > [22mAgentEngineService Reliability Verification[2m > [22mEpoch manager correctness[2m > [22mbumps epoch monotonically per agent[32m 24[2mms[22m[39m
 [32m✓[39m [30m[45m main [49m[39m src/main/agent-engine-service-reliability.test.ts[2m > [22mAgentEngineService Reliability Verification[2m > [22mEpoch manager correctness[2m > [22misolates epochs across different agents[32m 2[2mms[22m[39m
 [32m✓[39m [30m[45m main [49m[39m src/main/agent-engine-service-reliability.test.ts[2m > [22mAgentEngineService Reliability Verification[2m > [22mEpoch manager correctness[2m > [22mmarks stale epochs as non-current after newer bump[32m 3[2mms[22m[39m
 [32m✓[39m [30m[45m main [49m[39m src/main/agent-engine-service-reliability.test.ts[2m > [22mAgentEngineService Reliability Verification[2m > [22mEpoch manager correctness[2m > [22mhandles implicit epoch 0 for unbumped agents[32m 5[2mms[22m[39m
 [32m✓[39m [30m[45m main [49m[39m src/main/agent-engine-service-reliability.test.ts[2m > [22mAgentEngineService Reliability Verification[2m > [22mEpoch manager correctness[2m > [22msurvives 1000+ bumps without integer wrapping[32m 5[2mms[22m[39m
 [32m✓[39m [30m[45m main [49m[39m src/main/agent-engine-service-reliability.test.ts[2m > [22mAgentEngineService Reliability Verification[2m > [22mConcurrency final consistency[2m > [22mdeduplicates same-kind concurrent applies into one execution[32m 4[2mms[22m[39m
 [32m✓[39m [30m[45m main [49m[39m src/main/agent-engine-service-reliability.test.ts[2m > [22mAgentEngineService Reliability Verification[2m > [22mConcurrency final consistency[2m > [22mqueues restore behind in-flight apply with deterministic ordering[32m 6[2mms[22m[39m
 [32m✓[39m [30m[45m main [49m[39m src/main/agent-engine-service-reliability.test.ts[2m > [22mAgentEngineService Reliability Verification[2m > [22mConcurrency final consistency[2m > [22mqueues apply behind in-flight restore with deterministic ordering[32m 3[2mms[22m[39m
 [32m✓[39m [30m[45m main [49m[39m src/main/agent-engine-service-reliability.test.ts[2m > [22mAgentEngineService Reliability Verification[2m > [22mConcurrency final consistency[2m > [22mcleans up inflight operations map after completion[32m 5[2mms[22m[39m
 [32m✓[39m [30m[45m main [49m[39m src/main/agent-engine-service-reliability.test.ts[2m > [22mAgentEngineService Reliability Verification[2m > [22mConcurrency final consistency[2m > [22mmaintains state consistency during interrupted restore[32m 14[2mms[22m[39m
 [32m✓[39m [30m[45m main [49m[39m src/main/agent-engine-service-reliability.test.ts[2m > [22mAgentEngineService Reliability Verification[2m > [22mPersistence state resilience[2m > [22mrecovers from corrupted JSON state file[32m 7[2mms[22m[39m
 [32m✓[39m [30m[45m main [49m[39m src/main/agent-engine-service-reliability.test.ts[2m > [22mAgentEngineService Reliability Verification[2m > [22mPersistence state resilience[2m > [22mhandles state with invalid port type gracefully[32m 13[2mms[22m[39m
 [32m✓[39m [30m[45m main [49m[39m src/main/agent-engine-service-reliability.test.ts[2m > [22mAgentEngineService Reliability Verification[2m > [22mPersistence state resilience[2m > [22mpreserves valid state across multiple service initialization cycles[32m 7[2mms[22m[39m
[90mstdout[2m | src/main/agent-engine-service-reliability.test.ts[2m > [22m[2mAgentEngineService Reliability Verification[2m > [22m[2mError handling and recovery paths[2m > [22m[2mgracefully handles service disposal during in-flight operation
[22m[39m[agentskin:cdp-patch] fetch interceptor uninstalled

 [32m✓[39m [30m[45m main [49m[39m src/main/agent-engine-service.test.ts[2m > [22mAgentEngineService (orchestration)[2m > [22mapply/restore concurrency[2m > [22mqueues restore behind an in-flight apply and keeps ordering deterministic[32m 7[2mms[22m[39m
 [32m✓[39m [30m[45m main [49m[39m src/main/agent-engine-service.test.ts[2m > [22mAgentEngineService (orchestration)[2m > [22mapply/restore concurrency[2m > [22mqueues apply behind an in-flight restore[32m 3[2mms[22m[39m
 [32m✓[39m [30m[45m main [49m[39m src/main/agent-engine-service.test.ts[2m > [22mAgentEngineService (orchestration)[2m > [22mapply/restore concurrency[2m > [22mdeduplicates same-kind restores[32m 3[2mms[22m[39m
 [32m✓[39m [30m[45m main [49m[39m src/main/agent-engine-service.test.ts[2m > [22mAgentEngineService (orchestration)[2m > [22mreconcileActiveThemes[2m > [22mdrops references to removed themes and persists[32m 5[2mms[22m[39m
 [32m✓[39m [30m[45m main [49m[39m src/main/agent-engine-service.test.ts[2m > [22mAgentEngineService (orchestration)[2m > [22mreconcileActiveThemes[2m > [22mfalls back to the default scheme when only the scheme variant was removed[32m 6[2mms[22m[39m
 [32m✓[39m [30m[45m main [49m[39m src/main/agent-engine-service.test.ts[2m > [22mAgentEngineService (orchestration)[2m > [22mreconcileActiveThemes[2m > [22mkeeps state and skips persist when everything still resolves[32m 5[2mms[22m[39m
 [32m✓[39m [30m[45m main [49m[39m src/main/agent-engine-service.test.ts[2m > [22mAgentEngineService (orchestration)[2m > [22mreconcileActiveThemes[2m > [22mswallows persist failures instead of throwing[32m 5[2mms[22m[39m
 [32m✓[39m [30m[45m main [49m[39m src/main/agent-engine-service.test.ts[2m > [22mAgentEngineService (orchestration)[2m > [22mrestoreAll[2m > [22mrestores themed agents and clears wallpaper-only agents[32m 10[2mms[22m[39m
 [32m✓[39m [30m[45m main [49m[39m src/main/agent-engine-service.test.ts[2m > [22mAgentEngineService (orchestration)[2m > [22mrestoreAll[2m > [22mdoes nothing when no agent has a theme or wallpaper preference[32m 3[2mms[22m[39m
 [32m✓[39m [30m[45m main [49m[39m src/main/agent-engine-service.test.ts[2m > [22mAgentEngineService (orchestration)[2m > [22mrestoreAll[2m > [22msurvives a failing per-agent restore[32m 7[2mms[22m[39m
 [32m✓[39m [30m[45m main [49m[39m src/main/agent-engine-service.test.ts[2m > [22mAgentEngineService (orchestration)[2m > [22mdispose[2m > [22mreleases sub-module state and clears orchestration maps[32m 4[2mms[22m[39m
 [32m✓[39m [30m[45m main [49m[39m src/main/catalog/theme-package-loader.test.ts[2m > [22mThemePackageLoader[2m > [22mload[2m > [22mrejects missing icon file[32m 119[2mms[22m[39m
[90mstdout[2m | src/main/catalog/theme-seeder.test.ts
[22m[39m[agentskin:cdp-patch] fetch interceptor installed (WebSocket /json/list fallback)

 [32m✓[39m [30m[45m main [49m[39m src/main/settings-service.test.ts[2m > [22mSettingsService.setWallpaper[2m > [22mnormalizes empty id to null[32m 107[2mms[22m[39m
 [32m✓[39m [30m[45m main [49m[39m src/main/settings-service.test.ts[2m > [22mSettingsService.setWallpaper[2m > [22mpreserves existing per-agent settings when updating global[32m 89[2mms[22m[39m
stderr | src/main/agent-engine-service-reliability.test.ts > AgentEngineService Reliability Verification > Disposed three-layer guard (Batch B) > injectWithFallback skips self-heal trigger when disposed even after 3 consecutive failures
[wallpaper-self-heal] traework: 3 consecutive failures — invoking self-heal callback

 [32m✓[39m [30m[45m main [49m[39m src/main/agent-engine-service-reliability.test.ts[2m > [22mAgentEngineService Reliability Verification[2m > [22mPersistence state resilience[2m > [22mhandles empty apps object in persisted state[32m 6[2mms[22m[39m
 [32m✓[39m [30m[45m main [49m[39m src/main/agent-engine-service-reliability.test.ts[2m > [22mAgentEngineService Reliability Verification[2m > [22mError handling and recovery paths[2m > [22mrecovers from partial apply failure and remains operational[32m 16[2mms[22m[39m
 [32m✓[39m [30m[45m main [49m[39m src/main/agent-engine-service-reliability.test.ts[2m > [22mAgentEngineService Reliability Verification[2m > [22mError handling and recovery paths[2m > [22mhandles restore when no theme was previously applied[32m 3[2mms[22m[39m
 [32m✓[39m [30m[45m main [49m[39m src/main/agent-engine-service-reliability.test.ts[2m > [22mAgentEngineService Reliability Verification[2m > [22mError handling and recovery paths[2m > [22mgracefully handles service disposal during in-flight operation[32m 3[2mms[22m[39m
 [32m✓[39m [30m[45m main [49m[39m src/main/agent-engine-service-reliability.test.ts[2m > [22mAgentEngineService Reliability Verification[2m > [22mStructured logging integration[2m > [22mprovides logger API with log and logStructured methods[32m 3[2mms[22m[39m
 [32m✓[39m [30m[45m main [49m[39m src/main/agent-engine-service-reliability.test.ts[2m > [22mAgentEngineService Reliability Verification[2m > [22mStructured logging integration[2m > [22maccepts log listener for structured event capture[32m 3[2mms[22m[39m
 [32m✓[39m [30m[45m main [49m[39m src/main/agent-engine-service-reliability.test.ts[2m > [22mAgentEngineService Reliability Verification[2m > [22mStructured logging integration[2m > [22mincludes timestamp structure in logger events[32m 3[2mms[22m[39m
 [32m✓[39m [30m[45m main [49m[39m src/main/agent-engine-service-reliability.test.ts[2m > [22mAgentEngineService Reliability Verification[2m > [22mWallpaper service integration[2m > [22maccepts wallpaper service resolver before initialize[32m 3[2mms[22m[39m
 [32m✓[39m [30m[45m main [49m[39m src/main/agent-engine-service-reliability.test.ts[2m > [22mAgentEngineService Reliability Verification[2m > [22mWallpaper service integration[2m > [22mdelegates applyAgentWallpaperNow to wallpaper injector[32m 3[2mms[22m[39m
 [32m✓[39m [30m[45m main [49m[39m src/main/agent-engine-service-reliability.test.ts[2m > [22mAgentEngineService Reliability Verification[2m > [22mWallpaper service integration[2m > [22mdelegates removeWallpaperFromAgent to wallpaper injector[32m 2[2mms[22m[39m
 [32m✓[39m [30m[45m main [49m[39m src/main/agent-engine-service-reliability.test.ts[2m > [22mAgentEngineService Reliability Verification[2m > [22mWallpaper service integration[2m > [22mdelegates applyWallpaperToAgent with specific ID[32m 5[2mms[22m[39m
 [32m✓[39m [30m[45m main [49m[39m src/main/agent-engine-service-reliability.test.ts[2m > [22mAgentEngineService Reliability Verification[2m > [22mHealth score preparation (P0-2 future work)[2m > [22mallows service to track operations without error[32m 3[2mms[22m[39m
 [32m✓[39m [30m[45m main [49m[39m src/main/agent-engine-service-reliability.test.ts[2m > [22mAgentEngineService Reliability Verification[2m > [22mHealth score preparation (P0-2 future work)[2m > [22mmaintains operational state after failed operations[32m 3[2mms[22m[39m
 [32m✓[39m [30m[45m main [49m[39m src/main/agent-engine-service-reliability.test.ts[2m > [22mAgentEngineService Reliability Verification[2m > [22mHealth score preparation (P0-2 future work)[2m > [22mprovides extensibility point for health metrics[32m 3[2mms[22m[39m
 [32m✓[39m [30m[45m main [49m[39m src/main/agent-engine-service-reliability.test.ts[2m > [22mAgentEngineService Reliability Verification[2m > [22mDisposed three-layer guard (Batch B)[2m > [22minjectAgentWallpaper returns { ok: false, detail: disposed } immediately when disposed[32m 24[2mms[22m[39m
 [32m✓[39m [30m[45m main [49m[39m src/main/agent-engine-service-reliability.test.ts[2m > [22mAgentEngineService Reliability Verification[2m > [22mDisposed three-layer guard (Batch B)[2m > [22minjectWithFallback skips self-heal trigger when disposed even after 3 consecutive failures[32m 20[2mms[22m[39m
 [32m✓[39m [30m[45m main [49m[39m src/main/agent-engine-service-reliability.test.ts[2m > [22mAgentEngineService Reliability Verification[2m > [22mDisposed three-layer guard (Batch B)[2m > [22mdoes not crash when dispose interrupts in-flight background cleanup[32m 15[2mms[22m[39m
 [32m✓[39m [30m[45m main [49m[39m src/main/agent-engine-service.test.ts[2m > [22mAgentEngineService (orchestration)[2m > [22mcleanup 双 Promise 架构[2m > [22mapply 返回后 inflightOperations 条目仍存在，等待 background settle 后才清除[32m 54[2mms[22m[39m
 [32m✓[39m [30m[45m main [49m[39m src/main/agent-engine-service.test.ts[2m > [22mAgentEngineService (orchestration)[2m > [22mcleanup 双 Promise 架构[2m > [22mbackground 异常抛出后 cleanup 仍 resolve (.catch + .finally 保证)[32m 65[2mms[22m[39m
 [32m✓[39m [30m[45m main [49m[39m src/main/catalog/theme-package-loader.test.ts[2m > [22mThemePackageLoader[2m > [22mload[2m > [22mrejects missing preview file[32m 118[2mms[22m[39m
stderr | src/main/catalog/theme-package-loader.test.ts > ThemePackageLoader > load > tolerates missing optional asset background
[18:53:25] [Main] [WARN] [ThemePackageLoader] theme "no-bg-asset" declares deprecated assets.background; use manifest.hero instead (embedded and exposed as --agentskin-art)

 [32m✓[39m [30m[45m main [49m[39m src/main/agent-engine-service.test.ts[2m > [22mAgentEngineService (orchestration)[2m > [22mcleanup 双 Promise 架构[2m > [22msame-kind 去重仍共享 promise 而非 cleanup[32m 52[2mms[22m[39m
 [32m✓[39m [30m[45m main [49m[39m src/main/settings-service.test.ts[2m > [22mSettingsService.setAgentWallpaper[2m > [22mpersists per-agent wallpaper setting[32m 15[2mms[22m[39m
 [32m✓[39m [30m[45m main [49m[39m src/main/settings-service.test.ts[2m > [22mSettingsService.setAgentWallpaper[2m > [22mcreates wallpaper object if it does not exist[32m 26[2mms[22m[39m
 [32m✓[39m [30m[45m main [49m[39m src/main/settings-service.test.ts[2m > [22mSettingsService.setAgentWallpaper[2m > [22mnormalizes empty id to null[32m 39[2mms[22m[39m
stderr | src/main/catalog/theme-package-loader.test.ts > ThemePackageLoader > load > rejects asset path escaping package root
[18:53:25] [Main] [WARN] [ThemePackageLoader] theme "escape" declares deprecated assets.background; use manifest.hero instead (embedded and exposed as --agentskin-art)

 [32m✓[39m [30m[45m main [49m[39m src/main/catalog/theme-package-loader.test.ts[2m > [22mThemePackageLoader[2m > [22mload[2m > [22mrejects invalid mode[32m 79[2mms[22m[39m
 [32m✓[39m [30m[45m main [49m[39m src/main/catalog/theme-package-loader.test.ts[2m > [22mThemePackageLoader[2m > [22mload[2m > [22mtolerates missing optional asset background[32m 55[2mms[22m[39m
 [32m✓[39m [30m[45m main [49m[39m src/main/catalog/theme-package-loader.test.ts[2m > [22mThemePackageLoader[2m > [22mload[2m > [22mrejects asset path escaping package root[32m 44[2mms[22m[39m
 [32m✓[39m [30m[45m main [49m[39m src/main/settings-service.test.ts[2m > [22mSettingsService.setAgentWallpaper[2m > [22mdoes not affect other agents[32m 36[2mms[22m[39m
 [32m✓[39m [30m[45m main [49m[39m src/main/settings-service.test.ts[2m > [22mSettingsService.setAgentWallpaper[2m > [22msurvives re-read from disk[32m 43[2mms[22m[39m
 [32m✓[39m [30m[45m main [49m[39m src/main/settings-service.test.ts[2m > [22mnormalizeRenderOptions[2m > [22mreturns undefined for null/undefined/non-object input[32m 14[2mms[22m[39m
 [32m✓[39m [30m[45m main [49m[39m src/main/settings-service.test.ts[2m > [22mnormalizeRenderOptions[2m > [22mreturns undefined when every field is missing (empty object)[32m 8[2mms[22m[39m
 [32m✓[39m [30m[45m main [49m[39m src/main/settings-service.test.ts[2m > [22mnormalizeRenderOptions[2m > [22mclamps numeric fields into their allowed ranges[32m 42[2mms[22m[39m
 [32m✓[39m [30m[45m main [49m[39m src/main/settings-service.test.ts[2m > [22mnormalizeRenderOptions[2m > [22mdrops non-finite / non-number values[32m 2[2mms[22m[39m
 [32m✓[39m [30m[45m main [49m[39m src/main/settings-service.test.ts[2m > [22mnormalizeRenderOptions[2m > [22mkeeps only whitelisted alignments[32m 2[2mms[22m[39m
 [32m✓[39m [30m[45m main [49m[39m src/main/settings-service.test.ts[2m > [22mnormalizeRenderOptions[2m > [22maccepts valid hex tints and rejects malformed ones[32m 2[2mms[22m[39m
 [32m✓[39m [30m[45m main [49m[39m src/main/settings-service.test.ts[2m > [22mnormalizeRenderOptions[2m > [22mkeeps valid booleans and drops others[32m 2[2mms[22m[39m
 [32m✓[39m [30m[45m main [49m[39m src/main/settings-service.test.ts[2m > [22mnormalizeRenderOptions[2m > [22mround-trips a fully-specified render options object[32m 2[2mms[22m[39m
 [32m✓[39m [30m[45m main [49m[39m src/main/catalog/theme-package-loader.test.ts[2m > [22mThemePackageLoader[2m > [22mload[2m > [22mrejects invalid theme id format[32m 12[2mms[22m[39m
 [32m✓[39m [30m[45m main [49m[39m src/main/catalog/theme-package-loader.test.ts[2m > [22mThemePackageLoader[2m > [22mload[2m > [22mrejects a typo target key (SPEC-3 cross-field)[32m 86[2mms[22m[39m
stderr | src/main/catalog/theme-package-loader.test.ts > ThemePackageLoader > scan > discovers all valid packages in the themes directory
[18:53:25] [Main] [WARN] [ThemePackageLoader] skipped invalid theme "broken-theme": Theme package "broken-theme" validation failed: manifest.json not found

stderr | src/main/catalog/theme-package-loader.test.ts > ThemePackageLoader > scan > discovers all valid packages in the themes directory
[18:53:25] [Main] [WARN] [ThemePackageLoader] theme "theme-a" declares deprecated assets.background; use manifest.hero instead (embedded and exposed as --agentskin-art)

stderr | src/main/catalog/theme-package-loader.test.ts > ThemePackageLoader > scan > discovers all valid packages in the themes directory
[18:53:25] [Main] [WARN] [ThemePackageLoader] theme "theme-b" declares deprecated assets.background; use manifest.hero instead (embedded and exposed as --agentskin-art)

 [32m✓[39m [30m[45m main [49m[39m src/main/catalog/theme-seeder.test.ts[2m > [22mseedBuiltInThemes — removed themes must never be reseeded[2m > [22monly installs shipped themes, skipping every REMOVED_BUILTIN_THEME_IDS package[32m 162[2mms[22m[39m
 [32m✓[39m [30m[45m main [49m[39m src/main/catalog/theme-seeder.test.ts[2m > [22mseedBuiltInThemes — removed themes must never be reseeded[2m > [22mpruneRemovedBuiltInThemes deletes lingering removed themes from the library[32m 14[2mms[22m[39m
 [32m✓[39m [30m[45m main [49m[39m src/main/cdp/cdp-fanout.test.ts[2m > [22minjectSecondaryTargets[2m > [22mcounts failures when connectCdp throws[33m 2002[2mms[22m[39m
 [32m✓[39m [30m[45m main [49m[39m src/main/cdp/cdp-fanout.test.ts[2m > [22minjectSecondaryTargets[2m > [22maborts mid-loop when epoch changes between targets[32m 2[2mms[22m[39m
 [32m✓[39m [30m[45m main [49m[39m src/main/cdp/cdp-fanout.test.ts[2m > [22mremoveSecondaryTargets[2m > [22mreturns early when epoch is not current[32m 1[2mms[22m[39m
 [32m✓[39m [30m[45m main [49m[39m src/main/cdp/cdp-fanout.test.ts[2m > [22mremoveSecondaryTargets[2m > [22mreturns early when no secondary targets are found[32m 1[2mms[22m[39m
 [32m✓[39m [30m[45m main [49m[39m src/main/cdp/cdp-fanout.test.ts[2m > [22mremoveSecondaryTargets[2m > [22mremoves CSS from all secondary targets successfully[32m 1[2mms[22m[39m
 [32m✓[39m [30m[45m main [49m[39m src/main/cdp/cdp-fanout.test.ts[2m > [22mremoveSecondaryTargets[2m > [22maborts mid-loop when epoch changes between targets[32m 1[2mms[22m[39m
 [32m✓[39m [30m[45m main [49m[39m src/main/cdp/cdp-fanout.test.ts[2m > [22mremoveSecondaryTargets[2m > [22mcontinues on individual target failures (best-effort)[32m 1[2mms[22m[39m
 [32m✓[39m [30m[45m main [49m[39m src/main/cdp/cdp-fanout.test.ts[2m > [22mhardeningPass[2m > [22mreturns early when epoch is not current[32m 1[2mms[22m[39m
 [32m✓[39m [30m[45m main [49m[39m src/main/cdp/cdp-fanout.test.ts[2m > [22mhardeningPass[2m > [22mlogs and returns when resolveThemeTargetFor throws[32m 1[2mms[22m[39m
 [32m✓[39m [30m[45m main [49m[39m src/main/cdp/cdp-fanout.test.ts[2m > [22mhardeningPass[2m > [22mlogs and returns when no DOM targets are found[32m 5[2mms[22m[39m
 [32m✓[39m [30m[45m main [49m[39m src/main/cdp/cdp-fanout.test.ts[2m > [22mhardeningPass[2m > [22muses engine injection when tryEngineInjection returns a result[32m 7[2mms[22m[39m
 [32m✓[39m [30m[45m main [49m[39m src/main/cdp/cdp-fanout.test.ts[2m > [22mhardeningPass[2m > [22mfalls back to legacy injection for page targets when engine returns null[32m 2[2mms[22m[39m
 [32m✓[39m [30m[45m main [49m[39m src/main/cdp/cdp-fanout.test.ts[2m > [22mhardeningPass[2m > [22mskips legacy injection for non-page targets when engine returns null[32m 1[2mms[22m[39m
 [32m✓[39m [30m[45m main [49m[39m src/main/scene-extractor.test.ts[2m > [22mfindInstallAsset[2m > [22mmaps preset refs to per-category preset folders, skipping previews[32m 148[2mms[22m[39m
 [32m✓[39m [30m[45m main [49m[39m src/main/scene-extractor.test.ts[2m > [22mfindInstallAsset[2m > [22mresolves direct (non-preset) refs under assets/[32m 54[2mms[22m[39m
 [32m✓[39m [30m[45m main [49m[39m src/main/scene-extractor.test.ts[2m > [22mfindInstallAsset[2m > [22mreturns null for missing refs[32m 37[2mms[22m[39m
 [32m✓[39m [30m[45m main [49m[39m src/main/scene-extractor.test.ts[2m > [22mderiveWeInstallRoot[2m > [22mwalks up from a workshop pkg to the WE install root[32m 9[2mms[22m[39m
 [32m✓[39m [30m[45m main [49m[39m src/main/scene-extractor.test.ts[2m > [22mderiveWeInstallRoot[2m > [22mreturns null for non-workshop paths[32m 2[2mms[22m[39m
 [32m✓[39m [30m[45m main [49m[39m src/main/scene-extractor.test.ts[2m > [22mresolveSceneParticle[2m > [22mresolves a full particle chain: JSON → material → texture[32m 37[2mms[22m[39m
 [32m✓[39m [30m[45m main [49m[39m src/main/scene-extractor.test.ts[2m > [22mresolveSceneParticle[2m > [22mresolves a pkg-embedded particle without any install (custom workshop preset)[32m 14[2mms[22m[39m
stderr | src/main/catalog/theme-package-loader.test.ts > ThemePackageLoader > scan > sorts packages by name
[18:53:25] [Main] [WARN] [ThemePackageLoader] theme "alpha-theme" declares deprecated assets.background; use manifest.hero instead (embedded and exposed as --agentskin-art)

stderr | src/main/catalog/theme-package-loader.test.ts > ThemePackageLoader > scan > sorts packages by name
[18:53:25] [Main] [WARN] [ThemePackageLoader] theme "beta-theme" declares deprecated assets.background; use manifest.hero instead (embedded and exposed as --agentskin-art)

stderr | src/main/catalog/theme-package-loader.test.ts > ThemePackageLoader > scan > sorts packages by name
[18:53:25] [Main] [WARN] [ThemePackageLoader] theme "zebra-theme" declares deprecated assets.background; use manifest.hero instead (embedded and exposed as --agentskin-art)

 [32m✓[39m [30m[45m main [49m[39m src/main/catalog/theme-package-loader.test.ts[2m > [22mThemePackageLoader[2m > [22mscan[2m > [22mdiscovers all valid packages in the themes directory[32m 170[2mms[22m[39m
 [32m✓[39m [30m[45m main [49m[39m src/main/catalog/theme-package-loader.test.ts[2m > [22mThemePackageLoader[2m > [22mscan[2m > [22mreturns empty array when no themes exist[32m 34[2mms[22m[39m
 [32m✓[39m [30m[45m main [49m[39m src/main/palette-builder-injection.test.ts[2m > [22mresolveEngineDirDefault[2m > [22mreturns the packaged engine dir when adapter.mjs exists there[32m 40[2mms[22m[39m
 [32m✓[39m [30m[45m main [49m[39m src/main/palette-builder-injection.test.ts[2m > [22mresolveEngineDirDefault[2m > [22mfalls back to the dev engine dir when the packaged adapter is missing[32m 1[2mms[22m[39m
 [32m✓[39m [30m[45m main [49m[39m src/main/palette-builder-injection.test.ts[2m > [22mtryEngineInjection[2m > [22mloads engine files, builds the palette, and delegates to injectThemeViaEngine[32m 27[2mms[22m[39m
 [32m✓[39m [30m[45m main [49m[39m src/main/palette-builder-injection.test.ts[2m > [22mtryEngineInjection[2m > [22muses "unknown" when the bundle has no theme id[32m 15[2mms[22m[39m
 [32m✓[39m [30m[45m main [49m[39m src/main/palette-builder-injection.test.ts[2m > [22mtryEngineInjection[2m > [22mreturns null when any engine file is missing (legacy fallback)[32m 10[2mms[22m[39m
 [32m✓[39m [30m[45m main [49m[39m src/main/scene-extractor.test.ts[2m > [22mresolveSceneParticle[2m > [22mreturns null for missing particle files or malformed JSON[32m 54[2mms[22m[39m
 [32m✓[39m [30m[45m main [49m[39m src/main/scene-extractor.test.ts[2m > [22mresolveSceneParticle[2m > [22mreturns null without an install root or without a particle ref[32m 41[2mms[22m[39m
 [32m✓[39m [30m[45m main [49m[39m src/main/palette-builder-injection.test.ts[2m > [22mtryEngineInjection[2m > [22mreturns null when the per-agent CSS cannot yield a palette (< 6 tokens)[32m 14[2mms[22m[39m
 [32m✓[39m [30m[45m main [49m[39m src/main/palette-builder-injection.test.ts[2m > [22mtryEngineInjection[2m > [22mlogs and returns null when injectThemeViaEngine throws[32m 13[2mms[22m[39m
 [32m✓[39m [30m[45m main [49m[39m src/main/palette-builder-injection.test.ts[2m > [22mtryEngineInjection[2m > [22mlogs and returns null when resolveEngineDir rejects[32m 9[2mms[22m[39m
 [32m✓[39m [30m[45m main [49m[39m src/main/wallpaper-primary-wins.test.ts[2m > [22minjectAgentWallpaper — primary-target-wins (CDP-5)[2m > [22mreports FAILURE when the primary target fails even if secondary succeeds[33m 2012[2mms[22m[39m
 [32m✓[39m [30m[45m main [49m[39m src/main/scene-extractor.test.ts[2m > [22mresolveParticleTexture[2m > [22mdecodes the material sprite texture and reports blending[32m 36[2mms[22m[39m
 [32m✓[39m [30m[45m main [49m[39m src/main/scene-extractor.test.ts[2m > [22mresolveParticleTexture[2m > [22mreturns null for a missing material[32m 36[2mms[22m[39m
 [32m✓[39m [30m[45m main [49m[39m src/main/scene-extractor.test.ts[2m > [22mextractScene frames[2m > [22mstores animated frame data on GIF textures and leaves static null[32m 12[2mms[22m[39m
 [32m✓[39m [30m[45m main [49m[39m src/main/catalog/theme-package-loader.test.ts[2m > [22mThemePackageLoader[2m > [22mscan[2m > [22msorts packages by name[33m 361[2mms[22m[39m
 [32m✓[39m [30m[45m main [49m[39m src/main/wallpaper-primary-wins.test.ts[2m > [22minjectAgentWallpaper — primary-target-wins (CDP-5)[2m > [22mreports SUCCESS when the primary target succeeds regardless of secondary[32m 1[2mms[22m[39m
 [32m✓[39m [30m[45m main [49m[39m src/main/ipc/studio-ipc.test.ts[2m > [22mregisterStudioIpc[2m > [22mstudio:snapshot[2m > [22mvalidates agentId[32m 7[2mms[22m[39m
 [32m✓[39m [30m[45m main [49m[39m src/main/ipc/studio-ipc.test.ts[2m > [22mregisterStudioIpc[2m > [22mstudio:snapshot[2m > [22mrejects unsafe theme ids[32m 2[2mms[22m[39m
 [32m✓[39m [30m[45m main [49m[39m src/main/ipc/studio-ipc.test.ts[2m > [22mregisterStudioIpc[2m > [22mstudio:snapshot[2m > [22mcaptures without a theme and returns the snapshot[32m 6[2mms[22m[39m
 [32m✓[39m [30m[45m main [49m[39m src/main/ipc/studio-ipc.test.ts[2m > [22mregisterStudioIpc[2m > [22mstudio:snapshot[2m > [22mfills themeName from the catalog when a theme is applied[32m 1[2mms[22m[39m
 [32m✓[39m [30m[45m main [49m[39m src/main/ipc/studio-ipc.test.ts[2m > [22mregisterStudioIpc[2m > [22mstudio:snapshot[2m > [22mfalls back to empty name when the theme is not in the catalog[32m 1[2mms[22m[39m
 [32m✓[39m [30m[45m main [49m[39m src/main/ipc/studio-ipc.test.ts[2m > [22mregisterStudioIpc[2m > [22mstudio:export[2m > [22mbuilds the theme package via the build script[32m 10[2mms[22m[39m
 [32m✓[39m [30m[45m main [49m[39m src/main/ipc/studio-ipc.test.ts[2m > [22mregisterStudioIpc[2m > [22mstudio:inspect:start / stop[2m > [22mstarts inspect with the resolved port and target[32m 3[2mms[22m[39m
 [32m✓[39m [30m[45m main [49m[39m src/main/ipc/studio-ipc.test.ts[2m > [22mregisterStudioIpc[2m > [22mstudio:inspect:start / stop[2m > [22mvalidates agentId[32m 1[2mms[22m[39m
 [32m✓[39m [30m[45m main [49m[39m src/main/ipc/studio-ipc.test.ts[2m > [22mregisterStudioIpc[2m > [22mstudio:inspect:start / stop[2m > [22mthrows when no debug port is available[32m 1[2mms[22m[39m
 [32m✓[39m [30m[45m main [49m[39m src/main/ipc/studio-ipc.test.ts[2m > [22mregisterStudioIpc[2m > [22mstudio:inspect:start / stop[2m > [22mthrows when no DOM-bearing CDP target is found[32m 1[2mms[22m[39m
 [32m✓[39m [30m[45m main [49m[39m src/main/ipc/studio-ipc.test.ts[2m > [22mregisterStudioIpc[2m > [22mstudio:inspect:start / stop[2m > [22mstops the previous session before starting a new one[32m 1[2mms[22m[39m
 [32m✓[39m [30m[45m main [49m[39m src/main/ipc/studio-ipc.test.ts[2m > [22mregisterStudioIpc[2m > [22mstudio:inspect:start / stop[2m > [22mstop returns ok with no active session[32m 1[2mms[22m[39m
 [32m✓[39m [30m[45m main [49m[39m src/main/ipc/studio-ipc.test.ts[2m > [22mregisterStudioIpc[2m > [22mstudio:inspect:start / stop[2m > [22mstop tears down the active session[32m 1[2mms[22m[39m
 [32m✓[39m [30m[45m main [49m[39m src/main/ipc/studio-ipc.test.ts[2m > [22mregisterStudioIpc[2m > [22mstopAllInspects (window-closed cleanup)[2m > [22mis idempotent when no session is active[32m 1[2mms[22m[39m
 [32m✓[39m [30m[45m main [49m[39m src/main/ipc/studio-ipc.test.ts[2m > [22mregisterStudioIpc[2m > [22mstopAllInspects (window-closed cleanup)[2m > [22mstops the active session and clears the reference[32m 1[2mms[22m[39m
 [32m✓[39m [30m[45m main [49m[39m src/main/ipc/studio-ipc.test.ts[2m > [22mregisterStudioIpc[2m > [22mstopAllInspects (window-closed cleanup)[2m > [22mlogs instead of throwing when stop fails[32m 1[2mms[22m[39m
 [32m✓[39m [30m[45m main [49m[39m src/main/ipc/studio-ipc.test.ts[2m > [22mregisterStudioIpc[2m > [22mstudio:snapshot:baseline[2m > [22mcaptures native look, restores, and re-applies the previous theme[32m 2[2mms[22m[39m
 [32m✓[39m [30m[45m main [49m[39m src/main/ipc/studio-ipc.test.ts[2m > [22mregisterStudioIpc[2m > [22mstudio:snapshot:baseline[2m > [22mskips restore when no theme is active[32m 1[2mms[22m[39m
 [32m✓[39m [30m[45m main [49m[39m src/main/ipc/studio-ipc.test.ts[2m > [22mregisterStudioIpc[2m > [22mstudio:snapshot:baseline[2m > [22mre-applies the previous theme even when the snapshot capture throws[32m 1[2mms[22m[39m
 [32m✓[39m [30m[45m main [49m[39m src/main/ipc/studio-ipc.test.ts[2m > [22mregisterStudioIpc[2m > [22mstudio:snapshot:baseline[2m > [22mvalidates agentId[32m 2[2mms[22m[39m
 [32m✓[39m [30m[45m main [49m[39m src/main/ipc/studio-ipc.test.ts[2m > [22mTHEME_STUDIO_SNAPSHOT_BASELINE regression[2m > [22mdependency failure passes through original error (not wrapped as IpcTimeoutError)[32m 2[2mms[22m[39m
 [32m✓[39m [30m[45m main [49m[39m src/main/ipc/studio-ipc.test.ts[2m > [22mTHEME_STUDIO_SNAPSHOT_BASELINE regression[2m > [22mrejects with IpcTimeoutError when the handler exceeds 60s[32m 5[2mms[22m[39m
 [32m✓[39m [30m[45m main [49m[39m src/main/ipc/studio-ipc.test.ts[2m > [22mTHEME_STUDIO_SNAPSHOT_BASELINE regression[2m > [22mre-applies the previous theme even when snapshot baseline times out[32m 2[2mms[22m[39m
 [32m✓[39m [30m[45m main [49m[39m src/main/cdp/cdp-wallpaper-inject.test.ts[2m > [22mevaluateWithRetry[2m > [22mrespects CHUNK_EVAL_MAX_RETRIES (3 total attempts for 2 retries)[33m 2009[2mms[22m[39m
stderr | src/main/cdp/cdp-wallpaper-inject.test.ts > bypassPageCsp > returns true when Layer 1 fails but Layer 2 (evaluate) succeeds
[cdp-wallpaper] bypassPageCsp Layer 1 (Page.setBypassCSP) failed: Not supported on this target

stderr | src/main/cdp/cdp-wallpaper-inject.test.ts > bypassPageCsp > returns false when ALL layers fail (send + evaluate both throw)
[cdp-wallpaper] bypassPageCsp Layer 1 (Page.setBypassCSP) failed: Not supported on this target

stderr | src/main/cdp/cdp-wallpaper-inject.test.ts > bypassPageCsp > returns false when ALL layers fail (send + evaluate both throw)
[cdp-wallpaper] bypassPageCsp Layer 2 (CSP meta removal) failed: evaluate failed

stderr | src/main/cdp/cdp-wallpaper-inject.test.ts > bypassPageCsp > returns false when ALL layers fail (send + evaluate both throw)
[cdp-wallpaper] bypassPageCsp Layer 3 (CSP probe) failed: evaluate failed

stderr | src/main/cdp/cdp-wallpaper-inject.test.ts > bypassPageCsp > does NOT set anySucceeded from Layer 3 diagnostic probe
[cdp-wallpaper] bypassPageCsp Layer 1 (Page.setBypassCSP) failed: Not supported

stderr | src/main/cdp/cdp-wallpaper-inject.test.ts > bypassPageCsp > does NOT set anySucceeded from Layer 3 diagnostic probe
[cdp-wallpaper] bypassPageCsp Layer 2 (CSP meta removal) failed: Layer 2 failed

stderr | src/main/cdp/cdp-wallpaper-inject.test.ts > bypassPageCsp > does NOT set anySucceeded from Layer 3 diagnostic probe
[cdp-wallpaper] bypassPageCsp: all bypass layers failed — CSP is header-based on a webview target. Blob/data: URL fallback is the only path that can load media.

 [32m✓[39m [30m[45m main [49m[39m src/main/cdp/cdp-wallpaper-inject.test.ts[2m > [22mbypassPageCsp[2m > [22mreturns true when Layer 1 (Page.setBypassCSP) succeeds[32m 2[2mms[22m[39m
 [32m✓[39m [30m[45m main [49m[39m src/main/cdp/cdp-wallpaper-inject.test.ts[2m > [22mbypassPageCsp[2m > [22mreturns true when Layer 1 fails but Layer 2 (evaluate) succeeds[32m 2[2mms[22m[39m
 [32m✓[39m [30m[45m main [49m[39m src/main/cdp/cdp-wallpaper-inject.test.ts[2m > [22mbypassPageCsp[2m > [22mreturns false when ALL layers fail (send + evaluate both throw)[32m 1[2mms[22m[39m
 [32m✓[39m [30m[45m main [49m[39m src/main/cdp/cdp-wallpaper-inject.test.ts[2m > [22mbypassPageCsp[2m > [22mdoes NOT set anySucceeded from Layer 3 diagnostic probe[32m 1[2mms[22m[39m
 [32m✓[39m [30m[45m main [49m[39m src/main/cdp/cdp-wallpaper-inject.test.ts[2m > [22minjectVideoWallpaperByBase64 — in-page data URL assembly[2m > [22mstashes the assembled data URL on a window global instead of returning it[32m 33[2mms[22m[39m
 [32m✓[39m [30m[45m main [49m[39m src/main/logger.test.ts[2m > [22mmain-process logger facade[2m > [22mlevel helpers[2m > [22mmainWarn forwards a WARN-scoped line to the listener[32m 63[2mms[22m[39m
 [32m✓[39m [30m[45m main [49m[39m src/main/logger.test.ts[2m > [22mmain-process logger facade[2m > [22mlevel helpers[2m > [22mmainError forwards an ERROR-scoped line to the listener[32m 1[2mms[22m[39m
 [32m✓[39m [30m[45m main [49m[39m src/main/logger.test.ts[2m > [22mmain-process logger facade[2m > [22mlevel helpers[2m > [22mmainInfo forwards an INFO-scoped line to the listener[32m 1[2mms[22m[39m
 [32m✓[39m [30m[45m main [49m[39m src/main/logger.test.ts[2m > [22mmain-process logger facade[2m > [22mbuffering before a listener is attached[2m > [22mbuffers messages emitted before setMainLogListener and flushes them on attach[32m 1[2mms[22m[39m
 [32m✓[39m [30m[45m main [49m[39m src/main/logger.test.ts[2m > [22mmain-process logger facade[2m > [22mbuffering before a listener is attached[2m > [22mcaps the buffer at 1000 entries to avoid unbounded memory growth (P3-11 raised ceiling) and prefers keeping WARN/ERROR over INFO when overflowing[32m 227[2mms[22m[39m
 [32m✓[39m [30m[45m main [49m[39m src/main/logger.test.ts[2m > [22mmain-process logger facade[2m > [22mbuffering before a listener is attached[2m > [22mdoes not flush an empty buffer when a listener is attached[32m 1[2mms[22m[39m
 [32m✓[39m [30m[45m main [49m[39m src/main/logger.test.ts[2m > [22mmain-process logger facade[2m > [22mcatch helpers[2m > [22mmainWarnFromCatch extracts the message from an Error and logs at WARN[32m 1[2mms[22m[39m
 [32m✓[39m [30m[45m main [49m[39m src/main/logger.test.ts[2m > [22mmain-process logger facade[2m > [22mcatch helpers[2m > [22mmainWarnFromCatch prepends a prefix when provided[32m 1[2mms[22m[39m
 [32m✓[39m [30m[45m main [49m[39m src/main/logger.test.ts[2m > [22mmain-process logger facade[2m > [22mcatch helpers[2m > [22mmainWarnFromCatch stringifies non-Error values[32m 1[2mms[22m[39m
 [32m✓[39m [30m[45m main [49m[39m src/main/logger.test.ts[2m > [22mmain-process logger facade[2m > [22mcatch helpers[2m > [22mmainErrorFromCatch extracts the message from an Error and logs at ERROR[32m 1[2mms[22m[39m
 [32m✓[39m [30m[45m main [49m[39m src/main/logger.test.ts[2m > [22mmain-process logger facade[2m > [22mlistener detach[2m > [22mstops forwarding after the listener is set to null[32m 1[2mms[22m[39m
 [32m✓[39m [30m[45m main [49m[39m src/main/wallpaper/we/parser.test.ts[2m > [22mparseWorkshopProject — type 分发[2m > [22mdetects a web wallpaper from index.html[32m 29[2mms[22m[39m
 [32m✓[39m [30m[45m main [49m[39m src/main/wallpaper/we/parser.test.ts[2m > [22mparseWorkshopProject — type 分发[2m > [22mdetects a scene wallpaper from scene.pkg[32m 28[2mms[22m[39m
 [32m✓[39m [30m[45m main [49m[39m src/main/wallpaper/we/parser.test.ts[2m > [22mparseWorkshopProject — type 分发[2m > [22mdetects a video wallpaper from project.type + file[32m 10[2mms[22m[39m
 [32m✓[39m [30m[45m main [49m[39m src/main/wallpaper/we/parser.test.ts[2m > [22mparseWorkshopProject — type 分发[2m > [22mtreats a .gif declared as video as an image (browsers can't play gif in <video>)[32m 11[2mms[22m[39m
 [32m✓[39m [30m[45m main [49m[39m src/main/wallpaper/we/parser.test.ts[2m > [22mparseWorkshopProject — type 分发[2m > [22minfers video from a .mp4 file when project.type is missing[32m 10[2mms[22m[39m
 [32m✓[39m [30m[45m main [49m[39m src/main/wallpaper/we/scanner.test.ts[2m > [22mmapWithConcurrency[2m > [22mpreserves input order in the result[32m 37[2mms[22m[39m
 [32m✓[39m [30m[45m main [49m[39m src/main/config/settings.test.ts[2m > [22mwallpaper settings (config/settings.ts)[2m > [22mreturns the default threshold and writes a default config when no file exists[32m 34[2mms[22m[39m
 [32m✓[39m [30m[45m main [49m[39m src/main/wallpaper/we/scanner.test.ts[2m > [22mmapWithConcurrency[2m > [22mnever runs more than `limit` tasks concurrently[32m 66[2mms[22m[39m
 [32m✓[39m [30m[45m main [49m[39m src/main/wallpaper/we/scanner.test.ts[2m > [22mmapWithConcurrency[2m > [22mhandles empty input[32m 2[2mms[22m[39m
 [32m✓[39m [30m[45m main [49m[39m src/main/wallpaper/we/scanner.test.ts[2m > [22mmapWithConcurrency[2m > [22mpropagates a task rejection[32m 2[2mms[22m[39m
 [32m✓[39m [30m[45m main [49m[39m src/main/wallpaper/we/scanner.test.ts[2m > [22mscanWorkshop[2m > [22mdiscovers image wallpapers from workshop-style directories[32m 70[2mms[22m[39m
 [32m✓[39m [30m[45m main [49m[39m src/main/wallpaper/we/scanner.test.ts[2m > [22mscanWorkshop[2m > [22mreturns an empty map for an unreadable root[32m 1[2mms[22m[39m
[90mstdout[2m | src/main/ipc/studio-workspace-ipc.test.ts
[22m[39m[agentskin:cdp-patch] fetch interceptor installed (WebSocket /json/list fallback)

 [32m✓[39m [30m[45m main [49m[39m src/main/wallpaper/we/parser.test.ts[2m > [22mparseWorkshopProject — type 分发[2m > [22mfalls back to scanning the directory for the largest video when type is unknown[32m 12[2mms[22m[39m
 [32m✓[39m [30m[45m main [49m[39m src/main/wallpaper/we/parser.test.ts[2m > [22mparseWorkshopProject — type 分发[2m > [22mmarks preview-only when only a preview image exists for an unknown type[32m 11[2mms[22m[39m
 [32m✓[39m [30m[45m main [49m[39m src/main/wallpaper/we/parser.test.ts[2m > [22mparseWorkshopProject — type 分发[2m > [22mreturns null when the directory has no usable content[32m 8[2mms[22m[39m
 [32m✓[39m [30m[45m main [49m[39m src/main/wallpaper/we/parser.test.ts[2m > [22mparseWorkshopProject — type 分发[2m > [22mparses a bare image directory without project.json[32m 10[2mms[22m[39m
 [32m✓[39m [30m[45m main [49m[39m src/main/config/settings.test.ts[2m > [22mwallpaper settings (config/settings.ts)[2m > [22mreads a persisted custom threshold from the config file[32m 165[2mms[22m[39m
 [32m✓[39m [30m[45m main [49m[39m src/main/wallpaper/we/parser.test.ts[2m > [22mparseWorkshopProject — type 分发[2m > [22mresolves a custom preview filename from project.json[32m 130[2mms[22m[39m
 [32m✓[39m [30m[45m main [49m[39m src/main/wallpaper/media-registry.test.ts[2m > [22mMediaRegistry URL resolution[2m > [22mpreviewUrlForItem serves the media file itself for image wallpapers[32m 226[2mms[22m[39m
 [32m✓[39m [30m[45m main [49m[39m src/main/config/settings.test.ts[2m > [22mwallpaper settings (config/settings.ts)[2m > [22mupdateSetting persists a new value to disk and reflects it in the cache[32m 27[2mms[22m[39m
 [32m✓[39m [30m[45m main [49m[39m src/main/config/settings.test.ts[2m > [22mwallpaper settings (config/settings.ts)[2m > [22mupdateSetting rejects a value of the wrong type[32m 81[2mms[22m[39m
 [32m✓[39m [30m[45m main [49m[39m src/main/cdp/cdp-fanout.test.ts[2m > [22mhardeningPass[2m > [22mcounts failures when connectCdp throws[33m 2018[2mms[22m[39m
 [32m✓[39m [30m[45m main [49m[39m src/main/fs/tar-pack.test.ts[2m > [22mtar-pack — 往返一致性[2m > [22mpacks and extracts a directory tree byte-for-byte[32m 272[2mms[22m[39m
 [32m✓[39m [30m[45m main [49m[39m src/main/wallpaper/media-registry.test.ts[2m > [22mMediaRegistry URL resolution[2m > [22mpreviewUrlForItem uses the dedicated preview path for video wallpapers[32m 128[2mms[22m[39m
 [32m✓[39m [30m[45m main [49m[39m src/main/wallpaper/media-registry.test.ts[2m > [22mMediaRegistry URL resolution[2m > [22mpreviewUrlForItem returns null without a preview source[32m 38[2mms[22m[39m
stderr | src/main/config/settings.test.ts > wallpaper settings (config/settings.ts) > loadSettings falls back to defaults when the config file is invalid JSON
[WallpaperSettings] Failed to load settings, using defaults: SyntaxError: Expected property name or '}' in JSON at position 2 (line 1 column 3)
    at JSON.parse (<anonymous>)
    at loadSettings (C:/Users/snowb/Desktop/work/desktop-main/src/main/config/settings.ts:40:39)
    at getImageBlobThresholdBytes (C:/Users/snowb/Desktop/work/desktop-main/src/main/config/settings.ts:92:14)
    at C:/Users/snowb/Desktop/work/desktop-main/src/main/config/settings.test.ts:76:12
    at file:///C:/Users/snowb/Desktop/work/desktop-main/node_modules/@vitest/runner/dist/chunk-artifact.js:1903:20

stderr | src/main/config/settings.test.ts > wallpaper settings (config/settings.ts) > loadSettings drops a type-mismatched field instead of using the bad value
[WallpaperSettings]: Type mismatch for imageBlobThresholdMB, using default

 [32m✓[39m [30m[45m main [49m[39m src/main/cdp/cdp-fanout.test.ts[2m > [22mhardeningPass[2m > [22mcounts failures when tryEngineInjection throws[32m 2[2mms[22m[39m
 [32m✓[39m [30m[45m main [49m[39m src/main/cdp/cdp-fanout.test.ts[2m > [22mhardeningPass[2m > [22maborts mid-loop when epoch changes between targets[32m 2[2mms[22m[39m
 [32m✓[39m [30m[45m main [49m[39m src/main/cdp/cdp-fanout.test.ts[2m > [22mhardeningPass[2m > [22mruns health check on the first page session after injection[32m 3[2mms[22m[39m
 [32m✓[39m [30m[45m main [49m[39m src/main/cdp/cdp-fanout.test.ts[2m > [22mhardeningPass[2m > [22mlogs top blockers when blockingCount > 0 and score < 50[32m 1[2mms[22m[39m
 [32m✓[39m [30m[45m main [49m[39m src/main/cdp/cdp-fanout.test.ts[2m > [22mhardeningPass[2m > [22mskips health check when no page target is present[32m 1[2mms[22m[39m
 [32m✓[39m [30m[45m main [49m[39m src/main/cdp/cdp-fanout.test.ts[2m > [22mhardeningPass[2m > [22mcloses all sessions except the first page session during loop, then closes it after health check[32m 1[2mms[22m[39m
 [32m✓[39m [30m[45m main [49m[39m src/main/cdp/cdp-fanout.test.ts[2m > [22mhardeningPass[2m > [22mre-appends wallpaper punch-through sheet after health check[32m 1[2mms[22m[39m
 [32m✓[39m [30m[45m main [49m[39m src/main/cdp/cdp-fanout.test.ts[2m > [22mhardeningRemove[2m > [22mreturns early when epoch is not current[32m 2[2mms[22m[39m
 [32m✓[39m [30m[45m main [49m[39m src/main/cdp/cdp-fanout.test.ts[2m > [22mhardeningRemove[2m > [22mreturns early when no DOM targets are found[32m 1[2mms[22m[39m
 [32m✓[39m [30m[45m main [49m[39m src/main/cdp/cdp-fanout.test.ts[2m > [22mhardeningRemove[2m > [22mremoves engine from all targets successfully[32m 6[2mms[22m[39m
 [32m✓[39m [30m[45m main [49m[39m src/main/cdp/cdp-fanout.test.ts[2m > [22mhardeningRemove[2m > [22maborts mid-loop when epoch changes between targets[32m 4[2mms[22m[39m
 [32m✓[39m [30m[45m main [49m[39m src/main/cdp/cdp-fanout.test.ts[2m > [22mhardeningRemove[2m > [22mcontinues on individual target failures (best-effort)[32m 2[2mms[22m[39m
 [32m✓[39m [30m[45m main [49m[39m src/main/cdp/cdp-fanout.test.ts[2m > [22mhardeningRemove[2m > [22mcontinues when removeEngineInjection throws (best-effort)[32m 2[2mms[22m[39m
 [32m✓[39m [30m[45m main [49m[39m src/main/cdp/cdp-fanout.test.ts[2m > [22mconnectWithRetry[2m > [22mreturns the session when the first connect succeeds[32m 2[2mms[22m[39m
 [32m✓[39m [30m[45m main [49m[39m src/main/cdp/cdp-fanout.test.ts[2m > [22mconnectWithRetry[2m > [22mretries on connect failure then succeeds[32m 12[2mms[22m[39m
 [32m✓[39m [30m[45m main [49m[39m src/main/cdp/cdp-fanout.test.ts[2m > [22mconnectWithRetry[2m > [22mreturns null after all attempts fail[32m 3[2mms[22m[39m
 [32m✓[39m [30m[45m main [49m[39m src/main/cdp/cdp-fanout.test.ts[2m > [22mconnectWithRetry[2m > [22minjectSecondaryTargets retries a connect that fails once (CDP-2)[32m 2[2mms[22m[39m
 [32m✓[39m [30m[45m main [49m[39m src/main/cdp/cdp-fanout.test.ts[2m > [22mconnectWithRetry[2m > [22mhardeningPass counts a target as failed when connect never succeeds[32m 3[2mms[22m[39m
stderr | src/main/wallpaper/media-registry.test.ts > MediaRegistry release > keeps unregistering remaining tokens when one unregister throws
[wallpaper] failed to unregister media token: Error: server hiccup

stderr | src/main/config/settings.test.ts > wallpaper settings (config/settings.ts) > loadSettings clamps out-of-range threshold back to default
[WallpaperSettings]: imageBlobThresholdMB=-5 out of range (1..1000), using default

 [32m✓[39m [30m[45m main [49m[39m src/main/wallpaper/media-registry.test.ts[2m > [22mMediaRegistry URL resolution[2m > [22mvideoUrlFor streams the media file with range support[32m 94[2mms[22m[39m
stderr | src/main/wallpaper/media-registry.test.ts > MediaRegistry release > releaseForId unregisters only the given id and survives throws
[wallpaper] failed to unregister media token: Error: boom

stderr | src/main/config/settings.test.ts > wallpaper settings (config/settings.ts) > loadSettings clamps out-of-range threshold back to default
[WallpaperSettings]: imageBlobThresholdMB=0 out of range (1..1000), using default

stderr | src/main/config/settings.test.ts > wallpaper settings (config/settings.ts) > loadSettings clamps out-of-range threshold back to default
[WallpaperSettings]: imageBlobThresholdMB=10000000000 out of range (1..1000), using default

 [32m✓[39m [30m[45m main [49m[39m src/main/wallpaper/media-registry.test.ts[2m > [22mMediaRegistry URL resolution[2m > [22mwebUrlFor serves a web wallpaper directory through /d/{token}/[32m 24[2mms[22m[39m
 [32m✓[39m [30m[45m main [49m[39m src/main/wallpaper/media-registry.test.ts[2m > [22mMediaRegistry URL resolution[2m > [22mwebUrlFor returns null for non-web/scene wallpapers[32m 15[2mms[22m[39m
 [32m✓[39m [30m[45m main [49m[39m src/main/wallpaper/media-registry.test.ts[2m > [22mMediaRegistry URL resolution[2m > [22mcaches URLs per id (single registration for repeated calls)[32m 11[2mms[22m[39m
 [32m✓[39m [30m[45m main [49m[39m src/main/wallpaper/media-registry.test.ts[2m > [22mMediaRegistry release[2m > [22mkeeps unregistering remaining tokens when one unregister throws[32m 21[2mms[22m[39m
 [32m✓[39m [30m[45m main [49m[39m src/main/fs/tar-pack.test.ts[2m > [22mtar-pack — 往返一致性[2m > [22mextracts a bundle whose files live at the archive root[32m 287[2mms[22m[39m
 [32m✓[39m [30m[45m main [49m[39m src/main/fs/tar-pack.test.ts[2m > [22mtar-pack — 解包安全[2m > [22mrejects entries that escape the target root[32m 22[2mms[22m[39m
 [32m✓[39m [30m[45m main [49m[39m src/main/config/settings.test.ts[2m > [22mwallpaper settings (config/settings.ts)[2m > [22mloadSettings falls back to defaults when the config file is invalid JSON[32m 183[2mms[22m[39m
 [32m✓[39m [30m[45m main [49m[39m src/main/config/settings.test.ts[2m > [22mwallpaper settings (config/settings.ts)[2m > [22mloadSettings drops a type-mismatched field instead of using the bad value[32m 61[2mms[22m[39m
 [32m✓[39m [30m[45m main [49m[39m src/main/wallpaper/media-registry.test.ts[2m > [22mMediaRegistry release[2m > [22mreleaseForId unregisters only the given id and survives throws[32m 33[2mms[22m[39m
 [32m✓[39m [30m[45m main [49m[39m src/main/config/settings.test.ts[2m > [22mwallpaper settings (config/settings.ts)[2m > [22mloadSettings clamps out-of-range threshold back to default[32m 56[2mms[22m[39m
 [32m✓[39m [30m[45m main [49m[39m src/main/config/settings.test.ts[2m > [22mwallpaper settings (config/settings.ts)[2m > [22mupdateSetting rejects an out-of-range threshold[32m 15[2mms[22m[39m
 [32m✓[39m [30m[45m main [49m[39m src/main/ipc/studio-workspace-ipc.test.ts[2m > [22mregisterStudioWorkspaceIpc[2m > [22mstudio:image:extract-theme[2m > [22mdecodes, samples and derives a palette[32m 6[2mms[22m[39m
 [32m✓[39m [30m[45m main [49m[39m src/main/ipc/studio-workspace-ipc.test.ts[2m > [22mregisterStudioWorkspaceIpc[2m > [22mstudio:image:extract-theme[2m > [22mrejects non-string payloads[32m 3[2mms[22m[39m
 [32m✓[39m [30m[45m main [49m[39m src/main/ipc/studio-workspace-ipc.test.ts[2m > [22mregisterStudioWorkspaceIpc[2m > [22mstudio:image:extract-theme[2m > [22mrejects unsupported formats[32m 1[2mms[22m[39m
 [32m✓[39m [30m[45m main [49m[39m src/main/ipc/studio-workspace-ipc.test.ts[2m > [22mregisterStudioWorkspaceIpc[2m > [22mstudio:image:extract-theme[2m > [22mrejects images over the 8 MiB limit[32m 19[2mms[22m[39m
 [32m✓[39m [30m[45m main [49m[39m src/main/ipc/studio-workspace-ipc.test.ts[2m > [22mregisterStudioWorkspaceIpc[2m > [22mstudio:image:extract-theme[2m > [22mrejects undecodable buffers[32m 1[2mms[22m[39m
 [32m✓[39m [30m[45m main [49m[39m src/main/ipc/studio-workspace-ipc.test.ts[2m > [22mregisterStudioWorkspaceIpc[2m > [22mstudio:image:extract-theme[2m > [22mrejects decompression-bomb dimensions over 4096px[32m 1[2mms[22m[39m
 [32m✓[39m [30m[45m main [49m[39m src/main/ipc/studio-workspace-ipc.test.ts[2m > [22mregisterStudioWorkspaceIpc[2m > [22mstudio:wallpaper:list[2m > [22mmaps WallpaperInfo entries to the Studio DTO[32m 2[2mms[22m[39m
 [32m✓[39m [30m[45m main [49m[39m src/main/ipc/studio-workspace-ipc.test.ts[2m > [22mregisterStudioWorkspaceIpc[2m > [22mstudio:wallpaper:list[2m > [22mreturns an empty list when the wallpaper service is unavailable[32m 0[2mms[22m[39m
 [32m✓[39m [30m[45m main [49m[39m src/main/ipc/studio-workspace-ipc.test.ts[2m > [22mregisterStudioWorkspaceIpc[2m > [22mstudio:wallpaper:list[2m > [22mreturns an empty list when listing throws[32m 1[2mms[22m[39m
 [32m✓[39m [30m[45m main [49m[39m src/main/ipc/studio-workspace-ipc.test.ts[2m > [22mregisterStudioWorkspaceIpc[2m > [22mstudio:bundle:list[2m > [22mlists unpacked bundle directories with wallpaper detection[32m 27[2mms[22m[39m
 [32m✓[39m [30m[45m main [49m[39m src/main/ipc/studio-workspace-ipc.test.ts[2m > [22mregisterStudioWorkspaceIpc[2m > [22mstudio:bundle:list[2m > [22mreturns an empty list when the bundles dir is missing[32m 1[2mms[22m[39m
 [32m✓[39m [30m[45m main [49m[39m src/main/ipc/studio-workspace-ipc.test.ts[2m > [22mregisterStudioWorkspaceIpc[2m > [22mstudio:bundle:install-by-id[2m > [22mrejects unsafe ids[32m 1[2mms[22m[39m
 [32m✓[39m [30m[45m main [49m[39m src/main/ipc/studio-workspace-ipc.test.ts[2m > [22mregisterStudioWorkspaceIpc[2m > [22mstudio:bundle:install-by-id[2m > [22msoft-fails when the bundle directory does not exist[32m 1[2mms[22m[39m
 [32m✓[39m [30m[45m main [49m[39m src/main/ipc/studio-workspace-ipc.test.ts[2m > [22mregisterStudioWorkspaceIpc[2m > [22mstudio:bundle:import[2m > [22mreturns null when the dialog is cancelled[32m 1[2mms[22m[39m
 [32m✓[39m [30m[45m main [49m[39m src/main/ipc/studio-workspace-ipc.test.ts[2m > [22mregisterStudioWorkspaceIpc[2m > [22mstudio:bundle:import[2m > [22minstalls the picked bundle and returns its id/name[32m 2[2mms[22m[39m
 [32m✓[39m [30m[45m main [49m[39m src/main/ipc/studio-workspace-ipc.test.ts[2m > [22mregisterStudioWorkspaceIpc[2m > [22mstudio:bundle:delete[2m > [22mrejects unsafe ids[32m 1[2mms[22m[39m
 [32m✓[39m [30m[45m main [49m[39m src/main/ipc/studio-workspace-ipc.test.ts[2m > [22mregisterStudioWorkspaceIpc[2m > [22mstudio:bundle:delete[2m > [22mremoves the bundle directory[32m 6[2mms[22m[39m
 [32m✓[39m [30m[45m main [49m[39m src/main/ipc/studio-workspace-ipc.test.ts[2m > [22mSTUDIO_BUNDLE_IMPORT regression[2m > [22mdependency failure passes through original error (not wrapped as IpcTimeoutError)[32m 1[2mms[22m[39m
 [32m✓[39m [30m[45m main [49m[39m src/main/ipc/studio-workspace-ipc.test.ts[2m > [22mSTUDIO_BUNDLE_IMPORT regression[2m > [22mrejects with IpcTimeoutError when the handler exceeds 60s[32m 17[2mms[22m[39m
 [32m✓[39m [30m[45m main [49m[39m src/shared/cdp-discovery-resolve.test.ts[2m > [22mexplicitDebugPortsFromPids[2m > [22mextracts --remote-debugging-port=N for the requested PIDs[32m 11[2mms[22m[39m
 [32m✓[39m [30m[45m main [49m[39m src/shared/cdp-discovery-resolve.test.ts[2m > [22mexplicitDebugPortsFromPids[2m > [22mignores port=0 (let-Chromium-pick) and out-of-range values[32m 2[2mms[22m[39m
 [32m✓[39m [30m[45m main [49m[39m src/shared/cdp-discovery-resolve.test.ts[2m > [22mexplicitDebugPortsFromPids[2m > [22mreturns [] when wmic produces no output[32m 1[2mms[22m[39m
 [32m✓[39m [30m[45m main [49m[39m src/shared/cdp-discovery-resolve.test.ts[2m > [22mexplicitDebugPortsFromPids[2m > [22mreturns [] for an empty PID list[32m 2[2mms[22m[39m
 [32m✓[39m [30m[45m main [49m[39m src/shared/cdp-discovery-resolve.test.ts[2m > [22mexplicitDebugPortsFromPids[2m > [22mdeduplicates and sorts ports ascending[32m 1[2mms[22m[39m
 [32m✓[39m [30m[45m main [49m[39m src/shared/cdp-discovery-resolve.test.ts[2m > [22mlisteningPortsForPids[2m > [22mreturns only loopback (127.0.0.1 / ::1) listening ports for the PIDs[32m 2[2mms[22m[39m
 [32m✓[39m [30m[45m main [49m[39m src/shared/cdp-discovery-resolve.test.ts[2m > [22mlisteningPortsForPids[2m > [22mreturns [] when netstat produces no output[32m 1[2mms[22m[39m
 [32m✓[39m [30m[45m main [49m[39m src/shared/cdp-discovery-resolve.test.ts[2m > [22mlisteningPortsForPids[2m > [22mreturns [] for an empty PID list[32m 1[2mms[22m[39m
 [32m✓[39m [30m[45m main [49m[39m src/shared/cdp-discovery-resolve.test.ts[2m > [22mlisteningPortsForPids[2m > [22mskips non-LISTENING rows[32m 1[2mms[22m[39m
 [32m✓[39m [30m[45m main [49m[39m src/shared/cdp-discovery-resolve.test.ts[2m > [22mresolveLivePort[2m > [22mlayer 1: returns a DevToolsActivePort-file port when it is live and has targets[32m 34[2mms[22m[39m
 [32m✓[39m [30m[45m main [49m[39m src/shared/cdp-discovery-resolve.test.ts[2m > [22mresolveLivePort[2m > [22mlayer 1: skips a port that is not actually listening (stale file)[32m 5[2mms[22m[39m
 [32m✓[39m [30m[45m main [49m[39m src/shared/cdp-discovery-resolve.test.ts[2m > [22mresolveLivePort[2m > [22mlayer 1: skips the knownDeadPort and falls through to no port[32m 20[2mms[22m[39m
 [32m✓[39m [30m[45m main [49m[39m src/shared/cdp-discovery-resolve.test.ts[2m > [22mresolveLivePort[2m > [22mlayer 2 (argv): returns the explicit port from the PID command line[32m 2[2mms[22m[39m
 [32m✓[39m [30m[45m main [49m[39m src/shared/cdp-discovery-resolve.test.ts[2m > [22mresolveLivePort[2m > [22mlayer 2 (netstat): falls back to netstat when argv has no explicit port[32m 2[2mms[22m[39m
 [32m✓[39m [30m[45m main [49m[39m src/shared/cdp-discovery-resolve.test.ts[2m > [22mresolveLivePort[2m > [22mlayer 2 (netstat): skips ports already probed via argv[32m 7[2mms[22m[39m
 [32m✓[39m [30m[45m main [49m[39m src/shared/cdp-discovery-resolve.test.ts[2m > [22mresolveLivePort[2m > [22mlayer 2 (argv): falls through to netstat when findTargets throws[32m 2[2mms[22m[39m
 [32m✓[39m [30m[45m main [49m[39m src/shared/cdp-discovery-resolve.test.ts[2m > [22mresolveLivePort[2m > [22mreturns null and logs when no live CDP port is found anywhere[32m 3[2mms[22m[39m
 [32m✓[39m [30m[45m main [49m[39m src/shared/cdp-discovery-resolve.test.ts[2m > [22mresolveLivePort[2m > [22mreturns null when findRunningPids throws (layer 2 best-effort)[32m 1[2mms[22m[39m
 [32m✓[39m [30m[45m main [49m[39m src/main/fs-utils.test.ts[2m > [22mwriteJsonAtomic[2m > [22mwrites pretty-printed JSON with a trailing newline[32m 33[2mms[22m[39m
 [32m✓[39m [30m[45m main [49m[39m src/main/fs-utils.test.ts[2m > [22mwriteJsonAtomic[2m > [22mcreates nested parent directories that do not exist yet[32m 59[2mms[22m[39m
 [32m✓[39m [30m[45m main [49m[39m src/shared/cdp-discovery-resolve.test.ts[2m > [22mresolveLivePort[2m > [22mlayer 2 (argv): skips the knownDeadPort and continues to netstat[32m 1[2mms[22m[39m
 [32m✓[39m [30m[45m main [49m[39m src/main/wallpaper/theme-wallpaper.test.ts[2m > [22mregisterThemeWallpaperForInstalled[2m > [22mregisters a bundled video wallpaper when the file exists[32m 72[2mms[22m[39m
 [32m✓[39m [30m[45m main [49m[39m src/main/wallpaper/theme-wallpaper.test.ts[2m > [22mregisterThemeWallpaperForInstalled[2m > [22mskips when the video file is missing (never throws)[32m 3[2mms[22m[39m
 [32m✓[39m [30m[45m main [49m[39m src/main/wallpaper/theme-wallpaper.test.ts[2m > [22mregisterThemeWallpaperForInstalled[2m > [22mskips when the theme has no wallpaper.video[32m 16[2mms[22m[39m
 [32m✓[39m [30m[45m main [49m[39m src/shared/cdp-discovery.test.ts[2m > [22misPort[2m > [22maccepts integers in the valid TCP range (1024-65535)[32m 3[2mms[22m[39m
 [32m✓[39m [30m[45m main [49m[39m src/shared/cdp-discovery.test.ts[2m > [22misPort[2m > [22mrejects ports below 1024 (privileged range)[32m 0[2mms[22m[39m
 [32m✓[39m [30m[45m main [49m[39m src/shared/cdp-discovery.test.ts[2m > [22misPort[2m > [22mrejects ports above 65535[32m 0[2mms[22m[39m
 [32m✓[39m [30m[45m main [49m[39m src/shared/cdp-discovery.test.ts[2m > [22misPort[2m > [22mrejects non-integer numbers[32m 0[2mms[22m[39m
 [32m✓[39m [30m[45m main [49m[39m src/shared/cdp-discovery.test.ts[2m > [22misPort[2m > [22mrejects non-number types[32m 0[2mms[22m[39m
 [32m✓[39m [30m[45m main [49m[39m src/shared/cdp-discovery.test.ts[2m > [22misPort[2m > [22macts as a type guard (narrows to number)[32m 0[2mms[22m[39m
 [32m✓[39m [30m[45m main [49m[39m src/shared/cdp-discovery.test.ts[2m > [22mprobePortLive[2m > [22mreturns true when a server is listening on the port[32m 97[2mms[22m[39m
 [32m✓[39m [30m[45m main [49m[39m src/main/fs-utils.test.ts[2m > [22mwriteJsonAtomic[2m > [22moverwrites an existing file atomically (rename onto target)[32m 8[2mms[22m[39m
 [32m✓[39m [30m[45m main [49m[39m src/main/fs-utils.test.ts[2m > [22mwriteJsonAtomic[2m > [22mcleans up the temp file and rethrows when rename fails[32m 9[2mms[22m[39m
 [32m✓[39m [30m[45m main [49m[39m src/main/fs-utils.test.ts[2m > [22mappendLogLine[2m > [22mappends a line, creating parent directories as needed[32m 7[2mms[22m[39m
 [32m✓[39m [30m[45m main [49m[39m src/main/fs-utils.test.ts[2m > [22mappendLogLine[2m > [22mnever throws when the target path is unwritable[32m 6[2mms[22m[39m
 [32m✓[39m [30m[45m main [49m[39m src/main/wallpaper/theme-wallpaper.test.ts[2m > [22mregisterThemeWallpaperForInstalled[2m > [22mskips when the wallpaper service is unavailable[32m 22[2mms[22m[39m
 [32m✓[39m [30m[45m main [49m[39m src/main/wallpaper/theme-wallpaper.test.ts[2m > [22mregisterThemeWallpaperForInstalled[2m > [22mblocks video paths that escape the package root (traversal / absolute)[32m 3[2mms[22m[39m
 [32m✓[39m [30m[45m main [49m[39m src/main/wallpaper/theme-wallpaper.test.ts[2m > [22mregisterThemeWallpaperForInstalled[2m > [22mstill registers videos inside the root even when the id contains dots[32m 11[2mms[22m[39m
 [32m✓[39m [30m[45m main [49m[39m src/shared/cdp-discovery.test.ts[2m > [22mprobePortLive[2m > [22mreturns false when nothing is listening on the port[32m 4[2mms[22m[39m
 [32m✓[39m [30m[45m main [49m[39m src/shared/cdp-discovery.test.ts[2m > [22mprobePortLive[2m > [22mreturns false on timeout (port exists but does not respond in time)[32m 4[2mms[22m[39m
stderr | src/main/services/performance/performance-logger.test.ts > PerformanceLogger — log() & ring buffer > 51st log() triggers overflow: traceOverflowCount === 1, buffer stays at MAX_HISTORY
[PerformanceLogger] ring buffer overflow: MAX_HISTORY=50 exceeded, oldest trace discarded. Increase MAX_HISTORY or persist traces to disk if historical data retention is required.

stderr | src/main/services/performance/performance-logger.test.ts > PerformanceLogger — log() & ring buffer > accumulates traceOverflowCount across multiple overflows
[PerformanceLogger] ring buffer overflow: MAX_HISTORY=50 exceeded, oldest trace discarded. Increase MAX_HISTORY or persist traces to disk if historical data retention is required.

stderr | src/main/services/performance/performance-logger.test.ts > PerformanceLogger — log() & ring buffer > after overflow, buffer retains the most recent MAX_HISTORY entries (FIFO eviction)
[PerformanceLogger] ring buffer overflow: MAX_HISTORY=50 exceeded, oldest trace discarded. Increase MAX_HISTORY or persist traces to disk if historical data retention is required.

stderr | src/main/services/performance/performance-logger.test.ts > PerformanceLogger — getStats() > reflects accumulated overflowCount in stats after buffer wraps
[PerformanceLogger] ring buffer overflow: MAX_HISTORY=50 exceeded, oldest trace discarded. Increase MAX_HISTORY or persist traces to disk if historical data retention is required.

stderr | src/main/services/performance/performance-logger.test.ts > PerformanceLogger — clear() > resets traceOverflowCount to zero
[PerformanceLogger] ring buffer overflow: MAX_HISTORY=50 exceeded, oldest trace discarded. Increase MAX_HISTORY or persist traces to disk if historical data retention is required.

 [32m✓[39m [30m[45m main [49m[39m src/main/services/performance/performance-logger.test.ts[2m > [22mPerformanceLogger — log() & ring buffer[2m > [22mfirst log() pushes one entry and buffer length becomes 1[32m 6[2mms[22m[39m
 [32m✓[39m [30m[45m main [49m[39m src/main/services/performance/performance-logger.test.ts[2m > [22mPerformanceLogger — log() & ring buffer[2m > [22mfills up to MAX_HISTORY (50) without overflowing[32m 1[2mms[22m[39m
 [32m✓[39m [30m[45m main [49m[39m src/main/services/performance/performance-logger.test.ts[2m > [22mPerformanceLogger — log() & ring buffer[2m > [22m51st log() triggers overflow: traceOverflowCount === 1, buffer stays at MAX_HISTORY[32m 2[2mms[22m[39m
 [32m✓[39m [30m[45m main [49m[39m src/main/services/performance/performance-logger.test.ts[2m > [22mPerformanceLogger — log() & ring buffer[2m > [22maccumulates traceOverflowCount across multiple overflows[32m 1[2mms[22m[39m
 [32m✓[39m [30m[45m main [49m[39m src/main/services/performance/performance-logger.test.ts[2m > [22mPerformanceLogger — log() & ring buffer[2m > [22mwarns via console.warn exactly once on first overflow, not on subsequent ones[32m 2[2mms[22m[39m
 [32m✓[39m [30m[45m main [49m[39m src/main/services/performance/performance-logger.test.ts[2m > [22mPerformanceLogger — log() & ring buffer[2m > [22mafter overflow, buffer retains the most recent MAX_HISTORY entries (FIFO eviction)[32m 1[2mms[22m[39m
 [32m✓[39m [30m[45m main [49m[39m src/main/services/performance/performance-logger.test.ts[2m > [22mPerformanceLogger — getRecent()[2m > [22mreturns [] when the buffer is empty[32m 1[2mms[22m[39m
 [32m✓[39m [30m[45m main [49m[39m src/main/services/performance/performance-logger.test.ts[2m > [22mPerformanceLogger — getRecent()[2m > [22mreturns up to count entries in most-recent-first order[32m 0[2mms[22m[39m
 [32m✓[39m [30m[45m main [49m[39m src/main/services/performance/performance-logger.test.ts[2m > [22mPerformanceLogger — getRecent()[2m > [22mreturns all entries when count exceeds buffer length[32m 1[2mms[22m[39m
 [32m✓[39m [30m[45m main [49m[39m src/main/services/performance/performance-logger.test.ts[2m > [22mPerformanceLogger — getRecent()[2m > [22mgetRecent(0) returns a full reversed copy (slice(-0) quirk)[32m 1[2mms[22m[39m
 [32m✓[39m [30m[45m main [49m[39m src/main/services/performance/performance-logger.test.ts[2m > [22mPerformanceLogger — getRecent()[2m > [22mreturns a new array instance (structural copy), but entries are shared references (shallow copy)[32m 1[2mms[22m[39m
 [32m✓[39m [30m[45m main [49m[39m src/main/services/performance/performance-logger.test.ts[2m > [22mPerformanceLogger — getStats()[2m > [22mreturns zeroed stats when the buffer is empty[32m 0[2mms[22m[39m
 [32m✓[39m [30m[45m main [49m[39m src/main/services/performance/performance-logger.test.ts[2m > [22mPerformanceLogger — getStats()[2m > [22mcomputes avgDurationMs for a single trace[32m 0[2mms[22m[39m
 [32m✓[39m [30m[45m main [49m[39m src/main/services/performance/performance-logger.test.ts[2m > [22mPerformanceLogger — getStats()[2m > [22mrounds avgDurationMs to nearest integer (Math.round)[32m 0[2mms[22m[39m
 [32m✓[39m [30m[45m main [49m[39m src/main/services/performance/performance-logger.test.ts[2m > [22mPerformanceLogger — getStats()[2m > [22mbuckets by agentId in perAgentAvg[32m 3[2mms[22m[39m
 [32m✓[39m [30m[45m main [49m[39m src/main/services/performance/performance-logger.test.ts[2m > [22mPerformanceLogger — getStats()[2m > [22mreflects accumulated overflowCount in stats after buffer wraps[32m 1[2mms[22m[39m
 [32m✓[39m [30m[45m main [49m[39m src/main/services/performance/performance-logger.test.ts[2m > [22mPerformanceLogger — memory sampler[2m > [22mgetLatestMemory() is null before any sample is taken[32m 1[2mms[22m[39m
 [32m✓[39m [30m[45m main [49m[39m src/main/services/performance/performance-logger.test.ts[2m > [22mPerformanceLogger — memory sampler[2m > [22mstartMemorySampler() captures an immediate baseline sample then ticks[32m 4[2mms[22m[39m
 [32m✓[39m [30m[45m main [49m[39m src/main/services/performance/performance-logger.test.ts[2m > [22mPerformanceLogger — memory sampler[2m > [22mstopMemorySampler() halts sampling (no new samples after stop)[32m 1[2mms[22m[39m
 [32m✓[39m [30m[45m main [49m[39m src/main/services/performance/performance-logger.test.ts[2m > [22mPerformanceLogger — memory sampler[2m > [22mcaps the ring buffer at MEM_SAMPLE_MAX (120) retaining only the newest[32m 1[2mms[22m[39m
 [32m✓[39m [30m[45m main [49m[39m src/main/services/performance/performance-logger.test.ts[2m > [22mPerformanceLogger — getHistory()[2m > [22mreturns a { recent, stats } object structure[32m 0[2mms[22m[39m
 [32m✓[39m [30m[45m main [49m[39m src/main/services/performance/performance-logger.test.ts[2m > [22mPerformanceLogger — getHistory()[2m > [22mrecent and stats are consistent (totalApplies matches recent length)[32m 0[2mms[22m[39m
 [32m✓[39m [30m[45m main [49m[39m src/main/services/performance/performance-logger.test.ts[2m > [22mPerformanceLogger — getHistory()[2m > [22mrespects count parameter — only the most recent N are returned[32m 0[2mms[22m[39m
 [32m✓[39m [30m[45m main [49m[39m src/main/services/performance/performance-logger.test.ts[2m > [22mPerformanceLogger — clear()[2m > [22mempties the trace buffer after clear()[32m 0[2mms[22m[39m
 [32m✓[39m [30m[45m main [49m[39m src/main/services/performance/performance-logger.test.ts[2m > [22mPerformanceLogger — clear()[2m > [22mresets traceOverflowCount to zero[32m 1[2mms[22m[39m
 [32m✓[39m [30m[45m main [49m[39m src/main/services/performance/performance-logger.test.ts[2m > [22mPerformanceLogger — clear()[2m > [22mresets overflowWarned — next overflow triggers console.warn again[32m 1[2mms[22m[39m
 [32m✓[39m [30m[45m main [49m[39m src/main/services/performance/performance-logger.test.ts[2m > [22mPerformanceLogger — clear()[2m > [22malso clears the timeout sidecar state[32m 0[2mms[22m[39m
 [32m✓[39m [30m[45m main [49m[39m src/main/ipc/with-monitored-timeout.test.ts[2m > [22mwithMonitoredTimeout[2m > [22mrecords an IPC timeout event to performanceLogger on timeout[32m 20[2mms[22m[39m
 [32m✓[39m [30m[45m main [49m[39m src/main/ipc/with-monitored-timeout.test.ts[2m > [22mwithMonitoredTimeout[2m > [22mdoes NOT record a timeout event when the promise rejects for a non-timeout reason[32m 2[2mms[22m[39m
 [32m✓[39m [30m[45m main [49m[39m src/main/ipc/with-monitored-timeout.test.ts[2m > [22mwithMonitoredTimeout[2m > [22mdoes NOT record a timeout event when the promise resolves normally[32m 1[2mms[22m[39m
 [32m✓[39m [30m[45m main [49m[39m src/main/ipc/with-monitored-timeout.test.ts[2m > [22mwithMonitoredTimeout[2m > [22mpropagates the original timeout reason after recording[32m 10[2mms[22m[39m
 [32m✓[39m [30m[45m main [49m[39m src/main/ipc/studio-project-ipc.test.ts[2m > [22mstudio-project-ipc — project CRUD[2m > [22mcreates a project with an ASCII-safe id even for Chinese names[32m 12[2mms[22m[39m
 [32m✓[39m [30m[45m main [49m[39m src/main/ipc/studio-project-ipc.test.ts[2m > [22mstudio-project-ipc — project CRUD[2m > [22mcreates a project with an English name and a slug-based id[32m 6[2mms[22m[39m
 [32m✓[39m [30m[45m main [49m[39m src/main/ipc/studio-project-ipc.test.ts[2m > [22mstudio-project-ipc — project CRUD[2m > [22mrejects an invalid agentId on create[32m 4[2mms[22m[39m
 [32m✓[39m [30m[45m main [49m[39m src/main/ipc/studio-project-ipc.test.ts[2m > [22mstudio-project-ipc — project CRUD[2m > [22mlists projects, auto-seeding a default project when empty[32m 5[2mms[22m[39m
 [32m✓[39m [30m[45m main [49m[39m src/main/ipc/studio-project-ipc.test.ts[2m > [22mstudio-project-ipc — project CRUD[2m > [22msaves an updated project back to disk[32m 10[2mms[22m[39m
 [32m✓[39m [30m[45m main [49m[39m src/main/ipc/studio-project-ipc.test.ts[2m > [22mstudio-project-ipc — project CRUD[2m > [22mrejects a save with an invalid payload[32m 5[2mms[22m[39m
 [32m✓[39m [30m[45m main [49m[39m src/main/ipc/studio-project-ipc.test.ts[2m > [22mstudio-project-ipc — project CRUD[2m > [22mdeletes a project and removes its directory[32m 7[2mms[22m[39m
 [32m✓[39m [30m[45m main [49m[39m src/main/ipc/studio-project-ipc.test.ts[2m > [22mstudio-project-ipc — project CRUD[2m > [22mrejects deleting an unsafe (path-traversal) id[32m 1[2mms[22m[39m
 [32m✓[39m [30m[45m main [49m[39m src/main/ipc/studio-project-ipc.test.ts[2m > [22mstudio-project-ipc — project CRUD[2m > [22mrejects deleting a non-ASCII id (defense for the old slugify bug)[32m 1[2mms[22m[39m
 [32m✓[39m [30m[45m main [49m[39m src/main/ipc/studio-project-ipc.test.ts[2m > [22mstudio-project-ipc — snapshots[2m > [22msaves and loads a snapshot for an existing project id[32m 10[2mms[22m[39m
 [32m✓[39m [30m[45m main [49m[39m src/main/ipc/studio-project-ipc.test.ts[2m > [22mstudio-project-ipc — snapshots[2m > [22mrejects snapshot save for an unsafe project id[32m 7[2mms[22m[39m
 [32m✓[39m [30m[45m main [49m[39m src/main/ipc/studio-project-ipc.test.ts[2m > [22mstudio-project-ipc — snapshots[2m > [22mreturns null loading a snapshot for a missing/invalid id[32m 1[2mms[22m[39m
 [32m✓[39m [30m[45m main [49m[39m src/main/locale-preferences.test.ts[2m > [22mlocale preferences[2m > [22muses Chinese on first launch regardless of system locale and persists it[32m 44[2mms[22m[39m
 [32m✓[39m [30m[45m main [49m[39m src/main/locale-preferences.test.ts[2m > [22mlocale preferences[2m > [22mfalls back to Chinese for unsupported system languages[32m 31[2mms[22m[39m
 [32m✓[39m [30m[45m main [49m[39m src/main/locale-preferences.test.ts[2m > [22mlocale preferences[2m > [22mkeeps the saved user choice instead of following later system changes[32m 8[2mms[22m[39m
 [32m✓[39m [30m[45m main [49m[39m src/main/cdp/cdp-client.test.ts[2m > [22mconnectCdp[2m > [22msuccessful connection[2m > [22mresolves with a CdpSession when ws.onopen fires[32m 4[2mms[22m[39m
 [32m✓[39m [30m[45m main [49m[39m src/main/cdp/cdp-client.test.ts[2m > [22mconnectCdp[2m > [22msuccessful connection[2m > [22mpasses the webSocketDebuggerUrl to the WebSocket constructor[32m 1[2mms[22m[39m
 [32m✓[39m [30m[45m main [49m[39m src/main/cdp/cdp-client.test.ts[2m > [22mconnectCdp[2m > [22mconnection timeout[2m > [22mrejects with "CDP connect timeout" when onopen does not fire in time[32m 7[2mms[22m[39m
 [32m✓[39m [30m[45m main [49m[39m src/main/cdp/cdp-client.test.ts[2m > [22mconnectCdp[2m > [22mconnection timeout[2m > [22mcalls session.close() on connect timeout to clean up the socket[32m 1[2mms[22m[39m
 [32m✓[39m [30m[45m main [49m[39m src/main/cdp/cdp-client.test.ts[2m > [22mconnectCdp[2m > [22mconnection error[2m > [22mrejects with "CDP connection failed" when ws.onerror fires[32m 1[2mms[22m[39m
 [32m✓[39m [30m[45m main [49m[39m src/main/cdp/cdp-client.test.ts[2m > [22mconnectCdp[2m > [22mconnection error[2m > [22mcalls session.close() on connection error[32m 1[2mms[22m[39m
 [32m✓[39m [30m[45m main [49m[39m src/main/cdp/cdp-client.test.ts[2m > [22mconnectCdp[2m > [22mdefault timeouts[2m > [22muses 5000ms open timeout by default[32m 1[2mms[22m[39m
 [32m✓[39m [30m[45m main [49m[39m src/main/cdp/cdp-client.test.ts[2m > [22mCdpSession.send[2m > [22msends a JSON message with incrementing id, method, and params[32m 3[2mms[22m[39m
 [32m✓[39m [30m[45m main [49m[39m src/main/cdp/cdp-client.test.ts[2m > [22mCdpSession.send[2m > [22mdefaults params to empty object when not provided[32m 1[2mms[22m[39m
 [32m✓[39m [30m[45m main [49m[39m src/main/cdp/cdp-client.test.ts[2m > [22mCdpSession.send[2m > [22mincrements id for each subsequent command[32m 1[2mms[22m[39m
 [32m✓[39m [30m[45m main [49m[39m src/main/cdp/cdp-client.test.ts[2m > [22mCdpSession.send[2m > [22mresolves with the result field from the CDP response[32m 1[2mms[22m[39m
 [32m✓[39m [30m[45m main [49m[39m src/main/cdp/cdp-client.test.ts[2m > [22mCdpSession.send[2m > [22mrejects with error message and code when CDP returns an error[32m 1[2mms[22m[39m
 [32m✓[39m [30m[45m main [49m[39m src/main/cdp/cdp-client.test.ts[2m > [22mCdpSession.send[2m > [22mrejects with "CDP request timed out: <method>" after commandTimeoutMs[32m 1[2mms[22m[39m
 [32m✓[39m [30m[45m main [49m[39m src/main/cdp/cdp-client.test.ts[2m > [22mCdpSession.send[2m > [22mdoes not reject twice if a late response arrives after timeout[32m 1[2mms[22m[39m
 [32m✓[39m [30m[45m main [49m[39m src/main/cdp/cdp-client.test.ts[2m > [22mCdpSession.send[2m > [22mrejects if ws.send() throws (socket not ready)[32m 1[2mms[22m[39m
 [32m✓[39m [30m[45m main [49m[39m src/main/cdp/cdp-client.test.ts[2m > [22mCdpSession.send[2m > [22mhandles non-Error throws from ws.send() by wrapping in Error[32m 1[2mms[22m[39m
 [32m✓[39m [30m[45m main [49m[39m src/main/cdp/cdp-client.test.ts[2m > [22mCdpSession.evaluate[2m > [22msends Runtime.evaluate with expression, returnByValue, and awaitPromise[32m 1[2mms[22m[39m
 [32m✓[39m [30m[45m main [49m[39m src/main/cdp/cdp-client.test.ts[2m > [22mCdpSession.evaluate[2m > [22mreturns stringified value when result.value is a number[32m 0[2mms[22m[39m
 [32m✓[39m [30m[45m main [49m[39m src/main/cdp/cdp-client.test.ts[2m > [22mCdpSession.evaluate[2m > [22mreturns "null" when result.value is null or undefined[32m 0[2mms[22m[39m
 [32m✓[39m [30m[45m main [49m[39m src/main/cdp/cdp-client.test.ts[2m > [22mCdpSession.evaluate[2m > [22mreturns "null" when result.value is missing entirely[32m 0[2mms[22m[39m
 [32m✓[39m [30m[45m main [49m[39m src/main/cdp/cdp-client.test.ts[2m > [22mCdpSession.evaluate[2m > [22mrejects with "Renderer evaluation failed: <desc>" when exceptionDetails has exception.description[32m 1[2mms[22m[39m
 [32m✓[39m [30m[45m main [49m[39m src/main/cdp/cdp-client.test.ts[2m > [22mCdpSession.evaluate[2m > [22mfalls back to exceptionDetails.text when exception.description is missing[32m 0[2mms[22m[39m
 [32m✓[39m [30m[45m main [49m[39m src/main/cdp/cdp-client.test.ts[2m > [22mCdpSession.evaluate[2m > [22mfalls back to "unknown renderer error" when exceptionDetails has no text[32m 1[2mms[22m[39m
 [32m✓[39m [30m[45m main [49m[39m src/main/cdp/cdp-client.test.ts[2m > [22mCdpSession.close[2m > [22mcloses the underlying WebSocket[32m 0[2mms[22m[39m
 [32m✓[39m [30m[45m main [49m[39m src/main/cdp/cdp-client.test.ts[2m > [22mCdpSession.close[2m > [22mrejects all pending commands with "CDP session closed."[32m 0[2mms[22m[39m
 [32m✓[39m [30m[45m main [49m[39m src/main/cdp/cdp-client.test.ts[2m > [22mCdpSession.close[2m > [22mdoes not throw if ws.close() throws (already closed)[32m 0[2mms[22m[39m
 [32m✓[39m [30m[45m main [49m[39m src/main/cdp/cdp-client.test.ts[2m > [22mCdpSession.close[2m > [22mis safe to call multiple times[32m 0[2mms[22m[39m
 [32m✓[39m [30m[45m main [49m[39m src/main/cdp/cdp-client.test.ts[2m > [22mCdpSession.close — resource cleanup (RC1)[2m > [22mrejects pending command on close and clears its timeout timer (no dangling handle)[32m 1[2mms[22m[39m
 [32m✓[39m [30m[45m main [49m[39m src/main/cdp/cdp-client.test.ts[2m > [22mCdpSession.close — resource cleanup (RC1)[2m > [22mclears event listeners on close so registered handlers do not leak[32m 1[2mms[22m[39m
 [32m✓[39m [30m[45m main [49m[39m src/main/cdp/cdp-client.test.ts[2m > [22munexpected WebSocket close[2m > [22mrejects all pending commands when ws.onclose fires[32m 1[2mms[22m[39m
 [32m✓[39m [30m[45m main [49m[39m src/main/cdp/cdp-client.test.ts[2m > [22munexpected WebSocket close[2m > [22mdoes not affect future commands after close (they just hang until timeout)[32m 1[2mms[22m[39m
 [32m✓[39m [30m[45m main [49m[39m src/main/cdp/cdp-client.test.ts[2m > [22monmessage edge cases[2m > [22mignores messages that are not valid JSON[32m 0[2mms[22m[39m
 [32m✓[39m [30m[45m main [49m[39m src/main/cdp/cdp-client.test.ts[2m > [22monmessage edge cases[2m > [22mignores messages with no id field[32m 0[2mms[22m[39m
 [32m✓[39m [30m[45m main [49m[39m src/main/cdp/cdp-client.test.ts[2m > [22monmessage edge cases[2m > [22mignores responses with unknown id (already resolved/timed out)[32m 1[2mms[22m[39m
 [32m✓[39m [30m[45m main [49m[39m src/main/cdp/cdp-client.test.ts[2m > [22monmessage edge cases[2m > [22mcorrectly routes responses by id when multiple commands are in flight[32m 1[2mms[22m[39m
 [32m✓[39m [30m[45m main [49m[39m src/main/cdp/cdp-client.test.ts[2m > [22mconnectEventCdp[2m > [22mexposes on/off alongside send/evaluate/close[32m 1[2mms[22m[39m
 [32m✓[39m [30m[45m main [49m[39m src/main/cdp/cdp-client.test.ts[2m > [22mconnectEventCdp[2m > [22mdispatches events to subscribed handlers (CDP-4)[32m 1[2mms[22m[39m
 [32m✓[39m [30m[45m main [49m[39m src/main/cdp/cdp-client.test.ts[2m > [22mconnectEventCdp[2m > [22mdispatches to multiple handlers for the same event[32m 0[2mms[22m[39m
 [32m✓[39m [30m[45m main [49m[39m src/main/cdp/cdp-client.test.ts[2m > [22mconnectEventCdp[2m > [22mdoes not dispatch after off()[32m 0[2mms[22m[39m
 [32m✓[39m [30m[45m main [49m[39m src/main/cdp/cdp-client.test.ts[2m > [22mconnectEventCdp[2m > [22mdoes not dispatch removed handler while keeping others[32m 0[2mms[22m[39m
 [32m✓[39m [30m[45m main [49m[39m src/main/cdp/cdp-client.test.ts[2m > [22mconnectEventCdp[2m > [22mignores events with no subscribers[32m 0[2mms[22m[39m
 [32m✓[39m [30m[45m main [49m[39m src/main/cdp/cdp-client.test.ts[2m > [22mconnectEventCdp[2m > [22ma throwing handler does not break the socket or other handlers[32m 0[2mms[22m[39m
 [32m✓[39m [30m[45m main [49m[39m src/main/cdp/cdp-client.test.ts[2m > [22mconnectEventCdp[2m > [22mkeeps evaluating while subscribed to events[32m 0[2mms[22m[39m
 [32m✓[39m [30m[45m main [49m[39m src/main/cdp/cdp-client.test.ts[2m > [22mconnectEventCdp[2m > [22mroutes responses and events independently when both in flight[32m 0[2mms[22m[39m
 [32m✓[39m [30m[45m main [49m[39m src/main/wallpaper-lifecycle.test.ts[2m > [22mwallpaper lifecycle cleanup[2m > [22mregisters 4 power-monitor listeners + 1 app will-quit, and _resetWallpaperLifecycleForTest removes all[33m 314[2mms[22m[39m
 [32m✓[39m [30m[45m main [49m[39m src/main/wallpaper-lifecycle.test.ts[2m > [22mwallpaper lifecycle cleanup[2m > [22msecond register call is a no-op (listeners stay at 5)[32m 2[2mms[22m[39m
 [32m✓[39m [30m[45m main [49m[39m src/main/wallpaper-lifecycle.test.ts[2m > [22mwallpaper lifecycle cleanup[2m > [22mafter cleanup, register restores all 5 listeners[32m 2[2mms[22m[39m
 [32m✓[39m [30m[45m main [49m[39m src/main/wallpaper-lifecycle.test.ts[2m > [22mwallpaper lifecycle cleanup[2m > [22m_resetWallpaperLifecycleForTest matches the cleanup return behaviour[32m 1[2mms[22m[39m
 [32m✓[39m [30m[45m main [49m[39m src/main/env-preset-store.test.ts[2m > [22menv-preset-store[2m > [22mreturns [] when the preset file is missing[32m 41[2mms[22m[39m
 [32m✓[39m [30m[45m main [49m[39m src/main/env-preset-store.test.ts[2m > [22menv-preset-store[2m > [22mround-trips presets including wallpaperId[32m 9[2mms[22m[39m
 [32m✓[39m [30m[45m main [49m[39m src/main/env-preset-store.test.ts[2m > [22menv-preset-store[2m > [22mback-fills wallpaperId: null for legacy (v1) entries[32m 4[2mms[22m[39m
 [32m✓[39m [30m[45m main [49m[39m src/main/env-preset-store.test.ts[2m > [22menv-preset-store[2m > [22mdrops presets that fail field validation[32m 4[2mms[22m[39m
 [32m✓[39m [30m[45m main [49m[39m src/main/env-preset-store.test.ts[2m > [22menv-preset-store[2m > [22mpersists under schema version 2[32m 4[2mms[22m[39m
 [32m✓[39m [30m[45m main [49m[39m src/main/env-preset-store.test.ts[2m > [22menv-preset-store[2m > [22msaveEnvPresets tolerates non-array input[32m 4[2mms[22m[39m
 [32m✓[39m [30m[45m main [49m[39m src/main/profile/studio-history.test.ts[2m > [22mStudioHistory[2m > [22mstarts empty with no undo/redo[32m 4[2mms[22m[39m
 [32m✓[39m [30m[45m main [49m[39m src/main/profile/studio-history.test.ts[2m > [22mStudioHistory[2m > [22mrecords entries and increases size[32m 3[2mms[22m[39m
 [32m✓[39m [30m[45m main [49m[39m src/main/profile/studio-history.test.ts[2m > [22mStudioHistory[2m > [22mundo returns previous snapshot[32m 1[2mms[22m[39m
 [32m✓[39m [30m[45m main [49m[39m src/main/profile/studio-history.test.ts[2m > [22mStudioHistory[2m > [22mredo moves forward again[32m 0[2mms[22m[39m
 [32m✓[39m [30m[45m main [49m[39m src/main/profile/studio-history.test.ts[2m > [22mStudioHistory[2m > [22mrecording after undo discards the redo tail[32m 1[2mms[22m[39m
 [32m✓[39m [30m[45m main [49m[39m src/main/profile/studio-history.test.ts[2m > [22mStudioHistory[2m > [22mrespects the bounded limit and trims the head[32m 1[2mms[22m[39m
 [32m✓[39m [30m[45m main [49m[39m src/main/profile/studio-history.test.ts[2m > [22mStudioHistory[2m > [22misolates snapshots — mutating the returned object does not affect history[32m 0[2mms[22m[39m
 [32m✓[39m [30m[45m main [49m[39m src/main/profile/studio-history.test.ts[2m > [22mStudioHistory[2m > [22mreset clears everything[32m 0[2mms[22m[39m
 [32m✓[39m [30m[45m main [49m[39m src/main/profile/studio-history.test.ts[2m > [22mStudioHistory[2m > [22mview expose shape for UI consumption[32m 2[2mms[22m[39m
 [32m✓[39m [30m[45m main [49m[39m src/main/profile/studio-history.test.ts[2m > [22mformatHistoryTime[2m > [22mreturns a formatted time string for a valid ISO timestamp[32m 26[2mms[22m[39m
 [32m✓[39m [30m[45m main [49m[39m src/main/profile/studio-history.test.ts[2m > [22mformatHistoryTime[2m > [22mreturns raw input on parse failure[32m 0[2mms[22m[39m
[90mstdout[2m | src/main/ipc/wallpaper-ipc.test.ts
[22m[39m[agentskin:cdp-patch] fetch interceptor installed (WebSocket /json/list fallback)

 [32m✓[39m [30m[45m main [49m[39m src/main/ipc/theme-ipc.test.ts[2m > [22mtheme-ipc parameter validation[2m > [22mTHEME_GET[2m > [22mrejects non-string theme id[32m 6[2mms[22m[39m
 [32m✓[39m [30m[45m main [49m[39m src/main/ipc/theme-ipc.test.ts[2m > [22mtheme-ipc parameter validation[2m > [22mTHEME_GET[2m > [22mrejects empty theme id[32m 1[2mms[22m[39m
 [32m✓[39m [30m[45m main [49m[39m src/main/ipc/theme-ipc.test.ts[2m > [22mtheme-ipc parameter validation[2m > [22mTHEME_GET[2m > [22mrejects path-traversal theme id[32m 1[2mms[22m[39m
 [32m✓[39m [30m[45m main [49m[39m src/main/ipc/theme-ipc.test.ts[2m > [22mtheme-ipc parameter validation[2m > [22mTHEME_SEARCH[2m > [22mrejects non-string query[32m 3[2mms[22m[39m
 [32m✓[39m [30m[45m main [49m[39m src/main/ipc/theme-ipc.test.ts[2m > [22mtheme-ipc parameter validation[2m > [22mTHEME_SEARCH[2m > [22mrejects empty query[32m 1[2mms[22m[39m
 [32m✓[39m [30m[45m main [49m[39m src/main/ipc/theme-ipc.test.ts[2m > [22mtheme-ipc parameter validation[2m > [22mTHEME_FILTER[2m > [22mrejects invalid agent id[32m 1[2mms[22m[39m
 [32m✓[39m [30m[45m main [49m[39m src/main/ipc/theme-ipc.test.ts[2m > [22mtheme-ipc parameter validation[2m > [22mTHEME_APPLY[2m > [22mrejects null request[32m 1[2mms[22m[39m
 [32m✓[39m [30m[45m main [49m[39m src/main/ipc/theme-ipc.test.ts[2m > [22mtheme-ipc parameter validation[2m > [22mTHEME_APPLY[2m > [22mrejects request with invalid appId[32m 1[2mms[22m[39m
 [32m✓[39m [30m[45m main [49m[39m src/main/ipc/theme-ipc.test.ts[2m > [22mtheme-ipc parameter validation[2m > [22mTHEME_APPLY[2m > [22mrejects request with non-string themeId[32m 1[2mms[22m[39m
 [32m✓[39m [30m[45m main [49m[39m src/main/ipc/theme-ipc.test.ts[2m > [22mtheme-ipc parameter validation[2m > [22mTHEME_RESTORE[2m > [22mrejects invalid agent id[32m 2[2mms[22m[39m
 [32m✓[39m [30m[45m main [49m[39m src/main/ipc/theme-ipc.test.ts[2m > [22mtheme-ipc parameter validation[2m > [22mTHEME_EXPORT[2m > [22mrejects non-string theme id[32m 1[2mms[22m[39m
 [32m✓[39m [30m[45m main [49m[39m src/main/ipc/theme-ipc.test.ts[2m > [22mtheme-ipc parameter validation[2m > [22mTHEME_EXPORT[2m > [22mrejects path-traversal theme id[32m 1[2mms[22m[39m
 [32m✓[39m [30m[45m main [49m[39m src/main/ipc/theme-ipc.test.ts[2m > [22mtheme-ipc parameter validation[2m > [22mTHEME_DELETE[2m > [22mrejects non-string theme id[32m 1[2mms[22m[39m
 [32m✓[39m [30m[45m main [49m[39m src/main/ipc/theme-ipc.test.ts[2m > [22mtheme-ipc parameter validation[2m > [22mTHEME_DELETE[2m > [22mrejects path-traversal theme id[32m 1[2mms[22m[39m
 [32m✓[39m [30m[45m main [49m[39m src/main/ipc/theme-ipc.test.ts[2m > [22mtheme-ipc parameter validation[2m > [22mTHEME_IMPORT_BYTES[2m > [22mrejects non-Buffer/non-Uint8Array bytes[32m 2[2mms[22m[39m
 [32m✓[39m [30m[45m main [49m[39m src/main/ipc/theme-ipc.test.ts[2m > [22mtheme-ipc parameter validation[2m > [22mTHEME_IMPORT_BYTES[2m > [22mrejects non-string suggestedId[32m 2[2mms[22m[39m
 [32m✓[39m [30m[45m main [49m[39m src/main/ipc/theme-ipc.test.ts[2m > [22mtheme-ipc parameter validation[2m > [22mTHEME_IMPORT_PATH[2m > [22mrejects non-string filePath[32m 1[2mms[22m[39m
 [32m✓[39m [30m[45m main [49m[39m src/main/ipc/theme-ipc.test.ts[2m > [22mtheme-ipc parameter validation[2m > [22mTHEME_IMPORT_PATH[2m > [22mrejects filePath that is not a theme package[32m 1[2mms[22m[39m
 [32m✓[39m [30m[45m main [49m[39m src/main/ipc/theme-ipc.test.ts[2m > [22mtheme-ipc parameter validation[2m > [22mTHEME_OPEN_FILE[2m > [22mrejects non-string filePath[32m 1[2mms[22m[39m
 [32m✓[39m [30m[45m main [49m[39m src/main/ipc/theme-ipc.test.ts[2m > [22mtheme-ipc parameter validation[2m > [22mTHEME_OPEN_FILE[2m > [22mrejects filePath that is not a theme package[32m 1[2mms[22m[39m
 [32m✓[39m [30m[45m main [49m[39m src/main/ipc/theme-ipc.test.ts[2m > [22mTHEME_APPLY regression[2m > [22mdependency failure passes through original error (not wrapped as IpcTimeoutError)[32m 1[2mms[22m[39m
 [32m✓[39m [30m[45m main [49m[39m src/main/ipc/theme-ipc.test.ts[2m > [22mTHEME_APPLY regression[2m > [22mrejects with IpcTimeoutError when the handler exceeds 30s[32m 5[2mms[22m[39m
 [32m✓[39m [30m[45m main [49m[39m src/main/ipc/theme-ipc.test.ts[2m > [22mTHEME_RESTORE regression[2m > [22mdependency failure passes through original error (not wrapped as IpcTimeoutError)[32m 1[2mms[22m[39m
 [32m✓[39m [30m[45m main [49m[39m src/main/ipc/theme-ipc.test.ts[2m > [22mTHEME_RESTORE regression[2m > [22mrejects with IpcTimeoutError when the handler exceeds 30s[32m 1[2mms[22m[39m
 [32m✓[39m [30m[45m main [49m[39m src/main/scene-pkg-parser.test.ts[2m > [22mparseSceneJson[2m > [22mgeneral[2m > [22mparses minimal general with defaults[32m 8[2mms[22m[39m
 [32m✓[39m [30m[45m main [49m[39m src/main/scene-pkg-parser.test.ts[2m > [22mparseSceneJson[2m > [22mgeneral[2m > [22mparses all general fields from a full scene[32m 3[2mms[22m[39m
 [32m✓[39m [30m[45m main [49m[39m src/main/scene-pkg-parser.test.ts[2m > [22mparseSceneJson[2m > [22mgeneral[2m > [22mhandles missing general gracefully[32m 1[2mms[22m[39m
 [32m✓[39m [30m[45m main [49m[39m src/main/scene-pkg-parser.test.ts[2m > [22mparseSceneJson[2m > [22mgeneral[2m > [22munwraps animated properties (script+value objects) to scalar[32m 1[2mms[22m[39m
 [32m✓[39m [30m[45m main [49m[39m src/main/scene-pkg-parser.test.ts[2m > [22mparseSceneJson[2m > [22mcamera[2m > [22mparses camera vectors from strings[32m 1[2mms[22m[39m
 [32m✓[39m [30m[45m main [49m[39m src/main/scene-pkg-parser.test.ts[2m > [22mparseSceneJson[2m > [22mcamera[2m > [22muses defaults when camera is missing[32m 1[2mms[22m[39m
 [32m✓[39m [30m[45m main [49m[39m src/main/scene-pkg-parser.test.ts[2m > [22mparseSceneJson[2m > [22mobjects[2m > [22mparses basic image layer object[32m 3[2mms[22m[39m
 [32m✓[39m [30m[45m main [49m[39m src/main/scene-pkg-parser.test.ts[2m > [22mparseSceneJson[2m > [22mobjects[2m > [22mparses particle object with instanceoverride[32m 2[2mms[22m[39m
 [32m✓[39m [30m[45m main [49m[39m src/main/scene-pkg-parser.test.ts[2m > [22mparseSceneJson[2m > [22mobjects[2m > [22mparses structured effects with passes[32m 2[2mms[22m[39m
 [32m✓[39m [30m[45m main [49m[39m src/main/scene-pkg-parser.test.ts[2m > [22mparseSceneJson[2m > [22mobjects[2m > [22mhandles empty objects array[32m 1[2mms[22m[39m
 [32m✓[39m [30m[45m main [49m[39m src/main/scene-pkg-parser.test.ts[2m > [22mparseSceneJson[2m > [22mobjects[2m > [22mhandles object with all optional fields null/missing[32m 1[2mms[22m[39m
 [32m✓[39m [30m[45m main [49m[39m src/main/scene-pkg-parser.test.ts[2m > [22mparseSceneJson[2m > [22mversion[2m > [22mparses version when present[32m 0[2mms[22m[39m
 [32m✓[39m [30m[45m main [49m[39m src/main/scene-pkg-parser.test.ts[2m > [22mparseSceneJson[2m > [22mversion[2m > [22mreturns null when version is absent[32m 1[2mms[22m[39m
 [32m✓[39m [30m[45m main [49m[39m src/main/scene-pkg-parser.test.ts[2m > [22mparseSceneJson[2m > [22mcamelCase field compatibility[2m > [22maccepts both clearcolor and clearColor[32m 1[2mms[22m[39m
 [32m✓[39m [30m[45m main [49m[39m src/main/scene-pkg-parser.test.ts[2m > [22mparseSceneJson[2m > [22mcamelCase field compatibility[2m > [22maccepts both orthogonalprojection and orthogonalProjection[32m 0[2mms[22m[39m
 [32m✓[39m [30m[45m main [49m[39m src/main/scene-pkg-parser.test.ts[2m > [22mparseSceneJson[2m > [22mmalformed input robustness[2m > [22mreturns full defaults for non-object root[32m 3[2mms[22m[39m
 [32m✓[39m [30m[45m main [49m[39m src/main/scene-pkg-parser.test.ts[2m > [22mparseSceneJson[2m > [22mmalformed input robustness[2m > [22mtreats a non-object general block as absent[32m 1[2mms[22m[39m
 [32m✓[39m [30m[45m main [49m[39m src/main/scene-pkg-parser.test.ts[2m > [22mparseSceneJson[2m > [22mmalformed input robustness[2m > [22mtreats a non-array objects field as an empty list[32m 0[2mms[22m[39m
 [32m✓[39m [30m[45m main [49m[39m src/main/scene-pkg-parser.test.ts[2m > [22mparseSceneJson[2m > [22mmalformed input robustness[2m > [22mskips non-object entries in the objects array instead of crashing[32m 1[2mms[22m[39m
 [32m✓[39m [30m[45m main [49m[39m src/main/scene-pkg-parser.test.ts[2m > [22mparseSceneJson[2m > [22mmalformed input robustness[2m > [22mfalls back to defaults for unparseable vector/color strings[32m 1[2mms[22m[39m
 [32m✓[39m [30m[45m main [49m[39m src/main/scene-pkg-parser.test.ts[2m > [22mparseSceneJson[2m > [22mmalformed input robustness[2m > [22mdrops garbage effects and effect passes, keeping well-formed ones[32m 1[2mms[22m[39m
 [32m✓[39m [30m[45m main [49m[39m src/main/scene-pkg-parser.test.ts[2m > [22mparseSceneJson[2m > [22mmalformed input robustness[2m > [22mfalls back to defaults when an animated property value is not numeric[32m 0[2mms[22m[39m
 [32m✓[39m [30m[45m main [49m[39m src/main/scene/tex-parser.test.ts[2m > [22mcappedTextureDim[2m > [22mclamps oversized textures to the cap and passes smaller ones through[32m 5[2mms[22m[39m
 [32m✓[39m [30m[45m main [49m[39m src/main/scene/tex-parser.test.ts[2m > [22mpickMipmapForDisplay[2m > [22mpicks the exact 2048 mip when available (closest ≤ cap)[32m 2[2mms[22m[39m
 [32m✓[39m [30m[45m main [49m[39m src/main/scene/tex-parser.test.ts[2m > [22mpickMipmapForDisplay[2m > [22mpicks a 16:9 1920x1080 mip for a fullscreen texture (best fit ≤ cap)[32m 1[2mms[22m[39m
 [32m✓[39m [30m[45m main [49m[39m src/main/scene/tex-parser.test.ts[2m > [22mpickMipmapForDisplay[2m > [22mpicks the 2048 mip from an 8192 chain[32m 1[2mms[22m[39m
 [32m✓[39m [30m[45m main [49m[39m src/main/scene/tex-parser.test.ts[2m > [22mpickMipmapForDisplay[2m > [22mfalls back to the largest mip when every mip is below the cap[32m 1[2mms[22m[39m
 [32m✓[39m [30m[45m main [49m[39m src/main/scene/tex-parser.test.ts[2m > [22mpickMipmapForDisplay[2m > [22muses the full-res mip when the chain has no cap-fitting mip (then downscaled)[32m 0[2mms[22m[39m
 [32m✓[39m [30m[45m main [49m[39m src/main/scene/tex-parser.test.ts[2m > [22mboxDownscaleRgba[2m > [22maverages 2x2 blocks for k=2[32m 1[2mms[22m[39m
 [32m✓[39m [30m[45m main [49m[39m src/main/scene/tex-parser.test.ts[2m > [22mboxDownscaleRgba[2m > [22mleaves the buffer length unchanged (in-place, no extra allocation)[32m 1[2mms[22m[39m
 [32m✓[39m [30m[45m main [49m[39m src/main/scene/tex-parser.test.ts[2m > [22mparseTex — 真实格式 fixture[2m > [22mparses a TEXV0005 with an uncompressed RGBA8888 mipmap[32m 4[2mms[22m[39m
 [32m✓[39m [30m[45m main [49m[39m src/main/scene/tex-parser.test.ts[2m > [22mparseTex — 真实格式 fixture[2m > [22mparses a DXT1-compressed 4×4 mipmap (single 16-byte block)[32m 3[2mms[22m[39m
 [32m✓[39m [30m[45m main [49m[39m src/main/scene/tex-parser.test.ts[2m > [22mparseTex — 真实格式 fixture[2m > [22mparses an embedded-PNG TEXB0003 container[32m 2[2mms[22m[39m
 [32m✓[39m [30m[45m main [49m[39m src/main/scene/tex-parser.test.ts[2m > [22mparseTex — 真实格式 fixture[2m > [22mparses a GIF texture with frame info (TEXS0001)[32m 6[2mms[22m[39m
 [32m✓[39m [30m[45m main [49m[39m src/main/scene/tex-parser.test.ts[2m > [22mparseTex — 真实格式 fixture[2m > [22mreturns null for a non-TEX buffer[32m 0[2mms[22m[39m
 [32m✓[39m [30m[45m main [49m[39m src/main/scene/tex-parser.test.ts[2m > [22mparseTex — 真实格式 fixture[2m > [22mreturns null for a TEX with the wrong magic[32m 1[2mms[22m[39m
 [32m✓[39m [30m[45m main [49m[39m src/main/scene/tex-parser.test.ts[2m > [22mtexFramesToDataUrls — GIF 帧渲染[2m > [22mrenders every frame of an animated texture, preserving frametimes[32m 6[2mms[22m[39m
 [32m✓[39m [30m[45m main [49m[39m src/main/scene/tex-parser.test.ts[2m > [22mtexFramesToDataUrls — GIF 帧渲染[2m > [22mreturns null for non-animated textures[32m 5[2mms[22m[39m
 [32m✓[39m [30m[45m main [49m[39m src/main/scene/tex-parser.test.ts[2m > [22mtexFramesToDataUrls — GIF 帧渲染[2m > [22mcrops sprite-atlas frames to their declared region[32m 6[2mms[22m[39m
 [32m✓[39m [30m[45m main [49m[39m src/main/scene/tex-parser.test.ts[2m > [22mtexFramesToDataUrls — GIF 帧渲染[2m > [22mskips frames that reference missing images and drops all frames when none decode[32m 10[2mms[22m[39m
 [32m✓[39m [30m[45m main [49m[39m src/main/scene/tex-parser.test.ts[2m > [22mtexToDataUrl — 嵌入 PNG 优先[2m > [22mreturns the embedded PNG byte-for-byte for TEXB0003 PNG containers[32m 3[2mms[22m[39m
 [32m✓[39m [30m[45m main [49m[39m src/main/scene/tex-parser.test.ts[2m > [22mBinaryReader 边界（读越界抛错）[2m > [22mthrows when reading past the end[32m 2[2mms[22m[39m
 [32m✓[39m [30m[45m main [49m[39m src/main/scene/tex-parser.test.ts[2m > [22mdecompressDxt — 鲁棒性（损坏/恶意尺寸不崩）[2m > [22mreturns null (not throw/OOM) on absurd dimensions[32m 0[2mms[22m[39m
 [32m✓[39m [30m[45m main [49m[39m src/main/scene/tex-parser.test.ts[2m > [22mdecompressDxt — 鲁棒性（损坏/恶意尺寸不崩）[2m > [22mreturns null on non-positive / non-finite dimensions[32m 0[2mms[22m[39m
 [32m✓[39m [30m[45m main [49m[39m src/main/scene/tex-parser.test.ts[2m > [22mdecompressDxt — 鲁棒性（损坏/恶意尺寸不崩）[2m > [22mreturns null when the source buffer is too short for the block layout[32m 0[2mms[22m[39m
 [32m✓[39m [30m[45m main [49m[39m src/main/scene/tex-parser.test.ts[2m > [22mdecompressDxt — 鲁棒性（损坏/恶意尺寸不崩）[2m > [22mreturns null for uncompressed formats whose buffer is too short[32m 0[2mms[22m[39m
 [32m✓[39m [30m[45m main [49m[39m src/main/scene/tex-parser.test.ts[2m > [22mdecompressDxt — 鲁棒性（损坏/恶意尺寸不崩）[2m > [22mstill decodes a valid small texture normally[32m 1[2mms[22m[39m
 [32m✓[39m [30m[45m main [49m[39m src/main/scene/tex-parser.test.ts[2m > [22mparseTex — 截断/损坏头鲁棒性[2m > [22mreturns null for a header truncated right after the magic[32m 0[2mms[22m[39m
 [32m✓[39m [30m[45m main [49m[39m src/main/scene/tex-parser.test.ts[2m > [22mparseTex — 截断/损坏头鲁棒性[2m > [22mparses a header with a malformed short mipmap without throwing, and decode fails gracefully[32m 0[2mms[22m[39m
 [32m✓[39m [30m[45m main [49m[39m src/main/scene/tex-parser.test.ts[2m > [22mrgbaToPngDataUrl — 输入校验[2m > [22mthrows a labelled RangeError on a too-small buffer[32m 1[2mms[22m[39m
 [32m✓[39m [30m[45m main [49m[39m src/main/scene/tex-parser.test.ts[2m > [22mrgbaToPngDataUrl — 输入校验[2m > [22mthrows on non-positive dimensions[32m 1[2mms[22m[39m
 [32m✓[39m [30m[45m main [49m[39m src/main/scene/tex-parser.test.ts[2m > [22mrgbaToPngDataUrl — 输入校验[2m > [22mthrows when dimensions exceed the decode cap[32m 2[2mms[22m[39m
 [32m✓[39m [30m[45m main [49m[39m src/main/scene/tex-parser.test.ts[2m > [22mrgbaToPngDataUrl — 输入校验[2m > [22mstill produces a valid data URL for a well-formed 1×1 buffer[32m 2[2mms[22m[39m
stderr | src/main/services/performance/performance-logger-edge.test.ts > clearTimeouts vs clear — state isolation > clearTimeouts resets only timeouts/timeoutSeq, leaves buffer/overflow intact
[PerformanceLogger] ring buffer overflow: MAX_HISTORY=50 exceeded, oldest trace discarded. Increase MAX_HISTORY or persist traces to disk if historical data retention is required.

stderr | src/main/services/performance/performance-logger-edge.test.ts > clearTimeouts vs clear — state isolation > clear() resets all 5 state variables (buffer, traceOverflowCount, overflowWarned, timeouts, timeoutSeq)
[PerformanceLogger] ring buffer overflow: MAX_HISTORY=50 exceeded, oldest trace discarded. Increase MAX_HISTORY or persist traces to disk if historical data retention is required.

stderr | src/main/services/performance/performance-logger-edge.test.ts > clearTimeouts vs clear — state isolation > after clear(), traceOverflowCount is zero so overflow re-triggers console.warn
[PerformanceLogger] ring buffer overflow: MAX_HISTORY=50 exceeded, oldest trace discarded. Increase MAX_HISTORY or persist traces to disk if historical data retention is required.

stderr | src/main/services/performance/performance-logger-edge.test.ts > FIFO order after overflow > after inserting 51 traces, buffer[0] is trace_002 (first was shifted out)
[PerformanceLogger] ring buffer overflow: MAX_HISTORY=50 exceeded, oldest trace discarded. Increase MAX_HISTORY or persist traces to disk if historical data retention is required.

stderr | src/main/services/performance/performance-logger-edge.test.ts > FIFO order after overflow > after inserting 52 traces, buffer[0] is trace_003
[PerformanceLogger] ring buffer overflow: MAX_HISTORY=50 exceeded, oldest trace discarded. Increase MAX_HISTORY or persist traces to disk if historical data retention is required.

stderr | src/main/services/performance/performance-logger-edge.test.ts > FIFO order after overflow > FIFO order is preserved across the overflow boundary
[PerformanceLogger] ring buffer overflow: MAX_HISTORY=50 exceeded, oldest trace discarded. Increase MAX_HISTORY or persist traces to disk if historical data retention is required.

[90mstdout[2m | src/main/wallpaper-deferred-heal.test.ts
[22m[39m[agentskin:cdp-patch] fetch interceptor installed (WebSocket /json/list fallback)

 [32m✓[39m [30m[45m main [49m[39m src/main/services/performance/performance-logger-edge.test.ts[2m > [22mgetRecent — count boundary[2m > [22mcount=0 returns full buffer reversed (slice(-0) === slice(0))[32m 8[2mms[22m[39m
 [32m✓[39m [30m[45m main [49m[39m src/main/services/performance/performance-logger-edge.test.ts[2m > [22mgetRecent — count boundary[2m > [22mcount=-1 returns full buffer reversed (Math.max(0,-1)=0)[32m 1[2mms[22m[39m
 [32m✓[39m [30m[45m main [49m[39m src/main/services/performance/performance-logger-edge.test.ts[2m > [22mgetRecent — count boundary[2m > [22mcount=NaN returns full buffer reversed (Math.max(0,NaN)=NaN → slice(0))[32m 1[2mms[22m[39m
 [32m✓[39m [30m[45m main [49m[39m src/main/services/performance/performance-logger-edge.test.ts[2m > [22mgetRecent — count boundary[2m > [22mcount=undefined returns full buffer reversed (→ NaN path)[32m 1[2mms[22m[39m
 [32m✓[39m [30m[45m main [49m[39m src/main/services/performance/performance-logger-edge.test.ts[2m > [22mgetRecent — count boundary[2m > [22mcount=null returns full buffer reversed (Math.max(0,0)=0)[32m 1[2mms[22m[39m
 [32m✓[39m [30m[45m main [49m[39m src/main/services/performance/performance-logger-edge.test.ts[2m > [22mgetRecent — count boundary[2m > [22mcount >> buffer.length returns full buffer reversed (clamped to length)[32m 2[2mms[22m[39m
 [32m✓[39m [30m[45m main [49m[39m src/main/services/performance/performance-logger-edge.test.ts[2m > [22mgetRecentTimeouts — count boundary[2m > [22mcount=0 returns all timeouts (slice(-0) === slice(0))[32m 1[2mms[22m[39m
 [32m✓[39m [30m[45m main [49m[39m src/main/services/performance/performance-logger-edge.test.ts[2m > [22mgetRecentTimeouts — count boundary[2m > [22mcount=-1 returns slice(1) — all except the first (slice(-(-1)) === slice(1))[32m 1[2mms[22m[39m
 [32m✓[39m [30m[45m main [49m[39m src/main/services/performance/performance-logger-edge.test.ts[2m > [22mgetRecentTimeouts — count boundary[2m > [22mcount=NaN returns all timeouts (slice(-NaN) === slice(0))[32m 1[2mms[22m[39m
 [32m✓[39m [30m[45m main [49m[39m src/main/services/performance/performance-logger-edge.test.ts[2m > [22mgetRecentTimeouts — count boundary[2m > [22mcount=undefined triggers default (count=10) → last 10[32m 1[2mms[22m[39m
 [32m✓[39m [30m[45m main [49m[39m src/main/services/performance/performance-logger-edge.test.ts[2m > [22mgetRecentTimeouts — count boundary[2m > [22mcount=null returns all timeouts (slice(-null) === slice(0))[32m 1[2mms[22m[39m
 [32m✓[39m [30m[45m main [49m[39m src/main/services/performance/performance-logger-edge.test.ts[2m > [22mgetRecentTimeouts — count boundary[2m > [22mcount >> buffer.length returns all timeouts[32m 1[2mms[22m[39m
 [32m✓[39m [30m[45m main [49m[39m src/main/services/performance/performance-logger-edge.test.ts[2m > [22mgetRecentTimeouts — count boundary[2m > [22mdefault parameter (no arg) returns at most 10[32m 1[2mms[22m[39m
 [32m✓[39m [30m[45m main [49m[39m src/main/services/performance/performance-logger-edge.test.ts[2m > [22mclearTimeouts vs clear — state isolation[2m > [22mclearTimeouts resets only timeouts/timeoutSeq, leaves buffer/overflow intact[32m 4[2mms[22m[39m
 [32m✓[39m [30m[45m main [49m[39m src/main/services/performance/performance-logger-edge.test.ts[2m > [22mclearTimeouts vs clear — state isolation[2m > [22mclear() resets all 5 state variables (buffer, traceOverflowCount, overflowWarned, timeouts, timeoutSeq)[32m 1[2mms[22m[39m
 [32m✓[39m [30m[45m main [49m[39m src/main/services/performance/performance-logger-edge.test.ts[2m > [22mclearTimeouts vs clear — state isolation[2m > [22mafter clear(), traceOverflowCount is zero so overflow re-triggers console.warn[32m 9[2mms[22m[39m
 [32m✓[39m [30m[45m main [49m[39m src/main/services/performance/performance-logger-edge.test.ts[2m > [22mdefensive copy verification[2m > [22mgetRecent() returns a new array — mutating it does not affect internal buffer[32m 1[2mms[22m[39m
 [32m✓[39m [30m[45m main [49m[39m src/main/services/performance/performance-logger-edge.test.ts[2m > [22mdefensive copy verification[2m > [22mgetRecent() returns a different reference from the internal buffer[32m 1[2mms[22m[39m
 [32m✓[39m [30m[45m main [49m[39m src/main/services/performance/performance-logger-edge.test.ts[2m > [22mdefensive copy verification[2m > [22mgetAllTimeouts() returns a copy — mutating it does not affect internal state[32m 1[2mms[22m[39m
 [32m✓[39m [30m[45m main [49m[39m src/main/services/performance/performance-logger-edge.test.ts[2m > [22mFIFO order after overflow[2m > [22mafter inserting 51 traces, buffer[0] is trace_002 (first was shifted out)[32m 1[2mms[22m[39m
 [32m✓[39m [30m[45m main [49m[39m src/main/services/performance/performance-logger-edge.test.ts[2m > [22mFIFO order after overflow[2m > [22mafter inserting 52 traces, buffer[0] is trace_003[32m 1[2mms[22m[39m
 [32m✓[39m [30m[45m main [49m[39m src/main/services/performance/performance-logger-edge.test.ts[2m > [22mFIFO order after overflow[2m > [22mFIFO order is preserved across the overflow boundary[32m 1[2mms[22m[39m
 [32m✓[39m [30m[45m main [49m[39m src/main/services/performance/performance-logger-edge.test.ts[2m > [22mlogTimeout id monotonicity[2m > [22mids are monotonically increasing without reset[32m 1[2mms[22m[39m
 [32m✓[39m [30m[45m main [49m[39m src/main/services/performance/performance-logger-edge.test.ts[2m > [22mlogTimeout id monotonicity[2m > [22mafter clear(), timeoutSeq resets — new ids start from 001[32m 1[2mms[22m[39m
 [32m✓[39m [30m[45m main [49m[39m src/main/services/performance/performance-logger-edge.test.ts[2m > [22mlogTimeout id monotonicity[2m > [22mafter clearTimeouts(), timeoutSeq resets — new ids start from 001[32m 1[2mms[22m[39m
 [32m✓[39m [30m[45m main [49m[39m src/main/services/performance/performance-logger-edge.test.ts[2m > [22mperAgentAvg rounding[2m > [22mrounds per-agent average independently via Math.round[32m 1[2mms[22m[39m
 [32m✓[39m [30m[45m main [49m[39m src/main/services/performance/performance-logger-edge.test.ts[2m > [22mlogTimeout field propagation[2m > [22mspreads all event fields into the stored record[32m 1[2mms[22m[39m
 [32m✓[39m [30m[45m main [49m[39m src/main/services/performance/performance-logger-edge.test.ts[2m > [22mlog() with success:false traces[2m > [22mrecords failed traces without filtering — totalApplies still increments[32m 0[2mms[22m[39m
 [32m✓[39m [30m[45m main [49m[39m src/main/services/performance/performance-logger-timeout.test.ts[2m > [22mPerformanceLogger — IPC timeout events[2m > [22mlogTimeout auto-assigns incrementing ids (timeout_001, timeout_002, …)[32m 15[2mms[22m[39m
 [32m✓[39m [30m[45m main [49m[39m src/main/services/performance/performance-logger-timeout.test.ts[2m > [22mPerformanceLogger — IPC timeout events[2m > [22mring-buffer trims events beyond MAX_TIMEOUTS (20) keeping only the latest[32m 2[2mms[22m[39m
 [32m✓[39m [30m[45m main [49m[39m src/main/services/performance/performance-logger-timeout.test.ts[2m > [22mPerformanceLogger — IPC timeout events[2m > [22mgetRecentTimeouts(count) returns the N most recent events in FIFO order[32m 3[2mms[22m[39m
 [32m✓[39m [30m[45m main [49m[39m src/main/services/performance/performance-logger-timeout.test.ts[2m > [22mPerformanceLogger — IPC timeout events[2m > [22mclearTimeouts resets the buffer and id sequence[32m 2[2mms[22m[39m
 [32m✓[39m [30m[45m main [49m[39m src/main/services/performance/performance-logger-timeout.test.ts[2m > [22mPerformanceLogger — IPC timeout events[2m > [22mgetAllTimeouts returns events in chronological (insertion) order[32m 2[2mms[22m[39m
 [32m✓[39m [30m[45m main [49m[39m src/main/ipc/ipc-validators.test.ts[2m > [22massertAgentId[2m > [22maccepts every valid AgentId[32m 8[2mms[22m[39m
 [32m✓[39m [30m[45m main [49m[39m src/main/ipc/ipc-validators.test.ts[2m > [22massertAgentId[2m > [22mthrows for non-string values[32m 2[2mms[22m[39m
 [32m✓[39m [30m[45m main [49m[39m src/main/ipc/ipc-validators.test.ts[2m > [22massertAgentId[2m > [22mthrows for unknown string ids[32m 1[2mms[22m[39m
 [32m✓[39m [30m[45m main [49m[39m src/main/ipc/ipc-validators.test.ts[2m > [22massertAgentId[2m > [22mnarrows the type after assertion[32m 1[2mms[22m[39m
 [32m✓[39m [30m[45m main [49m[39m src/main/ipc/ipc-validators.test.ts[2m > [22massertSafeThemeId[2m > [22maccepts a normal theme id[32m 1[2mms[22m[39m
 [32m✓[39m [30m[45m main [49m[39m src/main/ipc/ipc-validators.test.ts[2m > [22massertSafeThemeId[2m > [22mthrows for non-string values[32m 1[2mms[22m[39m
 [32m✓[39m [30m[45m main [49m[39m src/main/ipc/ipc-validators.test.ts[2m > [22massertSafeThemeId[2m > [22mthrows for empty string[32m 0[2mms[22m[39m
 [32m✓[39m [30m[45m main [49m[39m src/main/ipc/ipc-validators.test.ts[2m > [22massertSafeThemeId[2m > [22mthrows for path traversal attempts[32m 1[2mms[22m[39m
 [32m✓[39m [30m[45m main [49m[39m src/main/ipc/ipc-validators.test.ts[2m > [22massertSafeThemeId[2m > [22mthrows for ids containing forward slash[32m 1[2mms[22m[39m
 [32m✓[39m [30m[45m main [49m[39m src/main/ipc/ipc-validators.test.ts[2m > [22massertSafeThemeId[2m > [22mthrows for ids containing backslash[32m 1[2mms[22m[39m
 [32m✓[39m [30m[45m main [49m[39m src/main/ipc/ipc-validators.test.ts[2m > [22massertSafeThemeId[2m > [22mthrows for absolute paths[32m 0[2mms[22m[39m
 [32m✓[39m [30m[45m main [49m[39m src/main/ipc/ipc-validators.test.ts[2m > [22massertNonEmptyString[2m > [22maccepts non-empty strings[32m 1[2mms[22m[39m
 [32m✓[39m [30m[45m main [49m[39m src/main/ipc/ipc-validators.test.ts[2m > [22massertNonEmptyString[2m > [22mthrows for non-string values[32m 1[2mms[22m[39m
 [32m✓[39m [30m[45m main [49m[39m src/main/ipc/ipc-validators.test.ts[2m > [22massertNonEmptyString[2m > [22mthrows for empty string[32m 0[2mms[22m[39m
 [32m✓[39m [30m[45m main [49m[39m src/main/ipc/ipc-validators.test.ts[2m > [22massertNonEmptyString[2m > [22muses the provided message verbatim[32m 1[2mms[22m[39m
 [32m✓[39m [30m[45m main [49m[39m src/main/ipc/ipc-validators.test.ts[2m > [22massertPortOrNull[2m > [22maccepts null (means "clear override")[32m 1[2mms[22m[39m
 [32m✓[39m [30m[45m main [49m[39m src/main/ipc/ipc-validators.test.ts[2m > [22massertPortOrNull[2m > [22maccepts valid port numbers in range [1024, 65535][32m 1[2mms[22m[39m
 [32m✓[39m [30m[45m main [49m[39m src/main/ipc/ipc-validators.test.ts[2m > [22massertPortOrNull[2m > [22mthrows for ports below 1024[32m 1[2mms[22m[39m
 [32m✓[39m [30m[45m main [49m[39m src/main/ipc/ipc-validators.test.ts[2m > [22massertPortOrNull[2m > [22mthrows for ports above 65535[32m 0[2mms[22m[39m
 [32m✓[39m [30m[45m main [49m[39m src/main/ipc/ipc-validators.test.ts[2m > [22massertPortOrNull[2m > [22mthrows for non-integer numbers[32m 1[2mms[22m[39m
 [32m✓[39m [30m[45m main [49m[39m src/main/ipc/ipc-validators.test.ts[2m > [22massertPortOrNull[2m > [22mthrows for non-number types[32m 0[2mms[22m[39m
 [32m✓[39m [30m[45m main [49m[39m src/main/ipc/ipc-validators.test.ts[2m > [22misPortInRange[2m > [22mreturns true for valid ports in [1024, 65535][32m 0[2mms[22m[39m
 [32m✓[39m [30m[45m main [49m[39m src/main/ipc/ipc-validators.test.ts[2m > [22misPortInRange[2m > [22mreturns false for ports below 1024[32m 0[2mms[22m[39m
 [32m✓[39m [30m[45m main [49m[39m src/main/ipc/ipc-validators.test.ts[2m > [22misPortInRange[2m > [22mreturns false for ports above 65535[32m 0[2mms[22m[39m
 [32m✓[39m [30m[45m main [49m[39m src/main/ipc/ipc-validators.test.ts[2m > [22misPortInRange[2m > [22mreturns false for non-integer numbers[32m 0[2mms[22m[39m
 [32m✓[39m [30m[45m main [49m[39m src/main/ipc/ipc-validators.test.ts[2m > [22misPortInRange[2m > [22mreturns false for non-number types[32m 0[2mms[22m[39m
 [32m✓[39m [30m[45m main [49m[39m src/main/profile/native-profile.test.ts[2m > [22mquantifyStyle[2m > [22mextracts background/color/radius/blur from computed subset[32m 6[2mms[22m[39m
 [32m✓[39m [30m[45m main [49m[39m src/main/profile/native-profile.test.ts[2m > [22minferRole[2m > [22mclassifies a full-bleed backdrop at depth 0[32m 1[2mms[22m[39m
 [32m✓[39m [30m[45m main [49m[39m src/main/profile/native-profile.test.ts[2m > [22minferRole[2m > [22mclassifies a narrow full-height column as sidebar[32m 0[2mms[22m[39m
 [32m✓[39m [30m[45m main [49m[39m src/main/profile/native-profile.test.ts[2m > [22minferRole[2m > [22mclassifies a text-bearing large panel at the bottom as composer[32m 0[2mms[22m[39m
 [32m✓[39m [30m[45m main [49m[39m src/main/profile/native-profile.test.ts[2m > [22minferRole[2m > [22mclassifies a small text card as message[32m 0[2mms[22m[39m
 [32m✓[39m [30m[45m main [49m[39m src/main/profile/native-profile.test.ts[2m > [22mbuildNativeProfile[2m > [22mproduces a complete profile with meta and metrics[32m 6[2mms[22m[39m
 [32m✓[39m [30m[45m main [49m[39m src/main/profile/native-profile.test.ts[2m > [22mbuildNativeProfile[2m > [22massigns roles matching the fixture layout[32m 1[2mms[22m[39m
 [32m✓[39m [30m[45m main [49m[39m src/main/profile/native-profile.test.ts[2m > [22mbuildNativeProfile[2m > [22mflags hasText on the message bubble and composer[32m 1[2mms[22m[39m
 [32m✓[39m [30m[45m main [49m[39m src/main/profile/native-profile.test.ts[2m > [22mbuildNativeProfile[2m > [22mbuilds a luminance-ordered elevation ladder with sane deltas[32m 1[2mms[22m[39m
 [32m✓[39m [30m[45m main [49m[39m src/main/profile/native-profile.test.ts[2m > [22mbuildNativeProfile[2m > [22mcomputes WCAG contrast pairs between text and background colors[32m 1[2mms[22m[39m
 [32m✓[39m [30m[45m main [49m[39m src/main/profile/native-profile.test.ts[2m > [22mbuildNativeProfile[2m > [22mbuilds stable refs from structural path + tag (no class names)[32m 2[2mms[22m[39m
 [32m✓[39m [30m[45m main [49m[39m src/main/profile/native-profile.test.ts[2m > [22mbuildNativeProfile[2m > [22mreturns empty components for null root[32m 0[2mms[22m[39m
 [32m✓[39m [30m[45m main [49m[39m src/main/wallpaper-deferred-heal.test.ts[2m > [22mscheduleDeferredSelfHeal — drain after lock released[2m > [22mdrains thunk after isApplyingTheme releases during polling[32m 11[2mms[22m[39m
 [32m✓[39m [30m[45m main [49m[39m src/main/wallpaper-deferred-heal.test.ts[2m > [22mscheduleDeferredSelfHeal — drain after lock released[2m > [22mdoes not drain while lock is held[32m 6[2mms[22m[39m
 [32m✓[39m [30m[45m main [49m[39m src/main/wallpaper-deferred-heal.test.ts[2m > [22mscheduleDeferredSelfHeal — forced drain after max wait (10s)[2m > [22mforces drain after 10s even when lock is never released[32m 16[2mms[22m[39m
 [32m✓[39m [30m[45m main [49m[39m src/main/wallpaper-deferred-heal.test.ts[2m > [22mscheduleDeferredSelfHeal — "last wins" deduplication[2m > [22monly drains the most recently scheduled thunk for the same agent[32m 1[2mms[22m[39m
 [32m✓[39m [30m[45m main [49m[39m src/main/wallpaper-deferred-heal.test.ts[2m > [22mscheduleDeferredSelfHeal — "last wins" deduplication[2m > [22mdoes not start duplicate drain timers for the same agent[32m 1[2mms[22m[39m
 [32m✓[39m [30m[45m main [49m[39m src/main/wallpaper-deferred-heal.test.ts[2m > [22mdrainAllDeferredSelfHeals — emergency flush[2m > [22mexecutes pending thunks and clears timer tracking via drainAll[32m 1[2mms[22m[39m
 [32m✓[39m [30m[45m main [49m[39m src/shared/tonal-palette.test.ts[2m > [22mhex ↔ hsl[2m > [22mconverts pure red correctly[32m 5[2mms[22m[39m
 [32m✓[39m [30m[45m main [49m[39m src/shared/tonal-palette.test.ts[2m > [22mhex ↔ hsl[2m > [22mroundtrips a random color within tolerance[32m 1[2mms[22m[39m
 [32m✓[39m [30m[45m main [49m[39m src/shared/tonal-palette.test.ts[2m > [22mhex ↔ hsl[2m > [22mhandles 3-digit shorthand[32m 3[2mms[22m[39m
 [32m✓[39m [30m[45m main [49m[39m src/shared/tonal-palette.test.ts[2m > [22mderiveTonalPalette[2m > [22mreturns exactly the 11 documented tonal stops[32m 1[2mms[22m[39m
 [32m✓[39m [30m[45m main [49m[39m src/shared/tonal-palette.test.ts[2m > [22mderiveTonalPalette[2m > [22mmonotonic lightness: every step lighter than previous[32m 1[2mms[22m[39m
 [32m✓[39m [30m[45m main [49m[39m src/shared/tonal-palette.test.ts[2m > [22mderiveTonalPalette[2m > [22mhue stability: all steps within ±8° of input[32m 2[2mms[22m[39m
 [32m✓[39m [30m[45m main [49m[39m src/shared/tonal-palette.test.ts[2m > [22mderiveTonalPalette[2m > [22msaturation peaks near the middle steps (30-60) and drops at extremes[32m 1[2mms[22m[39m
 [32m✓[39m [30m[45m main [49m[39m src/shared/tonal-palette.test.ts[2m > [22mderiveTonalPalette[2m > [22m990 (lightest step) is not pure white[32m 1[2mms[22m[39m
 [32m✓[39m [30m[45m main [49m[39m src/shared/tonal-palette.test.ts[2m > [22mderiveTonalPalette[2m > [22m100 (darkest step) is not pure black[32m 1[2mms[22m[39m
 [32m✓[39m [30m[45m main [49m[39m src/shared/tonal-palette.test.ts[2m > [22mderiveTonalPalette[2m > [22mlow-saturation input (grey) produces an all-grey ramp[32m 1[2mms[22m[39m
 [32m✓[39m [30m[45m main [49m[39m src/shared/tonal-palette.test.ts[2m > [22mtoSwatchStrip[2m > [22mreturns ordered swatch objects[32m 3[2mms[22m[39m
 [32m✓[39m [30m[45m main [49m[39m src/shared/tonal-palette.test.ts[2m > [22mclosestStep[2m > [22mfinds the step nearest to the source color[32m 2[2mms[22m[39m
 [32m✓[39m [30m[45m main [49m[39m src/shared/tonal-palette.test.ts[2m > [22mclosestStep[2m > [22mreturns 50 for a mid-grey input (true middle of the ramp)[32m 0[2mms[22m[39m
 [32m✓[39m [30m[45m main [49m[39m src/main/cdp/inspect-session.test.ts[2m > [22minspect-session[2m > [22menables DOM/CSS/Overlay and enters searchForNode inspect mode[32m 11[2mms[22m[39m
 [32m✓[39m [30m[45m main [49m[39m src/main/cdp/inspect-session.test.ts[2m > [22minspect-session[2m > [22mresolves a picked node and calls onPick with tag/path/cascade[32m 8[2mms[22m[39m
 [32m✓[39m [30m[45m main [49m[39m src/main/cdp/inspect-session.test.ts[2m > [22minspect-session[2m > [22mignores picks without a backendNodeId[32m 2[2mms[22m[39m
 [32m✓[39m [30m[45m main [49m[39m src/main/cdp/inspect-session.test.ts[2m > [22minspect-session[2m > [22mignores picks that resolve to no frontend nodeId[32m 1[2mms[22m[39m
 [32m✓[39m [30m[45m main [49m[39m src/main/cdp/inspect-session.test.ts[2m > [22minspect-session[2m > [22mbuilds a bare tag path when the node has no attributes[32m 1[2mms[22m[39m
 [32m✓[39m [30m[45m main [49m[39m src/main/cdp/inspect-session.test.ts[2m > [22minspect-session[2m > [22mreports pick failures via onError[32m 2[2mms[22m[39m
 [32m✓[39m [30m[45m main [49m[39m src/main/cdp/inspect-session.test.ts[2m > [22minspect-session[2m > [22mstop exits inspect mode, disables the overlay and closes the session[32m 2[2mms[22m[39m
 [32m✓[39m [30m[45m main [49m[39m src/main/cdp/inspect-session.test.ts[2m > [22minspect-session[2m > [22mstop does not throw when the overlay is already gone[32m 3[2mms[22m[39m
 [32m✓[39m [30m[45m main [49m[39m src/main/ipc/visual-analyzer-ipc.test.ts[2m > [22mvisual-analyzer-ipc[2m > [22mVISUAL_ANALYSIS_LIST[2m > [22mreturns known agent ids from profile file names, sorted and deduped[32m 8[2mms[22m[39m
 [32m✓[39m [30m[45m main [49m[39m src/main/ipc/visual-analyzer-ipc.test.ts[2m > [22mvisual-analyzer-ipc[2m > [22mVISUAL_ANALYSIS_LIST[2m > [22mreturns an empty list when the profiles directory is unreadable[32m 3[2mms[22m[39m
 [32m✓[39m [30m[45m main [49m[39m src/main/ipc/visual-analyzer-ipc.test.ts[2m > [22mvisual-analyzer-ipc[2m > [22mVISUAL_ANALYSIS_GET[2m > [22mreturns the parsed profile for a valid agent id[32m 6[2mms[22m[39m
 [32m✓[39m [30m[45m main [49m[39m src/main/ipc/visual-analyzer-ipc.test.ts[2m > [22mvisual-analyzer-ipc[2m > [22mVISUAL_ANALYSIS_GET[2m > [22mrejects path-traversal-style ids by returning null without reading[32m 33[2mms[22m[39m
 [32m✓[39m [30m[45m main [49m[39m src/main/ipc/visual-analyzer-ipc.test.ts[2m > [22mvisual-analyzer-ipc[2m > [22mVISUAL_ANALYSIS_GET[2m > [22mreturns null for unknown agent ids[32m 1[2mms[22m[39m
 [32m✓[39m [30m[45m main [49m[39m src/main/ipc/visual-analyzer-ipc.test.ts[2m > [22mvisual-analyzer-ipc[2m > [22mVISUAL_ANALYSIS_GET[2m > [22mreturns null when the profile file is missing or corrupt[32m 2[2mms[22m[39m
 [32m✓[39m [30m[45m main [49m[39m src/main/ipc/visual-analyzer-ipc.test.ts[2m > [22mvisual-analyzer-ipc[2m > [22mVISUAL_ANALYSIS_GET[2m > [22mreturns null for non-string agent names[32m 1[2mms[22m[39m
 [32m✓[39m [30m[45m main [49m[39m src/main/ipc/visual-analyzer-ipc.test.ts[2m > [22mvisual-analyzer-ipc[2m > [22mvisual analysis — detect / extract / export[2m > [22mDETECT reports not-running without deps (graceful fallback)[32m 1[2mms[22m[39m
 [32m✓[39m [30m[45m main [49m[39m src/main/ipc/visual-analyzer-ipc.test.ts[2m > [22mvisual-analyzer-ipc[2m > [22mvisual analysis — detect / extract / export[2m > [22mEXPORT_THEME refuses an empty palette[32m 1[2mms[22m[39m
 [32m✓[39m [30m[45m main [49m[39m src/main/ipc/visual-analyzer-ipc.test.ts[2m > [22mvisual-analyzer-ipc[2m > [22mvisual analysis — detect / extract / export[2m > [22mEXPORT_THEME refuses a non-empty payload without --agentskin-* tokens[32m 4[2mms[22m[39m
 [32m✓[39m [30m[45m main [49m[39m src/main/ipc/visual-analyzer-ipc.test.ts[2m > [22mvisual-analyzer-ipc[2m > [22mvisual analysis — detect / extract / export[2m > [22mEXPORT_THEME fails gracefully when the package builder is unavailable[32m 101[2mms[22m[39m
 [32m✓[39m [30m[45m main [49m[39m src/main/ipc/visual-analyzer-ipc.test.ts[2m > [22mvisual-analyzer-ipc[2m > [22mVISUAL_ANALYSIS_DETECT — wired to status source[2m > [22mreturns running=true with port and displayName when the app is up[32m 1[2mms[22m[39m
 [32m✓[39m [30m[45m main [49m[39m src/main/ipc/visual-analyzer-ipc.test.ts[2m > [22mvisual-analyzer-ipc[2m > [22mVISUAL_ANALYSIS_DETECT — wired to status source[2m > [22mreturns running=false + port=undefined when app is installed but closed[32m 1[2mms[22m[39m
 [32m✓[39m [30m[45m main [49m[39m src/main/ipc/visual-analyzer-ipc.test.ts[2m > [22mvisual-analyzer-ipc[2m > [22mVISUAL_ANALYSIS_DETECT — wired to status source[2m > [22mreturns not-running placeholder for an unknown agent id[32m 0[2mms[22m[39m
 [32m✓[39m [30m[45m main [49m[39m src/main/ipc/visual-analyzer-ipc.test.ts[2m > [22mvisual-analyzer-ipc[2m > [22mVISUAL_ANALYSIS_DETECT — wired to status source[2m > [22mreturns not-running placeholder when getStatus throws[32m 1[2mms[22m[39m
 [32m✓[39m [30m[45m main [49m[39m src/main/steam-path-resolver.test.ts[2m > [22mparseVdf[2m > [22mparses a simple key-value pair[32m 6[2mms[22m[39m
 [32m✓[39m [30m[45m main [49m[39m src/main/steam-path-resolver.test.ts[2m > [22mparseVdf[2m > [22mparses multiple key-value pairs[32m 1[2mms[22m[39m
 [32m✓[39m [30m[45m main [49m[39m src/main/steam-path-resolver.test.ts[2m > [22mparseVdf[2m > [22mparses a nested object[32m 1[2mms[22m[39m
 [32m✓[39m [30m[45m main [49m[39m src/main/steam-path-resolver.test.ts[2m > [22mparseVdf[2m > [22mparses deeply nested objects[32m 1[2mms[22m[39m
 [32m✓[39m [30m[45m main [49m[39m src/main/steam-path-resolver.test.ts[2m > [22mparseVdf[2m > [22mhandles escaped backslashes in paths[32m 0[2mms[22m[39m
 [32m✓[39m [30m[45m main [49m[39m src/main/steam-path-resolver.test.ts[2m > [22mparseVdf[2m > [22mstrips line comments (//)[32m 1[2mms[22m[39m
 [32m✓[39m [30m[45m main [49m[39m src/main/steam-path-resolver.test.ts[2m > [22mparseVdf[2m > [22mhandles empty input[32m 0[2mms[22m[39m
 [32m✓[39m [30m[45m main [49m[39m src/main/steam-path-resolver.test.ts[2m > [22mparseVdf[2m > [22mhandles whitespace-only input[32m 0[2mms[22m[39m
 [32m✓[39m [30m[45m main [49m[39m src/main/steam-path-resolver.test.ts[2m > [22mparseVdf[2m > [22mhandles malformed input without throwing[32m 3[2mms[22m[39m
 [32m✓[39m [30m[45m main [49m[39m src/main/steam-path-resolver.test.ts[2m > [22mparseVdf[2m > [22mhandles key with no value (followed by closing brace)[32m 1[2mms[22m[39m
 [32m✓[39m [30m[45m main [49m[39m src/main/steam-path-resolver.test.ts[2m > [22mparseVdf[2m > [22mhandles unexpected opening brace without key[32m 0[2mms[22m[39m
 [32m✓[39m [30m[45m main [49m[39m src/main/steam-path-resolver.test.ts[2m > [22mparseVdf[2m > [22mparses a real-world libraryfolders.vdf[32m 1[2mms[22m[39m
 [32m✓[39m [30m[45m main [49m[39m src/main/steam-path-resolver.test.ts[2m > [22mparseVdf[2m > [22moverwrites duplicate keys (last wins)[32m 0[2mms[22m[39m
 [32m✓[39m [30m[45m main [49m[39m src/main/steam-path-resolver.test.ts[2m > [22mextractLibraryPathsFromVdf[2m > [22mreturns paths for libraries containing the target app[32m 1[2mms[22m[39m
 [32m✓[39m [30m[45m main [49m[39m src/main/steam-path-resolver.test.ts[2m > [22mextractLibraryPathsFromVdf[2m > [22mreturns multiple paths when WE is in multiple libraries[32m 0[2mms[22m[39m
 [32m✓[39m [30m[45m main [49m[39m src/main/steam-path-resolver.test.ts[2m > [22mextractLibraryPathsFromVdf[2m > [22mskips libraries that do not contain the target app[32m 0[2mms[22m[39m
 [32m✓[39m [30m[45m main [49m[39m src/main/steam-path-resolver.test.ts[2m > [22mextractLibraryPathsFromVdf[2m > [22mreturns empty array when no library has the target app[32m 0[2mms[22m[39m
 [32m✓[39m [30m[45m main [49m[39m src/main/steam-path-resolver.test.ts[2m > [22mextractLibraryPathsFromVdf[2m > [22mreturns empty array for malformed VDF[32m 1[2mms[22m[39m
 [32m✓[39m [30m[45m main [49m[39m src/main/steam-path-resolver.test.ts[2m > [22mextractLibraryPathsFromVdf[2m > [22mreturns empty array when libraryfolders is missing[32m 0[2mms[22m[39m
 [32m✓[39m [30m[45m main [49m[39m src/main/steam-path-resolver.test.ts[2m > [22mextractLibraryPathsFromVdf[2m > [22mreturns empty array when library path is missing[32m 0[2mms[22m[39m
 [32m✓[39m [30m[45m main [49m[39m src/main/steam-path-resolver.test.ts[2m > [22mextractLibraryPathsFromVdf[2m > [22mreturns empty array when apps section is missing[32m 0[2mms[22m[39m
 [32m✓[39m [30m[45m main [49m[39m src/main/steam-path-resolver.test.ts[2m > [22mextractLibraryPathsFromVdf[2m > [22mskips string-valued library entries[32m 0[2mms[22m[39m
 [32m✓[39m [30m[45m main [49m[39m src/main/steam-path-resolver.test.ts[2m > [22mextractLibraryPathsFromVdf[2m > [22msupports a custom appId[32m 0[2mms[22m[39m
 [32m✓[39m [30m[45m main [49m[39m src/main/steam-path-resolver.test.ts[2m > [22mextractLibraryPathsFromVdf[2m > [22mhandles a realistic VDF with comments and extra fields[32m 0[2mms[22m[39m
 [32m✓[39m [30m[45m main [49m[39m src/main/scene/particle-parser.test.ts[2m > [22mparseParticleJson — real WE particle format[2m > [22mparses a simple emitter with rate, origin and spawn distances[32m 9[2mms[22m[39m
 [32m✓[39m [30m[45m main [49m[39m src/main/scene/particle-parser.test.ts[2m > [22mparseParticleJson — real WE particle format[2m > [22mparses initializer random ranges, normalizing colors to 0-1[32m 1[2mms[22m[39m
 [32m✓[39m [30m[45m main [49m[39m src/main/scene/particle-parser.test.ts[2m > [22mparseParticleJson — real WE particle format[2m > [22mparses movement/alphafade operators[32m 1[2mms[22m[39m
 [32m✓[39m [30m[45m main [49m[39m src/main/scene/particle-parser.test.ts[2m > [22mparseParticleJson — real WE particle format[2m > [22mparses the light_shafts preset (real workshop scene reference)[32m 2[2mms[22m[39m
 [32m✓[39m [30m[45m main [49m[39m src/main/scene/particle-parser.test.ts[2m > [22mparseParticleJson — real WE particle format[2m > [22mhandles absent renderer/material sections with defaults[32m 1[2mms[22m[39m
 [32m✓[39m [30m[45m main [49m[39m src/main/scene/particle-parser.test.ts[2m > [22mparseParticleJson — real WE particle format[2m > [22mreturns null for non-object input[32m 0[2mms[22m[39m
 [32m✓[39m [30m[45m main [49m[39m src/main/scene/particle-parser.test.ts[2m > [22mparseParticleJson — real WE particle format[2m > [22mignores malformed emitters and unknown initializers[32m 1[2mms[22m[39m
 [32m✓[39m [30m[45m main [49m[39m src/main/cdp/wallpaper/render-css.test.ts[2m > [22malignmentObjectFit (WE StretchMode mapping)[2m > [22mmaps all five alignments[32m 4[2mms[22m[39m
 [32m✓[39m [30m[45m main [49m[39m src/main/cdp/wallpaper/render-css.test.ts[2m > [22mbuildObjectPosition[2m > [22mdefaults to centered when offsets are absent[32m 1[2mms[22m[39m
 [32m✓[39m [30m[45m main [49m[39m src/main/cdp/wallpaper/render-css.test.ts[2m > [22mbuildObjectPosition[2m > [22mapplies signed X/Y offsets[32m 0[2mms[22m[39m
 [32m✓[39m [30m[45m main [49m[39m src/main/cdp/wallpaper/render-css.test.ts[2m > [22mbuildFlipTransform[2m > [22mreturns empty when neither axis flips[32m 0[2mms[22m[39m
 [32m✓[39m [30m[45m main [49m[39m src/main/cdp/wallpaper/render-css.test.ts[2m > [22mbuildFlipTransform[2m > [22mbuilds scaleX/scaleY for each flip axis[32m 0[2mms[22m[39m
 [32m✓[39m [30m[45m main [49m[39m src/main/cdp/wallpaper/render-css.test.ts[2m > [22mbuildTintFilter + hexHue[2m > [22mcomputes the hue angle of a hex color[32m 1[2mms[22m[39m
 [32m✓[39m [30m[45m main [49m[39m src/main/cdp/wallpaper/render-css.test.ts[2m > [22mbuildTintFilter + hexHue[2m > [22mreturns 0 for malformed hex[32m 0[2mms[22m[39m
 [32m✓[39m [30m[45m main [49m[39m src/main/cdp/wallpaper/render-css.test.ts[2m > [22mbuildTintFilter + hexHue[2m > [22mbuilds a sepia+saturate+hue-rotate tint filter[32m 1[2mms[22m[39m
 [32m✓[39m [30m[45m main [49m[39m src/main/cdp/wallpaper/render-css.test.ts[2m > [22mbuildFilter (media element)[2m > [22mreturns empty when all filters are neutral/default[32m 1[2mms[22m[39m
 [32m✓[39m [30m[45m main [49m[39m src/main/cdp/wallpaper/render-css.test.ts[2m > [22mbuildFilter (media element)[2m > [22memits only the filters that differ from neutral[32m 1[2mms[22m[39m
 [32m✓[39m [30m[45m main [49m[39m src/main/cdp/wallpaper/render-css.test.ts[2m > [22mbuildFilter (media element)[2m > [22memits a composed filter string for all fields[32m 1[2mms[22m[39m
 [32m✓[39m [30m[45m main [49m[39m src/main/cdp/wallpaper/render-css.test.ts[2m > [22mbuildMediaElementCss (CDP injector element cssText)[2m > [22mmatches the historical default output when no render options[32m 1[2mms[22m[39m
 [32m✓[39m [30m[45m main [49m[39m src/main/cdp/wallpaper/render-css.test.ts[2m > [22mbuildMediaElementCss (CDP injector element cssText)[2m > [22mapplies fit alignment, offsets, flip and filter[32m 1[2mms[22m[39m
 [32m✓[39m [30m[45m main [49m[39m src/main/cdp/wallpaper/render-css.test.ts[2m > [22mbuildMediaElementCss (CDP injector element cssText)[2m > [22mmaps tile to object-fit:none (tiling is a container concern — element gets hidden)[32m 0[2mms[22m[39m
 [32m✓[39m [30m[45m main [49m[39m src/main/cdp/wallpaper/render-css.test.ts[2m > [22mbuildTileContainerCss (image-only tiling)[2m > [22mmoves the source into a repeating container background[32m 0[2mms[22m[39m
 [32m✓[39m [30m[45m main [49m[39m src/main/cdp/wallpaper/render-css.test.ts[2m > [22mrenderer-side wallpaperRender (desktop background)[2m > [22malignmentObjectFit matches the CDP mapping[32m 0[2mms[22m[39m
 [32m✓[39m [30m[45m main [49m[39m src/main/cdp/wallpaper/render-css.test.ts[2m > [22mrenderer-side wallpaperRender (desktop background)[2m > [22mbuildObjectPosition matches the CDP mapping[32m 0[2mms[22m[39m
 [32m✓[39m [30m[45m main [49m[39m src/main/cdp/wallpaper/render-css.test.ts[2m > [22mrenderer-side wallpaperRender (desktop background)[2m > [22mbuildFlipTransform matches the CDP mapping[32m 0[2mms[22m[39m
 [32m✓[39m [30m[45m main [49m[39m src/main/cdp/wallpaper/render-css.test.ts[2m > [22mrenderer-side wallpaperRender (desktop background)[2m > [22mhexHue + buildTintFilter match the CDP mapping[32m 1[2mms[22m[39m
 [32m✓[39m [30m[45m main [49m[39m src/main/cdp/wallpaper/render-css.test.ts[2m > [22mrenderer-side wallpaperRender (desktop background)[2m > [22mbuildFilter matches the CDP mapping for identical input[32m 1[2mms[22m[39m
 [32m✓[39m [30m[45m main [49m[39m src/main/cdp/wallpaper/render-css.test.ts[2m > [22mrenderer-side wallpaperRender (desktop background)[2m > [22mbuildMediaElementStyle maps fit alignment to objectFit contain[32m 1[2mms[22m[39m
 [32m✓[39m [30m[45m main [49m[39m src/main/cdp/wallpaper/render-css.test.ts[2m > [22mrenderer-side wallpaperRender (desktop background)[2m > [22mbuildMediaElementStyle stays neutral (centered position only) when render is empty[32m 2[2mms[22m[39m
 [32m✓[39m [30m[45m main [49m[39m src/main/ipc/wallpaper-ipc.test.ts[2m > [22mwallpaper-ipc parameter validation[2m > [22mWALLPAPER_DELETE[2m > [22mrejects non-string wallpaper id[32m 36[2mms[22m[39m
 [32m✓[39m [30m[45m main [49m[39m src/main/ipc/wallpaper-ipc.test.ts[2m > [22mwallpaper-ipc parameter validation[2m > [22mWALLPAPER_DELETE[2m > [22mrejects empty wallpaper id[32m 2[2mms[22m[39m
 [32m✓[39m [30m[45m main [49m[39m src/main/ipc/wallpaper-ipc.test.ts[2m > [22mwallpaper-ipc parameter validation[2m > [22mWALLPAPER_SET_AGENT[2m > [22mrejects invalid agent id[32m 10[2mms[22m[39m
 [32m✓[39m [30m[45m main [49m[39m src/main/ipc/wallpaper-ipc.test.ts[2m > [22mwallpaper-ipc parameter validation[2m > [22mWALLPAPER_APPLY_AGENT[2m > [22mrejects invalid agent id[32m 3[2mms[22m[39m
 [32m✓[39m [30m[45m main [49m[39m src/main/ipc/wallpaper-ipc.test.ts[2m > [22mwallpaper-ipc parameter validation[2m > [22mWALLPAPER_APPLY_TO_AGENT[2m > [22mrejects non-string wallpaper id[32m 4[2mms[22m[39m
 [32m✓[39m [30m[45m main [49m[39m src/main/ipc/wallpaper-ipc.test.ts[2m > [22mwallpaper-ipc parameter validation[2m > [22mWALLPAPER_APPLY_TO_AGENT[2m > [22mrejects invalid agent id[32m 2[2mms[22m[39m
 [32m✓[39m [30m[45m main [49m[39m src/main/ipc/wallpaper-ipc.test.ts[2m > [22mwallpaper-ipc parameter validation[2m > [22mWALLPAPER_REMOVE_FROM_AGENT[2m > [22mrejects invalid agent id[32m 4[2mms[22m[39m
 [32m✓[39m [30m[45m main [49m[39m src/main/ipc/wallpaper-ipc.test.ts[2m > [22mWALLPAPER_APPLY_TO_AGENT regression[2m > [22mdependency failure passes through original error (not wrapped as IpcTimeoutError)[32m 2[2mms[22m[39m
 [32m✓[39m [30m[45m main [49m[39m src/main/ipc/wallpaper-ipc.test.ts[2m > [22mWALLPAPER_APPLY_TO_AGENT regression[2m > [22mrejects with IpcTimeoutError when the handler exceeds 30s[32m 8[2mms[22m[39m
 [32m✓[39m [30m[45m main [49m[39m src/main/ipc/core-ipc.test.ts[2m > [22mcore-ipc parameter validation[2m > [22mSYSTEM_STATUS[2m > [22mrejects with IpcTimeoutError when core.status() hangs[33m 15014[2mms[22m[39m
 [32m✓[39m [30m[45m main [49m[39m src/main/catalog/manifest-schema.test.ts[2m > [22mmanifest schema single-source-of-truth (A1)[2m > [22mdocs mirror is byte-identical to the catalog authority[32m 115[2mms[22m[39m
 [32m✓[39m [30m[45m main [49m[39m src/main/catalog/manifest-schema.test.ts[2m > [22mmanifest schema single-source-of-truth (A1)[2m > [22mschema is valid JSON and declares the v2 contract[32m 5[2mms[22m[39m
 [32m✓[39m [30m[45m main [49m[39m src/main/catalog/manifest-schema.test.ts[2m > [22mmanifest schema single-source-of-truth (A1)[2m > [22mcolors contract requires background[32m 2[2mms[22m[39m
 [32m✓[39m [30m[45m main [49m[39m src/main/ipc/core-ipc.test.ts[2m > [22mcore-ipc parameter validation[2m > [22mSHELL_SHOW_ITEM[2m > [22mrejects non-string path[32m 3[2mms[22m[39m
 [32m✓[39m [30m[45m main [49m[39m src/main/ipc/core-ipc.test.ts[2m > [22mcore-ipc parameter validation[2m > [22mSHELL_SHOW_ITEM[2m > [22mrejects empty path[32m 1[2mms[22m[39m
 [32m✓[39m [30m[45m main [49m[39m src/main/profile/color-quantize.test.ts[2m > [22mparseColor[2m > [22mparses hex forms[32m 6[2mms[22m[39m
 [32m✓[39m [30m[45m main [49m[39m src/main/profile/color-quantize.test.ts[2m > [22mparseColor[2m > [22mparses rgb()/rgba() with commas or spaces[32m 1[2mms[22m[39m
 [32m✓[39m [30m[45m main [49m[39m src/main/profile/color-quantize.test.ts[2m > [22mparseColor[2m > [22mparses named colors and clamps channels[32m 1[2mms[22m[39m
 [32m✓[39m [30m[45m main [49m[39m src/main/profile/color-quantize.test.ts[2m > [22mparseColor[2m > [22mreturns null for unresolvable values[32m 1[2mms[22m[39m
 [32m✓[39m [30m[45m main [49m[39m src/main/profile/color-quantize.test.ts[2m > [22mluminance / contrast[2m > [22mcomputes Rec.709 luminance[32m 1[2mms[22m[39m
 [32m✓[39m [30m[45m main [49m[39m src/main/profile/color-quantize.test.ts[2m > [22mluminance / contrast[2m > [22mcomputes WCAG contrast ratios[32m 1[2mms[22m[39m
 [32m✓[39m [30m[45m main [49m[39m src/main/profile/color-quantize.test.ts[2m > [22mblendOver[2m > [22mblends a translucent fg over an opaque bg[32m 1[2mms[22m[39m
 [32m✓[39m [30m[45m main [49m[39m src/main/profile/color-quantize.test.ts[2m > [22mblendOver[2m > [22mhandles fully opaque / fully transparent fg[32m 1[2mms[22m[39m
 [32m✓[39m [30m[45m main [49m[39m src/main/profile/color-quantize.test.ts[2m > [22mmedianCut[2m > [22msplits two distant clusters deterministically when medians land between them[32m 4[2mms[22m[39m
 [32m✓[39m [30m[45m main [49m[39m src/main/profile/color-quantize.test.ts[2m > [22mmedianCut[2m > [22mcollapses identical colors into a single bucket[32m 1[2mms[22m[39m
 [32m✓[39m [30m[45m main [49m[39m src/main/profile/color-quantize.test.ts[2m > [22mmedianCut[2m > [22mhandles empty input and single color[32m 1[2mms[22m[39m
 [32m✓[39m [30m[45m main [49m[39m src/main/profile/color-quantize.test.ts[2m > [22mtoHex / classifyAlpha[2m > [22mformats hex with padding[32m 1[2mms[22m[39m
 [32m✓[39m [30m[45m main [49m[39m src/main/profile/color-quantize.test.ts[2m > [22mtoHex / classifyAlpha[2m > [22mclassifies alpha into transparent/translucent/opaque[32m 1[2mms[22m[39m
[90mstdout[2m | src/main/cdp/cdp-targets.test.ts
[22m[39m[agentskin:cdp-patch] fetch interceptor installed (WebSocket /json/list fallback)

 [32m✓[39m [30m[45m main [49m[39m src/main/lz4-decoder.test.ts[2m > [22mlz4DecodeBlock[2m > [22mliteral-only sequences (no match)[2m > [22mdecodes a short literal-only block[32m 4[2mms[22m[39m
 [32m✓[39m [30m[45m main [49m[39m src/main/lz4-decoder.test.ts[2m > [22mlz4DecodeBlock[2m > [22mliteral-only sequences (no match)[2m > [22mdecodes an empty literal-only block (zero-length payload)[32m 1[2mms[22m[39m
 [32m✓[39m [30m[45m main [49m[39m src/main/lz4-decoder.test.ts[2m > [22mlz4DecodeBlock[2m > [22mliteral length extension[2m > [22mdecodes a block whose literal length needs a single extension byte[32m 1[2mms[22m[39m
 [32m✓[39m [30m[45m main [49m[39m src/main/lz4-decoder.test.ts[2m > [22mlz4DecodeBlock[2m > [22mliteral length extension[2m > [22mdecodes a block whose literal length needs multiple 255 extension bytes[32m 1[2mms[22m[39m
 [32m✓[39m [30m[45m main [49m[39m src/main/lz4-decoder.test.ts[2m > [22mlz4DecodeBlock[2m > [22mmatch copies[2m > [22mdecodes a non-overlapping match (offset >= matchLen, bulk copy path)[32m 1[2mms[22m[39m
 [32m✓[39m [30m[45m main [49m[39m src/main/lz4-decoder.test.ts[2m > [22mlz4DecodeBlock[2m > [22mmatch copies[2m > [22mdecodes an overlapping match (offset < matchLen, byte-by-byte RLE run)[32m 1[2mms[22m[39m
 [32m✓[39m [30m[45m main [49m[39m src/main/lz4-decoder.test.ts[2m > [22mlz4DecodeBlock[2m > [22mmatch copies[2m > [22mdecodes an overlapping match that repeats a multi-byte pattern[32m 1[2mms[22m[39m
 [32m✓[39m [30m[45m main [49m[39m src/main/lz4-decoder.test.ts[2m > [22mlz4DecodeBlock[2m > [22mmatch copies[2m > [22mdecodes a match length that needs multiple 255 extension bytes[32m 1[2mms[22m[39m
 [32m✓[39m [30m[45m main [49m[39m src/main/lz4-decoder.test.ts[2m > [22mlz4DecodeBlock[2m > [22mmatch copies[2m > [22mdecodes a literal-only sequence followed by a match in the same block[32m 1[2mms[22m[39m
 [32m✓[39m [30m[45m main [49m[39m src/main/lz4-decoder.test.ts[2m > [22mlz4DecodeBlock[2m > [22merror handling[2m > [22mthrows on truncated literal length extension[32m 3[2mms[22m[39m
 [32m✓[39m [30m[45m main [49m[39m src/main/lz4-decoder.test.ts[2m > [22mlz4DecodeBlock[2m > [22merror handling[2m > [22mthrows on truncated literals[32m 1[2mms[22m[39m
 [32m✓[39m [30m[45m main [49m[39m src/main/lz4-decoder.test.ts[2m > [22mlz4DecodeBlock[2m > [22merror handling[2m > [22mthrows on output overflow while copying literals[32m 1[2mms[22m[39m
 [32m✓[39m [30m[45m main [49m[39m src/main/lz4-decoder.test.ts[2m > [22mlz4DecodeBlock[2m > [22merror handling[2m > [22mthrows on truncated match offset[32m 1[2mms[22m[39m
 [32m✓[39m [30m[45m main [49m[39m src/main/lz4-decoder.test.ts[2m > [22mlz4DecodeBlock[2m > [22merror handling[2m > [22mthrows on invalid match offset 0[32m 1[2mms[22m[39m
 [32m✓[39m [30m[45m main [49m[39m src/main/lz4-decoder.test.ts[2m > [22mlz4DecodeBlock[2m > [22merror handling[2m > [22mthrows when match offset points before the start of output[32m 1[2mms[22m[39m
 [32m✓[39m [30m[45m main [49m[39m src/main/lz4-decoder.test.ts[2m > [22mlz4DecodeBlock[2m > [22merror handling[2m > [22mthrows on output overflow while copying a match[32m 1[2mms[22m[39m
 [32m✓[39m [30m[45m main [49m[39m src/main/lz4-decoder.test.ts[2m > [22mlz4DecodeBlock[2m > [22merror handling[2m > [22mthrows on truncated match length extension[32m 9[2mms[22m[39m
 [32m✓[39m [30m[45m main [49m[39m src/main/lz4-decoder.test.ts[2m > [22mlz4DecodeBlock[2m > [22merror handling[2m > [22mthrows on output size mismatch (decoded data smaller than buffer)[32m 1[2mms[22m[39m
 [32m✓[39m [30m[45m main [49m[39m src/main/lz4-decoder.test.ts[2m > [22mlz4DecodeBlock[2m > [22merror handling[2m > [22mthrows on output size mismatch (decoded data larger than buffer)[32m 1[2mms[22m[39m
 [32m✓[39m [30m[45m main [49m[39m src/main/lz4-decoder.test.ts[2m > [22mlz4DecodeBlock[2m > [22mreturn value[2m > [22mreturns the same buffer reference passed in[32m 1[2mms[22m[39m
 [32m✓[39m [30m[45m main [49m[39m src/main/cdp/cdp-targets.test.ts[2m > [22mpickPageTarget[2m > [22mreturns the first target with type "page" and a webSocketDebuggerUrl[32m 3[2mms[22m[39m
 [32m✓[39m [30m[45m main [49m[39m src/main/cdp/cdp-targets.test.ts[2m > [22mpickPageTarget[2m > [22mskips page targets without webSocketDebuggerUrl[32m 0[2mms[22m[39m
 [32m✓[39m [30m[45m main [49m[39m src/main/cdp/cdp-targets.test.ts[2m > [22mpickPageTarget[2m > [22maccepts targets with undefined type when URL has http/https/file scheme[32m 0[2mms[22m[39m
 [32m✓[39m [30m[45m main [49m[39m src/main/cdp/cdp-targets.test.ts[2m > [22mpickPageTarget[2m > [22mrejects undefined-type targets with non-page URLs (chrome-devtools, ws, devtools)[32m 0[2mms[22m[39m
 [32m✓[39m [30m[45m main [49m[39m src/main/cdp/cdp-targets.test.ts[2m > [22mpickPageTarget[2m > [22mrejects undefined-type targets with empty or missing URL[32m 0[2mms[22m[39m
 [32m✓[39m [30m[45m main [49m[39m src/main/cdp/cdp-targets.test.ts[2m > [22mpickPageTarget[2m > [22mskips webview, iframe, and worker targets[32m 0[2mms[22m[39m
 [32m✓[39m [30m[45m main [49m[39m src/main/cdp/cdp-targets.test.ts[2m > [22mpickPageTarget[2m > [22mreturns undefined for an empty array[32m 0[2mms[22m[39m
 [32m✓[39m [30m[45m main [49m[39m src/main/cdp/cdp-targets.test.ts[2m > [22mpickPageTarget[2m > [22mhandles null type like undefined type[32m 0[2mms[22m[39m
 [32m✓[39m [30m[45m main [49m[39m src/main/cdp/cdp-targets.test.ts[2m > [22mlistTargets[2m > [22mreturns targets from listCdpTargets on success[32m 2[2mms[22m[39m
 [32m✓[39m [30m[45m main [49m[39m src/main/cdp/cdp-targets.test.ts[2m > [22mlistTargets[2m > [22mreturns empty array when listCdpTargets throws[32m 1[2mms[22m[39m
 [32m✓[39m [30m[45m main [49m[39m src/main/cdp/cdp-targets.test.ts[2m > [22mfindPageTarget[2m > [22mreturns the first page target[32m 0[2mms[22m[39m
 [32m✓[39m [30m[45m main [49m[39m src/main/cdp/cdp-targets.test.ts[2m > [22mfindPageTarget[2m > [22mreturns undefined when no page target exists[32m 0[2mms[22m[39m
 [32m✓[39m [30m[45m main [49m[39m src/main/cdp/cdp-targets.test.ts[2m > [22mfindDomTargets[2m > [22mreturns page, webview, and iframe targets with webSocketDebuggerUrl[32m 0[2mms[22m[39m
 [32m✓[39m [30m[45m main [49m[39m src/main/cdp/cdp-targets.test.ts[2m > [22mfindDomTargets[2m > [22mreturns empty array when no DOM targets exist[32m 0[2mms[22m[39m
 [32m✓[39m [30m[45m main [49m[39m src/main/cdp/cdp-targets.test.ts[2m > [22mfindSecondaryTargets[2m > [22mreturns only webview and iframe targets (excludes main page)[32m 0[2mms[22m[39m
 [32m✓[39m [30m[45m main [49m[39m src/main/cdp/cdp-targets.test.ts[2m > [22mfindSecondaryTargets[2m > [22mfilters out webview/iframe targets without webSocketDebuggerUrl[32m 0[2mms[22m[39m
 [32m✓[39m [30m[45m main [49m[39m src/main/cdp/cdp-targets.test.ts[2m > [22mfindSecondaryTargets[2m > [22mreturns empty array when no secondary targets exist[32m 0[2mms[22m[39m
 [32m✓[39m [30m[45m main [49m[39m src/main/boot-progress.test.ts[2m > [22mboot-progress baseline[2m > [22mreturns the default estimate when no baseline exists[32m 2[2mms[22m[39m
 [32m✓[39m [30m[45m main [49m[39m src/main/boot-progress.test.ts[2m > [22mboot-progress baseline[2m > [22mreturns the stored baseline for known steps[32m 0[2mms[22m[39m
 [32m✓[39m [30m[45m main [49m[39m src/main/boot-progress.test.ts[2m > [22mboot-progress baseline[2m > [22mload returns an empty record when the file is missing[32m 3[2mms[22m[39m
 [32m✓[39m [30m[45m main [49m[39m src/main/boot-progress.test.ts[2m > [22mboot-progress baseline[2m > [22msave/load round-trips smoothed moving averages[32m 5[2mms[22m[39m
 [32m✓[39m [30m[45m main [49m[39m src/main/catalog/manifest-validator.test.ts[2m > [22mvalidateManifest — core schema[2m > [22maccepts a valid manifest[32m 5[2mms[22m[39m
 [32m✓[39m [30m[45m main [49m[39m src/main/catalog/manifest-validator.test.ts[2m > [22mvalidateManifest — core schema[2m > [22mrejects a manifest missing colors.background with a JSON path[32m 1[2mms[22m[39m
 [32m✓[39m [30m[45m main [49m[39m src/main/catalog/manifest-validator.test.ts[2m > [22mvalidateManifest — core schema[2m > [22mrejects a manifest with unknown top-level properties[32m 1[2mms[22m[39m
 [32m✓[39m [30m[45m main [49m[39m src/main/catalog/manifest-validator.test.ts[2m > [22mvalidateManifest — core schema[2m > [22mrejects an invalid mode enum[32m 1[2mms[22m[39m
 [32m✓[39m [30m[45m main [49m[39m src/main/catalog/manifest-validator.test.ts[2m > [22mvalidateManifest — core schema[2m > [22mrejects an invalid schemaVersion[32m 0[2mms[22m[39m
 [32m✓[39m [30m[45m main [49m[39m src/main/catalog/manifest-validator.test.ts[2m > [22mvalidateManifest — core schema[2m > [22mrejects a non-semver version[32m 0[2mms[22m[39m
 [32m✓[39m [30m[45m main [49m[39m src/main/catalog/manifest-validator.test.ts[2m > [22mvalidateManifest — core schema[2m > [22mrejects a targets entry missing css[32m 0[2mms[22m[39m
 [32m✓[39m [30m[45m main [49m[39m src/main/catalog/manifest-validator.test.ts[2m > [22mvalidateManifest — core schema[2m > [22maccepts a v1-style manifest (no targets, v1 color names)[32m 1[2mms[22m[39m
 [32m✓[39m [30m[45m main [49m[39m src/main/catalog/manifest-validator.test.ts[2m > [22mvalidateManifest — core schema[2m > [22maccepts wallpaper with workshopId (Steam reference) — matches loader contract[32m 1[2mms[22m[39m
 [32m✓[39m [30m[45m main [49m[39m src/main/catalog/manifest-validator.test.ts[2m > [22mvalidateManifest — core schema[2m > [22mrejects wallpaper with neither workshopId nor video[32m 1[2mms[22m[39m
 [32m✓[39m [30m[45m main [49m[39m src/main/catalog/manifest-validator.test.ts[2m > [22mvalidateManifest — core schema[2m > [22mrejects a non-numeric workshopId[32m 1[2mms[22m[39m
 [32m✓[39m [30m[45m main [49m[39m src/main/catalog/manifest-validator.test.ts[2m > [22mvalidateManifest — core schema[2m > [22mrejects fonts entries missing src (array item path)[32m 1[2mms[22m[39m
 [32m✓[39m [30m[45m main [49m[39m src/main/catalog/manifest-validator.test.ts[2m > [22mvalidateManifest — core schema[2m > [22mrejects out-of-range wallpaper speed[32m 0[2mms[22m[39m
 [32m✓[39m [30m[45m main [49m[39m src/main/catalog/manifest-validator.test.ts[2m > [22mvalidateManifest — cross-field (SPEC-3)[2m > [22mrejects a targets key that is not a known agent id[32m 1[2mms[22m[39m
 [32m✓[39m [30m[45m main [49m[39m src/main/catalog/manifest-validator.test.ts[2m > [22mvalidateManifest — cross-field (SPEC-3)[2m > [22mrejects unknown ids in supportedAgents[32m 0[2mms[22m[39m
 [32m✓[39m [30m[45m main [49m[39m src/main/catalog/manifest-validator.test.ts[2m > [22mvalidateManifest — cross-field (SPEC-3)[2m > [22mrejects supportedAgents that omit a targets key[32m 0[2mms[22m[39m
 [32m✓[39m [30m[45m main [49m[39m src/main/catalog/manifest-validator.test.ts[2m > [22mvalidateManifest — cross-field (SPEC-3)[2m > [22mrejects unknown agent ids (experimental removed in v1.4)[32m 0[2mms[22m[39m
 [32m✓[39m [30m[45m main [49m[39m src/main/catalog/manifest-validator.test.ts[2m > [22mvalidateManifest — cross-field (SPEC-3)[2m > [22mKNOWN_AGENT_IDS covers the six active product agents (v1.4)[32m 2[2mms[22m[39m
 [32m✓[39m [30m[45m main [49m[39m src/main/catalog/manifest-validator.test.ts[2m > [22mformatSchemaErrors[2m > [22mrenders root-path errors without a dangling dot[32m 0[2mms[22m[39m
 [32m✓[39m [30m[45m main [49m[39m src/main/catalog/manifest-validator.test.ts[2m > [22mformatSchemaErrors[2m > [22mjoins multiple errors with a separator[32m 0[2mms[22m[39m
 [32m✓[39m [30m[45m main [49m[39m src/main/catalog/manifest-validator.test.ts[2m > [22mvalidateManifest — colorSchemes (v2.2+)[2m > [22maccepts valid colorSchemes ids[32m 1[2mms[22m[39m
 [32m✓[39m [30m[45m main [49m[39m src/main/catalog/manifest-validator.test.ts[2m > [22mvalidateManifest — colorSchemes (v2.2+)[2m > [22mrejects a reserved "default" scheme id[32m 0[2mms[22m[39m
 [32m✓[39m [30m[45m main [49m[39m src/main/catalog/manifest-validator.test.ts[2m > [22mvalidateManifest — colorSchemes (v2.2+)[2m > [22mrejects an invalid scheme id (path separators)[32m 0[2mms[22m[39m
 [32m✓[39m [30m[45m main [49m[39m src/main/catalog/manifest-validator.test.ts[2m > [22mvalidateManifest — colorSchemes (v2.2+)[2m > [22mrejects duplicate scheme ids[32m 0[2mms[22m[39m
 [32m✓[39m [30m[45m main [49m[39m src/main/catalog/manifest-validator.test.ts[2m > [22mvalidateManifest — colorSchemes (v2.2+)[2m > [22mrejects non-array colorSchemes[32m 0[2mms[22m[39m
 [32m✓[39m [30m[45m main [49m[39m src/main/profile/transform-ledger.test.ts[2m > [22mTransformLedger[2m > [22mupserts new entries and dedupes by targetRef+action[32m 4[2mms[22m[39m
 [32m✓[39m [30m[45m main [49m[39m src/main/profile/transform-ledger.test.ts[2m > [22mTransformLedger[2m > [22mkeeps separate entries for different refs[32m 1[2mms[22m[39m
 [32m✓[39m [30m[45m main [49m[39m src/main/profile/transform-ledger.test.ts[2m > [22mTransformLedger[2m > [22mtoggles a single entry off and back on (验收标准 3)[32m 0[2mms[22m[39m
 [32m✓[39m [30m[45m main [49m[39m src/main/profile/transform-ledger.test.ts[2m > [22mTransformLedger[2m > [22mtoggles an entire action class (master switch)[32m 1[2mms[22m[39m
 [32m✓[39m [30m[45m main [49m[39m src/main/profile/transform-ledger.test.ts[2m > [22mTransformLedger[2m > [22mtoCss emits only enabled entries with escaped refs[32m 1[2mms[22m[39m
 [32m✓[39m [30m[45m main [49m[39m src/main/profile/transform-ledger.test.ts[2m > [22mTransformLedger[2m > [22mround-trips through JSON (持久化)[32m 1[2mms[22m[39m
 [32m✓[39m [30m[45m main [49m[39m src/main/profile/transform-ledger.test.ts[2m > [22mTransformLedger[2m > [22msurvives corrupt JSON with an empty ledger[32m 3[2mms[22m[39m
 [32m✓[39m [30m[45m main [49m[39m src/main/profile/transform-ledger.test.ts[2m > [22mTransformLedger[2m > [22mkeeps existing entries when fromJson is fed corrupt data[32m 1[2mms[22m[39m
 [32m✓[39m [30m[45m main [49m[39m src/main/profile/transform-ledger.test.ts[2m > [22mTransformLedger[2m > [22msummarizes counts by action[32m 1[2mms[22m[39m
 [32m✓[39m [30m[45m main [49m[39m src/main/profile/transform-ledger.test.ts[2m > [22mTransformLedger[2m > [22mremoves an entry by id[32m 1[2mms[22m[39m
 [32m✓[39m [30m[45m main [49m[39m src/main/palette-builder.test.ts[2m > [22mhexToRgbTriple[2m > [22m6-digit hex (#rrggbb)[2m > [22mconverts #ff0000 to "255, 0, 0"[32m 3[2mms[22m[39m
 [32m✓[39m [30m[45m main [49m[39m src/main/palette-builder.test.ts[2m > [22mhexToRgbTriple[2m > [22m6-digit hex (#rrggbb)[2m > [22mconverts #00ff00 to "0, 255, 0"[32m 1[2mms[22m[39m
 [32m✓[39m [30m[45m main [49m[39m src/main/palette-builder.test.ts[2m > [22mhexToRgbTriple[2m > [22m6-digit hex (#rrggbb)[2m > [22mconverts #0000ff to "0, 0, 255"[32m 0[2mms[22m[39m
 [32m✓[39m [30m[45m main [49m[39m src/main/palette-builder.test.ts[2m > [22mhexToRgbTriple[2m > [22m6-digit hex (#rrggbb)[2m > [22mconverts #ffffff (white) to "255, 255, 255"[32m 0[2mms[22m[39m
 [32m✓[39m [30m[45m main [49m[39m src/main/palette-builder.test.ts[2m > [22mhexToRgbTriple[2m > [22m6-digit hex (#rrggbb)[2m > [22mconverts #000000 (black) to "0, 0, 0"[32m 0[2mms[22m[39m
 [32m✓[39m [30m[45m main [49m[39m src/main/palette-builder.test.ts[2m > [22mhexToRgbTriple[2m > [22m6-digit hex (#rrggbb)[2m > [22mconverts uppercase #FF0000[32m 0[2mms[22m[39m
 [32m✓[39m [30m[45m main [49m[39m src/main/palette-builder.test.ts[2m > [22mhexToRgbTriple[2m > [22m6-digit hex (#rrggbb)[2m > [22mconverts mixed case #Ff00Aa[32m 0[2mms[22m[39m
 [32m✓[39m [30m[45m main [49m[39m src/main/palette-builder.test.ts[2m > [22mhexToRgbTriple[2m > [22m6-digit hex (#rrggbb)[2m > [22mconverts a complex color #1a2b3c[32m 0[2mms[22m[39m
 [32m✓[39m [30m[45m main [49m[39m src/main/palette-builder.test.ts[2m > [22mhexToRgbTriple[2m > [22m6-digit hex without hash[2m > [22mconverts ff0000 without hash[32m 0[2mms[22m[39m
 [32m✓[39m [30m[45m main [49m[39m src/main/palette-builder.test.ts[2m > [22mhexToRgbTriple[2m > [22m6-digit hex without hash[2m > [22mconverts uppercase FF0000 without hash[32m 0[2mms[22m[39m
 [32m✓[39m [30m[45m main [49m[39m src/main/palette-builder.test.ts[2m > [22mhexToRgbTriple[2m > [22m3-digit hex (#rgb)[2m > [22mconverts #f00 to "255, 0, 0" (expands each digit)[32m 0[2mms[22m[39m
 [32m✓[39m [30m[45m main [49m[39m src/main/palette-builder.test.ts[2m > [22mhexToRgbTriple[2m > [22m3-digit hex (#rgb)[2m > [22mconverts #0f0 to "0, 255, 0"[32m 0[2mms[22m[39m
 [32m✓[39m [30m[45m main [49m[39m src/main/palette-builder.test.ts[2m > [22mhexToRgbTriple[2m > [22m3-digit hex (#rgb)[2m > [22mconverts #00f to "0, 0, 255"[32m 0[2mms[22m[39m
 [32m✓[39m [30m[45m main [49m[39m src/main/palette-builder.test.ts[2m > [22mhexToRgbTriple[2m > [22m3-digit hex (#rgb)[2m > [22mconverts #fff (white shorthand) to "255, 255, 255"[32m 0[2mms[22m[39m
 [32m✓[39m [30m[45m main [49m[39m src/main/palette-builder.test.ts[2m > [22mhexToRgbTriple[2m > [22m3-digit hex (#rgb)[2m > [22mconverts #000 (black shorthand) to "0, 0, 0"[32m 0[2mms[22m[39m
 [32m✓[39m [30m[45m main [49m[39m src/main/palette-builder.test.ts[2m > [22mhexToRgbTriple[2m > [22m3-digit hex (#rgb)[2m > [22mconverts #abc to "170, 187, 204"[32m 0[2mms[22m[39m
 [32m✓[39m [30m[45m main [49m[39m src/main/palette-builder.test.ts[2m > [22mhexToRgbTriple[2m > [22m3-digit hex (#rgb)[2m > [22mconverts uppercase #F00[32m 0[2mms[22m[39m
 [32m✓[39m [30m[45m main [49m[39m src/main/palette-builder.test.ts[2m > [22mhexToRgbTriple[2m > [22m3-digit hex without hash[2m > [22mconverts f00 without hash[32m 0[2mms[22m[39m
 [32m✓[39m [30m[45m main [49m[39m src/main/palette-builder.test.ts[2m > [22mhexToRgbTriple[2m > [22m3-digit hex without hash[2m > [22mconverts abc without hash[32m 0[2mms[22m[39m
 [32m✓[39m [30m[45m main [49m[39m src/main/palette-builder.test.ts[2m > [22mhexToRgbTriple[2m > [22mwhitespace handling[2m > [22mtrims leading whitespace[32m 0[2mms[22m[39m
 [32m✓[39m [30m[45m main [49m[39m src/main/palette-builder.test.ts[2m > [22mhexToRgbTriple[2m > [22mwhitespace handling[2m > [22mtrims trailing whitespace[32m 0[2mms[22m[39m
 [32m✓[39m [30m[45m main [49m[39m src/main/palette-builder.test.ts[2m > [22mhexToRgbTriple[2m > [22mwhitespace handling[2m > [22mtrims both sides[32m 0[2mms[22m[39m
 [32m✓[39m [30m[45m main [49m[39m src/main/palette-builder.test.ts[2m > [22mhexToRgbTriple[2m > [22mwhitespace handling[2m > [22mtrims tabs and newlines[32m 0[2mms[22m[39m
 [32m✓[39m [30m[45m main [49m[39m src/main/palette-builder.test.ts[2m > [22mhexToRgbTriple[2m > [22mreturns null for invalid inputs[2m > [22mreturns null for empty string[32m 0[2mms[22m[39m
 [32m✓[39m [30m[45m main [49m[39m src/main/palette-builder.test.ts[2m > [22mhexToRgbTriple[2m > [22mreturns null for invalid inputs[2m > [22mreturns null for whitespace-only string[32m 0[2mms[22m[39m
 [32m✓[39m [30m[45m main [49m[39m src/main/palette-builder.test.ts[2m > [22mhexToRgbTriple[2m > [22mreturns null for invalid inputs[2m > [22mreturns null for plain text[32m 0[2mms[22m[39m
 [32m✓[39m [30m[45m main [49m[39m src/main/palette-builder.test.ts[2m > [22mhexToRgbTriple[2m > [22mreturns null for invalid inputs[2m > [22mreturns null for CSS var() reference[32m 0[2mms[22m[39m
 [32m✓[39m [30m[45m main [49m[39m src/main/palette-builder.test.ts[2m > [22mhexToRgbTriple[2m > [22mreturns null for invalid inputs[2m > [22mreturns null for color-mix() expression[32m 0[2mms[22m[39m
 [32m✓[39m [30m[45m main [49m[39m src/main/palette-builder.test.ts[2m > [22mhexToRgbTriple[2m > [22mreturns null for invalid inputs[2m > [22mreturns null for rgb() notation[32m 0[2mms[22m[39m
 [32m✓[39m [30m[45m main [49m[39m src/main/palette-builder.test.ts[2m > [22mhexToRgbTriple[2m > [22mreturns null for invalid inputs[2m > [22mreturns null for 4-digit hex (#rgba)[32m 0[2mms[22m[39m
 [32m✓[39m [30m[45m main [49m[39m src/main/palette-builder.test.ts[2m > [22mhexToRgbTriple[2m > [22mreturns null for invalid inputs[2m > [22mreturns null for 5-digit hex[32m 0[2mms[22m[39m
 [32m✓[39m [30m[45m main [49m[39m src/main/palette-builder.test.ts[2m > [22mhexToRgbTriple[2m > [22mreturns null for invalid inputs[2m > [22mreturns null for 7-digit hex[32m 0[2mms[22m[39m
 [32m✓[39m [30m[45m main [49m[39m src/main/palette-builder.test.ts[2m > [22mhexToRgbTriple[2m > [22mreturns null for invalid inputs[2m > [22mreturns null for 8-digit hex with alpha (#rrggbbaa)[32m 0[2mms[22m[39m
 [32m✓[39m [30m[45m main [49m[39m src/main/palette-builder.test.ts[2m > [22mhexToRgbTriple[2m > [22mreturns null for invalid inputs[2m > [22mreturns null for hex with invalid characters[32m 0[2mms[22m[39m
 [32m✓[39m [30m[45m main [49m[39m src/main/palette-builder.test.ts[2m > [22mhexToRgbTriple[2m > [22mreturns null for invalid inputs[2m > [22mreturns null for hex that is too short[32m 0[2mms[22m[39m
 [32m✓[39m [30m[45m main [49m[39m src/main/palette-builder.test.ts[2m > [22mhexToRgbTriple[2m > [22mreturns null for invalid inputs[2m > [22mreturns null for hex with non-hex characters mixed in[32m 0[2mms[22m[39m
 [32m✓[39m [30m[45m main [49m[39m src/main/palette-builder.test.ts[2m > [22mbuildPaletteCss[2m > [22mnull / empty / malformed inputs[2m > [22mreturns null for empty string[32m 0[2mms[22m[39m
 [32m✓[39m [30m[45m main [49m[39m src/main/palette-builder.test.ts[2m > [22mbuildPaletteCss[2m > [22mnull / empty / malformed inputs[2m > [22mreturns null for whitespace-only string[32m 0[2mms[22m[39m
 [32m✓[39m [30m[45m main [49m[39m src/main/palette-builder.test.ts[2m > [22mbuildPaletteCss[2m > [22mnull / empty / malformed inputs[2m > [22mreturns null for CSS with no --agentskin-* vars[32m 0[2mms[22m[39m
 [32m✓[39m [30m[45m main [49m[39m src/main/palette-builder.test.ts[2m > [22mbuildPaletteCss[2m > [22mnull / empty / malformed inputs[2m > [22mreturns null for fewer than 6 --agentskin-* tokens (5 tokens)[32m 0[2mms[22m[39m
 [32m✓[39m [30m[45m main [49m[39m src/main/palette-builder.test.ts[2m > [22mbuildPaletteCss[2m > [22mnull / empty / malformed inputs[2m > [22mreturns null for exactly 0 tokens[32m 0[2mms[22m[39m
 [32m✓[39m [30m[45m main [49m[39m src/main/palette-builder.test.ts[2m > [22mbuildPaletteCss[2m > [22mbasic output structure[2m > [22mreturns non-null for exactly 6 tokens[32m 0[2mms[22m[39m
 [32m✓[39m [30m[45m main [49m[39m src/main/palette-builder.test.ts[2m > [22mbuildPaletteCss[2m > [22mbasic output structure[2m > [22mwraps declarations in :root { }[32m 0[2mms[22m[39m
 [32m✓[39m [30m[45m main [49m[39m src/main/palette-builder.test.ts[2m > [22mbuildPaletteCss[2m > [22mbasic output structure[2m > [22mends with a trailing newline[32m 0[2mms[22m[39m
 [32m✓[39m [30m[45m main [49m[39m src/main/palette-builder.test.ts[2m > [22mbuildPaletteCss[2m > [22mbasic output structure[2m > [22mformats each declaration as "  --agentskin-{name}: {value};"[32m 0[2mms[22m[39m
 [32m✓[39m [30m[45m main [49m[39m src/main/palette-builder.test.ts[2m > [22mbuildPaletteCss[2m > [22mbasic output structure[2m > [22mpreserves all 6 token values in output[32m 0[2mms[22m[39m
 [32m✓[39m [30m[45m main [49m[39m src/main/palette-builder.test.ts[2m > [22mbuildPaletteCss[2m > [22m-raw triplet derivation[2m > [22mderives accent-raw from hex accent color[32m 0[2mms[22m[39m
 [32m✓[39m [30m[45m main [49m[39m src/main/palette-builder.test.ts[2m > [22mbuildPaletteCss[2m > [22m-raw triplet derivation[2m > [22mderives secondary-raw from hex secondary color[32m 0[2mms[22m[39m
 [32m✓[39m [30m[45m main [49m[39m src/main/palette-builder.test.ts[2m > [22mbuildPaletteCss[2m > [22m-raw triplet derivation[2m > [22mderives text-raw, muted-raw, surface-raw, bg-raw[32m 0[2mms[22m[39m
 [32m✓[39m [30m[45m main [49m[39m src/main/palette-builder.test.ts[2m > [22mbuildPaletteCss[2m > [22m-raw triplet derivation[2m > [22mderives surface-elevated-raw when surface-elevated is a hex color[32m 0[2mms[22m[39m
 [32m✓[39m [30m[45m main [49m[39m src/main/palette-builder.test.ts[2m > [22mbuildPaletteCss[2m > [22m-raw triplet derivation[2m > [22mskips -raw derivation for non-hex values (var())[32m 0[2mms[22m[39m
 [32m✓[39m [30m[45m main [49m[39m src/main/palette-builder.test.ts[2m > [22mbuildPaletteCss[2m > [22m-raw triplet derivation[2m > [22mskips -raw derivation for color-mix() values[32m 0[2mms[22m[39m
 [32m✓[39m [30m[45m main [49m[39m src/main/palette-builder.test.ts[2m > [22mbuildPaletteCss[2m > [22m-raw triplet derivation[2m > [22mrespects existing -raw values (does not overwrite)[32m 0[2mms[22m[39m
 [32m✓[39m [30m[45m main [49m[39m src/main/palette-builder.test.ts[2m > [22mbuildPaletteCss[2m > [22m-raw triplet derivation[2m > [22mderives all 8 raw bases when all are hex colors[32m 0[2mms[22m[39m
 [32m✓[39m [30m[45m main [49m[39m src/main/palette-builder.test.ts[2m > [22mbuildPaletteCss[2m > [22mtoken extraction behavior[2m > [22mextracts tokens from realistic theme CSS with selectors[32m 0[2mms[22m[39m
 [32m✓[39m [30m[45m main [49m[39m src/main/palette-builder.test.ts[2m > [22mbuildPaletteCss[2m > [22mtoken extraction behavior[2m > [22mhandles tokens with hyphens in names (surface-elevated, code-bg)[32m 0[2mms[22m[39m
 [32m✓[39m [30m[45m main [49m[39m src/main/palette-builder.test.ts[2m > [22mbuildPaletteCss[2m > [22mtoken extraction behavior[2m > [22mfirst occurrence wins for duplicate tokens[32m 0[2mms[22m[39m
 [32m✓[39m [30m[45m main [49m[39m src/main/palette-builder.test.ts[2m > [22mbuildPaletteCss[2m > [22mtoken extraction behavior[2m > [22mtrims whitespace in token values[32m 0[2mms[22m[39m
 [32m✓[39m [30m[45m main [49m[39m src/main/palette-builder.test.ts[2m > [22mbuildPaletteCss[2m > [22mtoken extraction behavior[2m > [22mextracts tokens mixed with non-agentskin CSS properties[32m 0[2mms[22m[39m
 [32m✓[39m [30m[45m main [49m[39m src/main/palette-builder.test.ts[2m > [22mbuildPaletteCss[2m > [22mtoken extraction behavior[2m > [22mdoes not match non-agentskin CSS variables[32m 0[2mms[22m[39m
 [32m✓[39m [30m[45m main [49m[39m src/main/palette-builder.test.ts[2m > [22mbuildPaletteCss[2m > [22mfull integration test[2m > [22mproduces a complete palette.css from a realistic theme[32m 0[2mms[22m[39m
 [32m✓[39m [30m[45m main [49m[39m src/main/catalog/theme-catalog.test.ts[2m > [22mThemeCatalog[2m > [22mlistThemes[2m > [22mreturns all themes as catalog items[32m 6[2mms[22m[39m
 [32m✓[39m [30m[45m main [49m[39m src/main/catalog/theme-catalog.test.ts[2m > [22mThemeCatalog[2m > [22mlistThemes[2m > [22mmaps displayName to name[32m 1[2mms[22m[39m
 [32m✓[39m [30m[45m main [49m[39m src/main/catalog/theme-catalog.test.ts[2m > [22mThemeCatalog[2m > [22mlistThemes[2m > [22mmaps tagline to description[32m 0[2mms[22m[39m
 [32m✓[39m [30m[45m main [49m[39m src/main/catalog/theme-catalog.test.ts[2m > [22mThemeCatalog[2m > [22mlistThemes[2m > [22muses empty string for null tagline[32m 0[2mms[22m[39m
 [32m✓[39m [30m[45m main [49m[39m src/main/catalog/theme-catalog.test.ts[2m > [22mThemeCatalog[2m > [22mlistThemes[2m > [22mpreserves legacyTargets[32m 0[2mms[22m[39m
 [32m✓[39m [30m[45m main [49m[39m src/main/catalog/theme-catalog.test.ts[2m > [22mThemeCatalog[2m > [22mlistThemes[2m > [22mmarks all themes as installed[32m 0[2mms[22m[39m
 [32m✓[39m [30m[45m main [49m[39m src/main/catalog/theme-catalog.test.ts[2m > [22mThemeCatalog[2m > [22mlistThemes[2m > [22msets source to local for library themes[32m 0[2mms[22m[39m
 [32m✓[39m [30m[45m main [49m[39m src/main/catalog/theme-catalog.test.ts[2m > [22mThemeCatalog[2m > [22mgetTheme[2m > [22mreturns a single theme by id[32m 1[2mms[22m[39m
 [32m✓[39m [30m[45m main [49m[39m src/main/catalog/theme-catalog.test.ts[2m > [22mThemeCatalog[2m > [22mgetTheme[2m > [22mreturns null for unknown id[32m 0[2mms[22m[39m
 [32m✓[39m [30m[45m main [49m[39m src/main/catalog/theme-catalog.test.ts[2m > [22mThemeCatalog[2m > [22msearchThemes[2m > [22mmatches by name (case-insensitive)[32m 1[2mms[22m[39m
 [32m✓[39m [30m[45m main [49m[39m src/main/catalog/theme-catalog.test.ts[2m > [22mThemeCatalog[2m > [22msearchThemes[2m > [22mmatches by description[32m 0[2mms[22m[39m
 [32m✓[39m [30m[45m main [49m[39m src/main/catalog/theme-catalog.test.ts[2m > [22mThemeCatalog[2m > [22msearchThemes[2m > [22mreturns all themes for empty query[32m 0[2mms[22m[39m
 [32m✓[39m [30m[45m main [49m[39m src/main/catalog/theme-catalog.test.ts[2m > [22mThemeCatalog[2m > [22msearchThemes[2m > [22mreturns empty for no match[32m 0[2mms[22m[39m
 [32m✓[39m [30m[45m main [49m[39m src/main/catalog/theme-catalog.test.ts[2m > [22mThemeCatalog[2m > [22mfilterByAgent[2m > [22mreturns themes supporting the given agent[32m 0[2mms[22m[39m
 [32m✓[39m [30m[45m main [49m[39m src/main/catalog/theme-catalog.test.ts[2m > [22mThemeCatalog[2m > [22mfilterByAgent[2m > [22mreturns empty when no themes support the agent[32m 0[2mms[22m[39m
 [32m✓[39m [30m[45m main [49m[39m src/main/catalog/theme-catalog.test.ts[2m > [22mThemeCatalog[2m > [22mfilterByAgent[2m > [22mreturns themes with empty supportedAgents for no match[32m 0[2mms[22m[39m
 [32m✓[39m [30m[45m main [49m[39m src/main/catalog/theme-catalog.test.ts[2m > [22mThemeCatalog[2m > [22micon propagation (P3.1)[2m > [22muses icon from InstalledTheme.icon as primary source[32m 0[2mms[22m[39m
 [32m✓[39m [30m[45m main [49m[39m src/main/catalog/theme-catalog.test.ts[2m > [22mThemeCatalog[2m > [22micon propagation (P3.1)[2m > [22msets icon to null when no icon available[32m 0[2mms[22m[39m
 [32m✓[39m [30m[45m main [49m[39m src/main/catalog/theme-catalog.test.ts[2m > [22mThemeCatalog[2m > [22micon propagation (P3.1)[2m > [22mpropagates icon for themes with icon data[32m 0[2mms[22m[39m
 [32m✓[39m [30m[45m main [49m[39m src/main/catalog/theme-catalog.test.ts[2m > [22mThemeCatalog scheme merging (v2.2+)[2m > [22mmerges scheme variants into a single entry with per-scheme colors[32m 1[2mms[22m[39m
 [32m✓[39m [30m[45m main [49m[39m src/main/catalog/theme-catalog.test.ts[2m > [22mThemeCatalog scheme merging (v2.2+)[2m > [22mpasses themes without scheme metadata through unchanged[32m 0[2mms[22m[39m
 [32m✓[39m [30m[45m main [49m[39m src/main/theme/theme-from-image.test.ts[2m > [22mderiveThemeFromImage — mode 判定[2m > [22mdetects dark mode from a dark image[32m 3[2mms[22m[39m
 [32m✓[39m [30m[45m main [49m[39m src/main/theme/theme-from-image.test.ts[2m > [22mderiveThemeFromImage — mode 判定[2m > [22mdetects light mode from a light image[32m 0[2mms[22m[39m
 [32m✓[39m [30m[45m main [49m[39m src/main/theme/theme-from-image.test.ts[2m > [22mderiveThemeFromImage — mode 判定[2m > [22mfalls back to a neutral dark theme on empty input[32m 1[2mms[22m[39m
 [32m✓[39m [30m[45m main [49m[39m src/main/theme/theme-from-image.test.ts[2m > [22mderiveThemeFromImage — 14 token 派生[2m > [22memits all 14 manifest color tokens as hex[32m 1[2mms[22m[39m
 [32m✓[39m [30m[45m main [49m[39m src/main/theme/theme-from-image.test.ts[2m > [22mderiveThemeFromImage — 14 token 派生[2m > [22mkeeps dark theme backgrounds dark and text bright (THEME_SPEC contract)[32m 2[2mms[22m[39m
 [32m✓[39m [30m[45m main [49m[39m src/main/theme/theme-from-image.test.ts[2m > [22mderiveThemeFromImage — 14 token 派生[2m > [22mkeeps light theme backgrounds bright and text dark[32m 1[2mms[22m[39m
 [32m✓[39m [30m[45m main [49m[39m src/main/theme/theme-from-image.test.ts[2m > [22mderiveThemeFromImage — 14 token 派生[2m > [22mpicks a saturated accent distinct from near-neutral background[32m 0[2mms[22m[39m
 [32m✓[39m [30m[45m main [49m[39m src/main/theme/theme-from-image.test.ts[2m > [22mderiveThemeFromImage — 14 token 派生[2m > [22mderives button/focus/border alpha variants from the accent[32m 0[2mms[22m[39m
 [32m✓[39m [30m[45m main [49m[39m src/main/theme/theme-from-image.test.ts[2m > [22mvalidateThemeBrightness[2m > [22mpasses for derived dark themes[32m 1[2mms[22m[39m
 [32m✓[39m [30m[45m main [49m[39m src/main/theme/theme-from-image.test.ts[2m > [22mvalidateThemeBrightness[2m > [22mpasses for derived light themes[32m 0[2mms[22m[39m
 [32m✓[39m [30m[45m main [49m[39m src/main/theme/theme-from-image.test.ts[2m > [22mvalidateThemeBrightness[2m > [22mflags violations[32m 0[2mms[22m[39m
 [32m✓[39m [30m[45m main [49m[39m src/main/ipc/settings-ipc.test.ts[2m > [22msettings-ipc parameter validation[2m > [22mSETTINGS_PICK_APP_PATH[2m > [22mrejects invalid agent id[32m 6[2mms[22m[39m
 [32m✓[39m [30m[45m main [49m[39m src/main/ipc/settings-ipc.test.ts[2m > [22msettings-ipc parameter validation[2m > [22mSETTINGS_CLEAR_APP_PATH[2m > [22mrejects invalid agent id[32m 3[2mms[22m[39m
 [32m✓[39m [30m[45m main [49m[39m src/main/ipc/settings-ipc.test.ts[2m > [22msettings-ipc parameter validation[2m > [22mSETTINGS_SET_APP_PORT[2m > [22mrejects invalid agent id[32m 1[2mms[22m[39m
 [32m✓[39m [30m[45m main [49m[39m src/main/ipc/settings-ipc.test.ts[2m > [22msettings-ipc parameter validation[2m > [22mSETTINGS_SET_APP_PORT[2m > [22mrejects port below 1024[32m 1[2mms[22m[39m
 [32m✓[39m [30m[45m main [49m[39m src/main/ipc/settings-ipc.test.ts[2m > [22msettings-ipc parameter validation[2m > [22mSETTINGS_SET_APP_PORT[2m > [22mrejects port above 65535[32m 1[2mms[22m[39m
 [32m✓[39m [30m[45m main [49m[39m src/main/ipc/settings-ipc.test.ts[2m > [22msettings-ipc parameter validation[2m > [22mSETTINGS_SET_APP_PORT[2m > [22mrejects non-integer port[32m 1[2mms[22m[39m
 [32m✓[39m [30m[45m main [49m[39m src/main/ipc/settings-ipc.test.ts[2m > [22msettings-ipc parameter validation[2m > [22mSETTINGS_SET_APP_PORT[2m > [22mrejects non-number port (string, object)[32m 1[2mms[22m[39m
 [32m✓[39m [30m[45m main [49m[39m src/main/ipc/settings-ipc.test.ts[2m > [22msettings-ipc parameter validation[2m > [22mSETTINGS_SET_APP_PORT[2m > [22maccepts null as port (clears override)[32m 2[2mms[22m[39m
 [32m✓[39m [30m[45m main [49m[39m src/main/profile/overrides-store.test.ts[2m > [22mOverridesStore — 白/黑名单（GOV-3）[2m > [22mwhitelists an element the classifier missed (漏报→补)[32m 3[2mms[22m[39m
 [32m✓[39m [30m[45m main [49m[39m src/main/profile/overrides-store.test.ts[2m > [22mOverridesStore — 白/黑名单（GOV-3）[2m > [22mblacklists a falsely-classified element (误报→剔)[32m 1[2mms[22m[39m
 [32m✓[39m [30m[45m main [49m[39m src/main/profile/overrides-store.test.ts[2m > [22mOverridesStore — 白/黑名单（GOV-3）[2m > [22mremoves an override[32m 1[2mms[22m[39m
 [32m✓[39m [30m[45m main [49m[39m src/main/profile/overrides-store.test.ts[2m > [22mOverridesStore — 白/黑名单（GOV-3）[2m > [22mpersists through JSON round-trip (重启不丢)[32m 1[2mms[22m[39m
 [32m✓[39m [30m[45m main [49m[39m src/main/profile/overrides-store.test.ts[2m > [22mOverridesStore — 白/黑名单（GOV-3）[2m > [22mreturns null on corrupt JSON[32m 0[2mms[22m[39m
 [32m✓[39m [30m[45m main [49m[39m src/main/profile/overrides-store.test.ts[2m > [22mOverridesStore — 阈值覆盖[2m > [22msets and merges per-role thresholds[32m 0[2mms[22m[39m
 [32m✓[39m [30m[45m main [49m[39m src/main/profile/overrides-store.test.ts[2m > [22mOverridesStore — 精确率/召回率（阶段 4 指标）[2m > [22mcomputes precision/recall from human confirmations[32m 1[2mms[22m[39m
 [32m✓[39m [30m[45m main [49m[39m src/main/profile/overrides-store.test.ts[2m > [22mOverridesStore — 精确率/召回率（阶段 4 指标）[2m > [22mreturns null when no confirmations exist[32m 0[2mms[22m[39m
 [32m✓[39m [30m[45m main [49m[39m src/main/profile/overrides-store.test.ts[2m > [22mOverridesStore — 精确率/召回率（阶段 4 指标）[2m > [22mkeeps confirmation history across restarts[32m 1[2mms[22m[39m
 [32m✓[39m [30m[45m main [49m[39m src/main/boot-profiler.test.ts[2m > [22mBootProfiler[2m > [22mrecords per-step durations and reports total[32m 5[2mms[22m[39m
 [32m✓[39m [30m[45m main [49m[39m src/main/boot-profiler.test.ts[2m > [22mBootProfiler[2m > [22mreturns just the header when no step was timed[32m 1[2mms[22m[39m
 [32m✓[39m [30m[45m main [49m[39m src/main/boot-profiler.test.ts[2m > [22mBootProfiler[2m > [22mignores end() without a matching begin()[32m 1[2mms[22m[39m
 [32m✓[39m [30m[45m main [49m[39m src/main/boot-profiler.test.ts[2m > [22mBootProfiler[2m > [22mreplaces an unfinished step when begin is called twice[32m 1[2mms[22m[39m
 [32m✓[39m [30m[45m main [49m[39m src/main/boot-profiler.test.ts[2m > [22mBootProfiler[2m > [22msorts the report by slowest step first[32m 1[2mms[22m[39m
 [32m✓[39m [30m[45m main [49m[39m src/main/profile/safe-css.test.ts[2m > [22msanitizeCSS — passthrough[2m > [22mempty string returns clean empty[32m 3[2mms[22m[39m
 [32m✓[39m [30m[45m main [49m[39m src/main/profile/safe-css.test.ts[2m > [22msanitizeCSS — passthrough[2m > [22mwhitespace-only returns clean empty[32m 0[2mms[22m[39m
 [32m✓[39m [30m[45m main [49m[39m src/main/profile/safe-css.test.ts[2m > [22msanitizeCSS — passthrough[2m > [22mpreserves safe custom properties[32m 1[2mms[22m[39m
 [32m✓[39m [30m[45m main [49m[39m src/main/profile/safe-css.test.ts[2m > [22msanitizeCSS — passthrough[2m > [22mpreserves px/em/rem units and rgba values[32m 0[2mms[22m[39m
 [32m✓[39m [30m[45m main [49m[39m src/main/profile/safe-css.test.ts[2m > [22msanitizeCSS — passthrough[2m > [22mpreserves CSS comments with benign content[32m 1[2mms[22m[39m
 [32m✓[39m [30m[45m main [49m[39m src/main/profile/safe-css.test.ts[2m > [22msanitizeCSS — dangerous URL payloads[2m > [22mblocks javascript: URL[32m 1[2mms[22m[39m
 [32m✓[39m [30m[45m main [49m[39m src/main/profile/safe-css.test.ts[2m > [22msanitizeCSS — dangerous URL payloads[2m > [22mblocks vbscript: URL[32m 0[2mms[22m[39m
 [32m✓[39m [30m[45m main [49m[39m src/main/profile/safe-css.test.ts[2m > [22msanitizeCSS — dangerous URL payloads[2m > [22mblocks data:text/html payload in url()[32m 0[2mms[22m[39m
 [32m✓[39m [30m[45m main [49m[39m src/main/profile/safe-css.test.ts[2m > [22msanitizeCSS — dangerous URL payloads[2m > [22mallows data:image (safer)[32m 0[2mms[22m[39m
 [32m✓[39m [30m[45m main [49m[39m src/main/profile/safe-css.test.ts[2m > [22msanitizeCSS — dangerous URL payloads[2m > [22mblocks http:// external url in background[32m 0[2mms[22m[39m
 [32m✓[39m [30m[45m main [49m[39m src/main/profile/safe-css.test.ts[2m > [22msanitizeCSS — dangerous URL payloads[2m > [22mblocks https:// with mixed case[32m 0[2mms[22m[39m
 [32m✓[39m [30m[45m main [49m[39m src/main/profile/safe-css.test.ts[2m > [22msanitizeCSS — dangerous properties[2m > [22mblocks expression() in IE[32m 0[2mms[22m[39m
 [32m✓[39m [30m[45m main [49m[39m src/main/profile/safe-css.test.ts[2m > [22msanitizeCSS — dangerous properties[2m > [22mblocks -ms-behavior (IE8 hack)[32m 0[2mms[22m[39m
 [32m✓[39m [30m[45m main [49m[39m src/main/profile/safe-css.test.ts[2m > [22msanitizeCSS — dangerous properties[2m > [22mblocks -webkit-app-region (Electron title-bar hijack)[32m 0[2mms[22m[39m
 [32m✓[39m [30m[45m main [49m[39m src/main/profile/safe-css.test.ts[2m > [22msanitizeCSS — dangerous properties[2m > [22mblocks binding (Firefox XBL)[32m 0[2mms[22m[39m
 [32m✓[39m [30m[45m main [49m[39m src/main/profile/safe-css.test.ts[2m > [22msanitizeCSS — @rule threats[2m > [22mblocks @import of external CSS[32m 0[2mms[22m[39m
 [32m✓[39m [30m[45m main [49m[39m src/main/profile/safe-css.test.ts[2m > [22msanitizeCSS — @rule threats[2m > [22mblocks @font-face (external font load)[32m 0[2mms[22m[39m
 [32m✓[39m [30m[45m main [49m[39m src/main/profile/safe-css.test.ts[2m > [22msanitizeCSS — @rule threats[2m > [22mblocks @charset (UTF-7 XSS)[32m 0[2mms[22m[39m
 [32m✓[39m [30m[45m main [49m[39m src/main/profile/safe-css.test.ts[2m > [22msanitizeCSS — @rule threats[2m > [22mpreserves benign @media blocks[32m 0[2mms[22m[39m
 [32m✓[39m [30m[45m main [49m[39m src/main/profile/safe-css.test.ts[2m > [22msanitizeCSS — structural limits[2m > [22mrejects input over MAX_CSS_LENGTH[32m 0[2mms[22m[39m
 [32m✓[39m [30m[45m main [49m[39m src/main/profile/safe-css.test.ts[2m > [22msanitizeCSS — structural limits[2m > [22mrejects input over MAX_DECL_COUNT[32m 1[2mms[22m[39m
 [32m✓[39m [30m[45m main [49m[39m src/main/profile/safe-css.test.ts[2m > [22msanitizeCSS — structural limits[2m > [22maccepts input under the limit[32m 0[2mms[22m[39m
 [32m✓[39m [30m[45m main [49m[39m src/main/profile/safe-css.test.ts[2m > [22msanitizeCSS — quote escaping & style-tag close[2m > [22mblocks </style> breakout attempt[32m 1[2mms[22m[39m
 [32m✓[39m [30m[45m main [49m[39m src/main/profile/safe-css.test.ts[2m > [22msanitizeCSS — quote escaping & style-tag close[2m > [22msanitizes input with balanced quotes in url()[32m 0[2mms[22m[39m
 [32m✓[39m [30m[45m main [49m[39m src/main/profile/safe-css.test.ts[2m > [22msanitizeCSS — quote escaping & style-tag close[2m > [22mdoes not flag url() with a bare data:svg (no exfil threat)[32m 0[2mms[22m[39m
 [32m✓[39m [30m[45m main [49m[39m src/main/profile/safe-css.test.ts[2m > [22msanitizeCSS — quote escaping & style-tag close[2m > [22mdoes not throw on empty-colon declarations[32m 1[2mms[22m[39m
 [32m✓[39m [30m[45m main [49m[39m src/main/profile/safe-css.test.ts[2m > [22msanitizeCSS — quote escaping & style-tag close[2m > [22mpreserves escapes in CSS[32m 0[2mms[22m[39m
 [32m✓[39m [30m[45m main [49m[39m src/main/profile/safe-css.test.ts[2m > [22msanitizeCSS — reasons deduplication[2m > [22mdeduplicates identical reasons[32m 0[2mms[22m[39m
 [32m✓[39m [30m[45m main [49m[39m src/shared/timeout-renderer.test.ts[2m > [22misIpcTimeoutError[2m > [22midentifies serialized timeout cross-IPC[32m 4[2mms[22m[39m
 [32m✓[39m [30m[45m main [49m[39m src/shared/timeout-renderer.test.ts[2m > [22misIpcTimeoutError[2m > [22midentifies a live IpcTimeoutError instance[32m 0[2mms[22m[39m
 [32m✓[39m [30m[45m main [49m[39m src/shared/timeout-renderer.test.ts[2m > [22misIpcTimeoutError[2m > [22mrejects plain errors[32m 0[2mms[22m[39m
 [32m✓[39m [30m[45m main [49m[39m src/shared/timeout-renderer.test.ts[2m > [22misIpcTimeoutError[2m > [22mrejects plain objects without the expected name[32m 0[2mms[22m[39m
 [32m✓[39m [30m[45m main [49m[39m src/shared/timeout-renderer.test.ts[2m > [22misIpcTimeoutError[2m > [22mrejects null and undefined[32m 0[2mms[22m[39m
 [32m✓[39m [30m[45m main [49m[39m src/shared/timeout-renderer.test.ts[2m > [22misIpcTimeoutError[2m > [22mrejects strings and numbers[32m 0[2mms[22m[39m
 [32m✓[39m [30m[45m main [49m[39m src/shared/timeout-renderer.test.ts[2m > [22mserializeForIpc[2m > [22mproduces a plain object with all timeout metadata[32m 2[2mms[22m[39m
 [32m✓[39m [30m[45m main [49m[39m src/shared/timeout-renderer.test.ts[2m > [22mserializeForIpc[2m > [22mproduces a structure-free object (no prototype chain)[32m 1[2mms[22m[39m
 [32m✓[39m [30m[45m main [49m[39m src/shared/timeout-renderer.test.ts[2m > [22mtoMessage for IpcTimeoutError[2m > [22mproduces a friendly timeout message with channel and seconds[32m 1[2mms[22m[39m
 [32m✓[39m [30m[45m main [49m[39m src/shared/timeout-renderer.test.ts[2m > [22mtoMessage for IpcTimeoutError[2m > [22mdoes not leak raw "channel ... timed out after" text[32m 3[2mms[22m[39m
 [32m✓[39m [30m[45m main [49m[39m src/shared/timeout-renderer.test.ts[2m > [22mtoMessage for IpcTimeoutError[2m > [22mchannel name appears in the output[32m 0[2mms[22m[39m
 [32m✓[39m [30m[45m main [49m[39m src/shared/timeout-renderer.test.ts[2m > [22mtoMessage for IpcTimeoutError[2m > [22mprefixes with "Error:" so friendlyMessage strips it and returns the message[32m 1[2mms[22m[39m
[90mstdout[2m | src/main/wallpaper/injection-state.test.ts
[22m[39m[agentskin:cdp-patch] fetch interceptor installed (WebSocket /json/list fallback)

 [32m✓[39m [30m[45m main [49m[39m src/main/scene/binary-reader.test.ts[2m > [22mBinaryReader — 标量读取边界[2m > [22mreadInt32 throws a labelled RangeError when truncated[32m 4[2mms[22m[39m
 [32m✓[39m [30m[45m main [49m[39m src/main/scene/binary-reader.test.ts[2m > [22mBinaryReader — 标量读取边界[2m > [22mreadUint32 / readFloat32 throw labelled RangeError when truncated[32m 1[2mms[22m[39m
 [32m✓[39m [30m[45m main [49m[39m src/main/scene/binary-reader.test.ts[2m > [22mBinaryReader — 标量读取边界[2m > [22mreadBytes rejects negative length with a clear message[32m 0[2mms[22m[39m
 [32m✓[39m [30m[45m main [49m[39m src/main/scene/binary-reader.test.ts[2m > [22mBinaryReader — 标量读取边界[2m > [22mreadBytes throws when the slice runs past the buffer[32m 0[2mms[22m[39m
 [32m✓[39m [30m[45m main [49m[39m src/main/scene/binary-reader.test.ts[2m > [22mBinaryReader — 字符串读取[2m > [22mreadStringI32 throws (not allocates) on an oversized length claim[32m 0[2mms[22m[39m
 [32m✓[39m [30m[45m main [49m[39m src/main/scene/binary-reader.test.ts[2m > [22mBinaryReader — 字符串读取[2m > [22mreadStringI32 throws on a negative length prefix[32m 0[2mms[22m[39m
 [32m✓[39m [30m[45m main [49m[39m src/main/scene/binary-reader.test.ts[2m > [22mBinaryReader — 字符串读取[2m > [22mreadNString stops at the buffer boundary without walking off the end[32m 1[2mms[22m[39m
 [32m✓[39m [30m[45m main [49m[39m src/main/scene/binary-reader.test.ts[2m > [22mBinaryReader — 字符串读取[2m > [22mreadNullTerminatedString returns empty string for an empty buffer[32m 0[2mms[22m[39m
 [32m✓[39m [30m[45m main [49m[39m src/main/scene/binary-reader.test.ts[2m > [22mBinaryReader — 字符串读取[2m > [22mreadNullTerminatedString reads available bytes (no NUL) without throwing[32m 0[2mms[22m[39m
stderr | src/main/wallpaper/injection-state.test.ts > setActiveMediaToken (atomic replace) > keeps the new token tracked even when unregister throws
[wallpaper] failed to unregister stale media token: Error: server hiccup

 [32m✓[39m [30m[45m main [49m[39m src/main/wallpaper/injection-state.test.ts[2m > [22msetActiveMediaToken (atomic replace)[2m > [22mreplaces the old token with the new one[32m 3[2mms[22m[39m
 [32m✓[39m [30m[45m main [49m[39m src/main/wallpaper/injection-state.test.ts[2m > [22msetActiveMediaToken (atomic replace)[2m > [22munregisters the previous token when replacing[32m 4[2mms[22m[39m
 [32m✓[39m [30m[45m main [49m[39m src/main/wallpaper/injection-state.test.ts[2m > [22msetActiveMediaToken (atomic replace)[2m > [22mkeeps the new token tracked even when unregister throws[32m 2[2mms[22m[39m
 [32m✓[39m [30m[45m main [49m[39m src/main/wallpaper/injection-state.test.ts[2m > [22msetActiveMediaToken (atomic replace)[2m > [22mclears the tracking when passed null[32m 0[2mms[22m[39m
 [32m✓[39m [30m[45m main [49m[39m src/main/profile/studio-theme-templates.test.ts[2m > [22mwcagContrast[2m > [22mreturns ~21 for black-on-white[32m 3[2mms[22m[39m
 [32m✓[39m [30m[45m main [49m[39m src/main/profile/studio-theme-templates.test.ts[2m > [22mwcagContrast[2m > [22mreturns 1 for identical colors[32m 1[2mms[22m[39m
 [32m✓[39m [30m[45m main [49m[39m src/main/profile/studio-theme-templates.test.ts[2m > [22mwcagContrast[2m > [22mis symmetric (order-independent)[32m 0[2mms[22m[39m
 [32m✓[39m [30m[45m main [49m[39m src/main/profile/studio-theme-templates.test.ts[2m > [22mpassesAA[2m > [22mpasses for 4.5:1 contrast[32m 1[2mms[22m[39m
 [32m✓[39m [30m[45m main [49m[39m src/main/profile/studio-theme-templates.test.ts[2m > [22mpassesAA[2m > [22mfails for 2:1 contrast[32m 0[2mms[22m[39m
 [32m✓[39m [30m[45m main [49m[39m src/main/profile/studio-theme-templates.test.ts[2m > [22mpassesAA[2m > [22maccepts 3:1 for large text[32m 0[2mms[22m[39m
 [32m✓[39m [30m[45m main [49m[39m src/main/profile/studio-theme-templates.test.ts[2m > [22mSTUDIO_THEME_TEMPLATES curation rules[2m > [22mcontains at least 5 templates[32m 0[2mms[22m[39m
 [32m✓[39m [30m[45m main [49m[39m src/main/profile/studio-theme-templates.test.ts[2m > [22mSTUDIO_THEME_TEMPLATES curation rules[2m > [22mhas at least 3 dark + 2 light templates[32m 0[2mms[22m[39m
 [32m✓[39m [30m[45m main [49m[39m src/main/profile/studio-theme-templates.test.ts[2m > [22mSTUDIO_THEME_TEMPLATES curation rules[2m > [22mevery template hits WCAG AA on foreground/background pairs[32m 1[2mms[22m[39m
 [32m✓[39m [30m[45m main [49m[39m src/main/profile/studio-theme-templates.test.ts[2m > [22mSTUDIO_THEME_TEMPLATES curation rules[2m > [22mevery template has all 14 palette keys[32m 5[2mms[22m[39m
 [32m✓[39m [30m[45m main [49m[39m src/main/profile/studio-theme-templates.test.ts[2m > [22mSTUDIO_THEME_TEMPLATES curation rules[2m > [22mhas accent color diversity (at least 3 distinct hues)[32m 0[2mms[22m[39m
 [32m✓[39m [30m[45m main [49m[39m src/main/profile/studio-theme-templates.test.ts[2m > [22mSTUDIO_THEME_TEMPLATES curation rules[2m > [22mhas distinct ids (no duplicates)[32m 0[2mms[22m[39m
 [32m✓[39m [30m[45m main [49m[39m src/main/profile/studio-theme-templates.test.ts[2m > [22mSTUDIO_THEME_TEMPLATES curation rules[2m > [22mevery template has a valid mode + category[32m 1[2mms[22m[39m
 [32m✓[39m [30m[45m main [49m[39m src/main/profile/studio-theme-templates.test.ts[2m > [22mtemplate lookup helpers[2m > [22mgetTemplate returns the correct template[32m 1[2mms[22m[39m
 [32m✓[39m [30m[45m main [49m[39m src/main/profile/studio-theme-templates.test.ts[2m > [22mtemplate lookup helpers[2m > [22mgetTemplate returns undefined for unknown id[32m 0[2mms[22m[39m
 [32m✓[39m [30m[45m main [49m[39m src/main/profile/studio-theme-templates.test.ts[2m > [22mtemplate lookup helpers[2m > [22mtemplatesByMode filters strictly[32m 0[2mms[22m[39m
 [32m✓[39m [30m[45m main [49m[39m src/main/profile/studio-theme-templates.test.ts[2m > [22mtemplate lookup helpers[2m > [22mtemplatesByCategory filters strictly[32m 0[2mms[22m[39m
 [32m✓[39m [30m[45m main [49m[39m src/main/profile/studio-theme-templates.test.ts[2m > [22mtemplate lookup helpers[2m > [22mtemplateCategories returns a non-empty array[32m 0[2mms[22m[39m
 [32m✓[39m [30m[45m main [49m[39m src/main/catalog/agent-catalog.test.ts[2m > [22mAgentCatalog[2m > [22mlistAgents[2m > [22mreturns all agents[32m 5[2mms[22m[39m
 [32m✓[39m [30m[45m main [49m[39m src/main/catalog/agent-catalog.test.ts[2m > [22mAgentCatalog[2m > [22mlistAgents[2m > [22mprovides default status (IPC layer overwrites with live data)[32m 1[2mms[22m[39m
 [32m✓[39m [30m[45m main [49m[39m src/main/catalog/agent-catalog.test.ts[2m > [22mAgentCatalog[2m > [22mlistAgents[2m > [22mpopulates slug and capabilities from display metadata[32m 1[2mms[22m[39m
 [32m✓[39m [30m[45m main [49m[39m src/main/catalog/agent-catalog.test.ts[2m > [22mAgentCatalog[2m > [22mgetAgent[2m > [22mreturns a single agent by id[32m 0[2mms[22m[39m
 [32m✓[39m [30m[45m main [49m[39m src/main/catalog/agent-catalog.test.ts[2m > [22mAgentCatalog[2m > [22mgetAgent[2m > [22muses catalog display name for active adapters[32m 0[2mms[22m[39m
 [32m✓[39m [30m[45m main [49m[39m src/main/catalog/agent-catalog.test.ts[2m > [22mAgentCatalog[2m > [22mgetAgent[2m > [22muses catalog display name for QoderWork CN[32m 0[2mms[22m[39m
 [32m✓[39m [30m[45m main [49m[39m src/main/catalog/agent-catalog.test.ts[2m > [22mAgentCatalog[2m > [22mgetAgent[2m > [22mreturns null for unknown id[32m 0[2mms[22m[39m
 [32m✓[39m [30m[45m main [49m[39m src/main/catalog/agent-catalog.test.ts[2m > [22mAgentCatalog[2m > [22mgetAvailableAgents[2m > [22mreturns only active-tier agents[32m 1[2mms[22m[39m
 [32m✓[39m [30m[45m main [49m[39m src/main/catalog/agent-catalog.test.ts[2m > [22mAgentCatalog[2m > [22mgetAvailableAgents[2m > [22mreturns active agents from the catalog[32m 0[2mms[22m[39m
[90mstdout[2m | src/main/main-context-disposables.test.ts
[22m[39m[agentskin:cdp-patch] fetch interceptor installed (WebSocket /json/list fallback)

 [32m✓[39m [30m[45m main [49m[39m src/main/wallpaper-injector.test.ts[2m > [22minjectWithFallback[2m > [22mfalls back to last successful wallpaper on failure[33m 15048[2mms[22m[39m
 [32m✓[39m [30m[45m main [49m[39m src/main/wallpaper-injector.test.ts[2m > [22minjectWithFallback[2m > [22mdoes NOT fall back when no previous wallpaper exists[32m 3[2mms[22m[39m
 [32m✓[39m [30m[45m main [49m[39m src/main/wallpaper-injector.test.ts[2m > [22minjectWithFallback[2m > [22mdoes NOT fall back to the same wallpaper that just failed[32m 1[2mms[22m[39m
 [32m✓[39m [30m[45m main [49m[39m src/main/wallpaper-injector.test.ts[2m > [22minjectWithFallback[2m > [22mskips fallback when fallback wallpaper no longer exists[32m 1[2mms[22m[39m
 [32m✓[39m [30m[45m main [49m[39m src/main/wallpaper-injector.test.ts[2m > [22minjectWithFallback[2m > [22mskips fallback when epoch changed during injection[32m 1[2mms[22m[39m
 [32m✓[39m [30m[45m main [49m[39m src/main/cdp/secondary-inject.test.ts[2m > [22mbuildSecondaryInjectExpression[2m > [22mproduces a valid IIFE expression string[32m 3[2mms[22m[39m
 [32m✓[39m [30m[45m main [49m[39m src/main/cdp/secondary-inject.test.ts[2m > [22mbuildSecondaryInjectExpression[2m > [22membeds the appId and host class in the expression[32m 1[2mms[22m[39m
 [32m✓[39m [30m[45m main [49m[39m src/main/cdp/secondary-inject.test.ts[2m > [22mbuildSecondaryInjectExpression[2m > [22membeds theme id and version[32m 0[2mms[22m[39m
 [32m✓[39m [30m[45m main [49m[39m src/main/cdp/secondary-inject.test.ts[2m > [22mbuildSecondaryInjectExpression[2m > [22membeds the CSS text[32m 0[2mms[22m[39m
 [32m✓[39m [30m[45m main [49m[39m src/main/cdp/secondary-inject.test.ts[2m > [22mbuildSecondaryInjectExpression[2m > [22mmerges artDataUrl into hero when hero is missing from imageDataUrls[32m 0[2mms[22m[39m
 [32m✓[39m [30m[45m main [49m[39m src/main/cdp/secondary-inject.test.ts[2m > [22mbuildSecondaryInjectExpression[2m > [22mdoes not override hero from imageDataUrls with artDataUrl[32m 0[2mms[22m[39m
 [32m✓[39m [30m[45m main [49m[39m src/main/cdp/secondary-inject.test.ts[2m > [22mbuildSecondaryInjectExpression[2m > [22mhandles missing imageDataUrls gracefully[32m 0[2mms[22m[39m
 [32m✓[39m [30m[45m main [49m[39m src/main/cdp/secondary-inject.test.ts[2m > [22mbuildSecondaryInjectExpression[2m > [22mescapes special characters in CSS (quotes, backslashes)[32m 0[2mms[22m[39m
 [32m✓[39m [30m[45m main [49m[39m src/main/cdp/secondary-inject.test.ts[2m > [22mbuildSecondaryRemoveExpression[2m > [22mproduces a valid IIFE expression string[32m 0[2mms[22m[39m
 [32m✓[39m [30m[45m main [49m[39m src/main/cdp/secondary-inject.test.ts[2m > [22mbuildSecondaryRemoveExpression[2m > [22membeds the appId as a JSON string[32m 0[2mms[22m[39m
 [32m✓[39m [30m[45m main [49m[39m src/main/cdp/secondary-inject.test.ts[2m > [22mbuildSecondaryRemoveExpression[2m > [22membeds the host class for removal[32m 0[2mms[22m[39m
 [32m✓[39m [30m[45m main [49m[39m src/main/cdp/secondary-inject.test.ts[2m > [22mbuildSecondaryRemoveExpression[2m > [22mreferences the style element id pattern[32m 0[2mms[22m[39m
 [32m✓[39m [30m[45m main [49m[39m src/main/cdp/secondary-inject.test.ts[2m > [22mbuildSecondaryRemoveExpression[2m > [22mreferences the agentskin-theme class for conditional removal[32m 0[2mms[22m[39m
 [32m✓[39m [30m[45m main [49m[39m src/main/cdp/secondary-inject.test.ts[2m > [22mbuildSecondaryRemoveExpression[2m > [22msanitizes appId with special characters via hostClassFor[32m 0[2mms[22m[39m
 [32m✓[39m [30m[45m main [49m[39m src/main/profile/treatment-classifier.test.ts[2m > [22mclassifyComponent — 四档处置[2m > [22mkeeps small foreground leaves (buttons, badges)[32m 3[2mms[22m[39m
 [32m✓[39m [30m[45m main [49m[39m src/main/profile/treatment-classifier.test.ts[2m > [22mclassifyComponent — 四档处置[2m > [22mremoves a fullscreen brand layer: opaque, no text, depth 0[32m 0[2mms[22m[39m
 [32m✓[39m [30m[45m main [49m[39m src/main/profile/treatment-classifier.test.ts[2m > [22mclassifyComponent — 四档处置[2m > [22mtransparentizes a large plain shell WITHOUT text[32m 0[2mms[22m[39m
 [32m✓[39m [30m[45m main [49m[39m src/main/profile/treatment-classifier.test.ts[2m > [22mclassifyComponent — 四档处置[2m > [22mkeeps elements that already have backdrop-filter[32m 0[2mms[22m[39m
 [32m✓[39m [30m[45m main [49m[39m src/main/profile/treatment-classifier.test.ts[2m > [22mclassifyComponent — GOV-4 文字可读性保护[2m > [22mNEVER fully transparentizes a text-bearing large container — frost instead[32m 1[2mms[22m[39m
 [32m✓[39m [30m[45m main [49m[39m src/main/profile/treatment-classifier.test.ts[2m > [22mclassifyComponent — GOV-4 文字可读性保护[2m > [22mfrosts interactive containers (composer with textarea)[32m 0[2mms[22m[39m
 [32m✓[39m [30m[45m main [49m[39m src/main/profile/treatment-classifier.test.ts[2m > [22mclassifyComponent — GOV-4 文字可读性保护[2m > [22mdeepens opacity when contrast gate fails (dark text, light surface, dark wallpaper)[32m 1[2mms[22m[39m
 [32m✓[39m [30m[45m main [49m[39m src/main/profile/treatment-classifier.test.ts[2m > [22mclassifyComponent — GOV-4 文字可读性保护[2m > [22mkeeps high-contrast frosting at baseline opacity[32m 0[2mms[22m[39m
 [32m✓[39m [30m[45m main [49m[39m src/main/profile/treatment-classifier.test.ts[2m > [22mclassifyAll + summary[2m > [22maggregates treatment counts[32m 1[2mms[22m[39m
 [32m✓[39m [30m[45m main [49m[39m src/main/profile/treatment-classifier.test.ts[2m > [22mbuildTreatmentCss[2m > [22memits transparent and frosted rules with escaped refs[32m 1[2mms[22m[39m
 [32m✓[39m [30m[45m main [49m[39m src/main/profile/treatment-classifier.test.ts[2m > [22mbuildTreatmentCss[2m > [22memits nothing for keep verdicts[32m 0[2mms[22m[39m
 [32m✓[39m [30m[45m main [49m[39m src/main/scene/pkg-parser.test.ts[2m > [22mparsePkgBuffer[2m > [22mparses a valid pkg with multiple entries[32m 5[2mms[22m[39m
 [32m✓[39m [30m[45m main [49m[39m src/main/scene/pkg-parser.test.ts[2m > [22mparsePkgBuffer[2m > [22mparses an empty package (zero entries)[32m 1[2mms[22m[39m
 [32m✓[39m [30m[45m main [49m[39m src/main/scene/pkg-parser.test.ts[2m > [22mparsePkgBuffer[2m > [22mreturns null for a buffer too small to hold a header[32m 0[2mms[22m[39m
 [32m✓[39m [30m[45m main [49m[39m src/main/scene/pkg-parser.test.ts[2m > [22mparsePkgBuffer[2m > [22mreturns null for an empty (zero-length) magic string[32m 0[2mms[22m[39m
 [32m✓[39m [30m[45m main [49m[39m src/main/scene/pkg-parser.test.ts[2m > [22mparsePkgBuffer[2m > [22mreturns null when entryCount is negative or absurdly large[32m 0[2mms[22m[39m
 [32m✓[39m [30m[45m main [49m[39m src/main/scene/pkg-parser.test.ts[2m > [22mparsePkgBuffer[2m > [22mreturns null when the table claims more entries than the buffer holds[32m 0[2mms[22m[39m
 [32m✓[39m [30m[45m main [49m[39m src/main/scene/pkg-parser.test.ts[2m > [22mparsePkgBuffer[2m > [22mdrops an entry whose offset+length fall outside the data section[32m 1[2mms[22m[39m
 [32m✓[39m [30m[45m main [49m[39m src/main/scene/pkg-parser.test.ts[2m > [22mparsePkgBuffer[2m > [22mdrops an entry with negative offset or length[32m 1[2mms[22m[39m
 [32m✓[39m [30m[45m main [49m[39m src/main/scene/pkg-parser.test.ts[2m > [22mfindEntry[2m > [22mfinds an entry by exact path (case-insensitive)[32m 1[2mms[22m[39m
 [32m✓[39m [30m[45m main [49m[39m src/main/scene/pkg-parser.test.ts[2m > [22mfindEntry[2m > [22mreturns null when no entry matches[32m 0[2mms[22m[39m
 [32m✓[39m [30m[45m main [49m[39m src/main/scene/pkg-parser.test.ts[2m > [22mfindEntries[2m > [22mreturns all entries matching a substring (case-insensitive)[32m 1[2mms[22m[39m
 [32m✓[39m [30m[45m main [49m[39m src/main/scene/pkg-parser.test.ts[2m > [22mfindEntries[2m > [22mreturns an empty list when nothing matches[32m 0[2mms[22m[39m
 [32m✓[39m [30m[45m main [49m[39m src/main/cdp/cdp-ready.test.ts[2m > [22mensureAgentCdpReady — CDP readiness policy[2m > [22mreturns ready with the live port when the probe succeeds (phase 1)[32m 3[2mms[22m[39m
 [32m✓[39m [30m[45m main [49m[39m src/main/cdp/cdp-ready.test.ts[2m > [22mensureAgentCdpReady — CDP readiness policy[2m > [22mauto-launches a not-running agent without a confirmation dialog[32m 2[2mms[22m[39m
 [32m✓[39m [30m[45m main [49m[39m src/main/cdp/cdp-ready.test.ts[2m > [22mensureAgentCdpReady — CDP readiness policy[2m > [22mfalls back to requires-restart when the auto-launch fails[32m 1[2mms[22m[39m
 [32m✓[39m [30m[45m main [49m[39m src/main/cdp/cdp-ready.test.ts[2m > [22mensureAgentCdpReady — CDP readiness policy[2m > [22mstill requires a confirmation when the agent runs WITHOUT a debug port (no-cdp)[32m 1[2mms[22m[39m
 [32m✓[39m [30m[45m main [49m[39m src/main/cdp/cdp-ready.test.ts[2m > [22mensureAgentCdpReady — CDP readiness policy[2m > [22mdoes not launch when the agent is not installed[32m 1[2mms[22m[39m
 [32m✓[39m [30m[45m main [49m[39m src/main/cdp/cdp-ready.test.ts[2m > [22mensureAgentCdpReady — CDP readiness policy[2m > [22mcalls ensureCdpReady when the user confirms a restart (restartExisting)[32m 0[2mms[22m[39m
 [32m✓[39m [30m[45m main [49m[39m src/main/cdp/cdp-ready.test.ts[2m > [22mensureAgentCdpReady — CDP readiness policy[2m > [22mmaps an ensureCdpReady failure to a structured restartReason (not-installed)[32m 1[2mms[22m[39m
 [32m✓[39m [30m[45m main [49m[39m src/main/cdp/cdp-ready.test.ts[2m > [22mensureAgentCdpReady — CDP readiness policy[2m > [22mpasses the timeout through to ensureCdpReady[32m 1[2mms[22m[39m
 [32m✓[39m [30m[45m main [49m[39m src/main/main-context-disposables.test.ts[2m > [22mMainContext disposables[2m > [22mregisterDisposable appends to ctx.disposables array[32m 5[2mms[22m[39m
 [32m✓[39m [30m[45m main [49m[39m src/main/main-context-disposables.test.ts[2m > [22mMainContext disposables[2m > [22mdrainDisposables invokes all registered callbacks in order[32m 1[2mms[22m[39m
 [32m✓[39m [30m[45m main [49m[39m src/main/main-context-disposables.test.ts[2m > [22mMainContext disposables[2m > [22mdrainDisposables clears the array after drain (idempotent)[32m 1[2mms[22m[39m
 [32m✓[39m [30m[45m main [49m[39m src/main/main-context-disposables.test.ts[2m > [22mMainContext disposables[2m > [22mdrainDisposables continues past a throwing callback[32m 2[2mms[22m[39m
 [32m✓[39m [30m[45m main [49m[39m src/main/epoch-manager.test.ts[2m > [22mEpochManager.bumpEpoch[2m > [22mstarts at epoch 1 for an agent that has never been bumped[32m 3[2mms[22m[39m
 [32m✓[39m [30m[45m main [49m[39m src/main/epoch-manager.test.ts[2m > [22mEpochManager.bumpEpoch[2m > [22mmonotonically increments for the same agent across bump calls[32m 1[2mms[22m[39m
 [32m✓[39m [30m[45m main [49m[39m src/main/epoch-manager.test.ts[2m > [22mEpochManager.bumpEpoch[2m > [22misolates epochs between different agents (no cross-agent interference)[32m 0[2mms[22m[39m
 [32m✓[39m [30m[45m main [49m[39m src/main/epoch-manager.test.ts[2m > [22mEpochManager.isEpochCurrent[2m > [22mreturns false for an agent that has never been bumped (implicit epoch 0)[32m 0[2mms[22m[39m
 [32m✓[39m [30m[45m main [49m[39m src/main/epoch-manager.test.ts[2m > [22mEpochManager.isEpochCurrent[2m > [22mreturns true immediately after a bump (the caller holds the new epoch)[32m 0[2mms[22m[39m
 [32m✓[39m [30m[45m main [49m[39m src/main/epoch-manager.test.ts[2m > [22mEpochManager.isEpochCurrent[2m > [22mreturns false for a stale captured epoch after a newer bump[32m 0[2mms[22m[39m
 [32m✓[39m [30m[45m main [49m[39m src/main/epoch-manager.test.ts[2m > [22mEpochManager.isEpochCurrent[2m > [22mreturns false only for the agent whose epoch changed (per-agent)[32m 0[2mms[22m[39m
 [32m✓[39m [30m[45m main [49m[39m src/main/epoch-manager.test.ts[2m > [22mEpochManager.isEpochCurrent[2m > [22msurvives many bumps without integer wrapping bugs[32m 0[2mms[22m[39m
 [32m✓[39m [30m[45m main [49m[39m src/main/theme/wallpaper-sample.test.ts[2m > [22msampleFromBitmap — 像素采样[2m > [22mskips fully-transparent pixels[32m 3[2mms[22m[39m
 [32m✓[39m [30m[45m main [49m[39m src/main/theme/wallpaper-sample.test.ts[2m > [22msampleFromBitmap — 像素采样[2m > [22maggregates same-quantized colors into weighted buckets[32m 1[2mms[22m[39m
 [32m✓[39m [30m[45m main [49m[39m src/main/theme/wallpaper-sample.test.ts[2m > [22msampleFromBitmap — 像素采样[2m > [22mreturns an empty list for a fully-transparent bitmap[32m 1[2mms[22m[39m
 [32m✓[39m [30m[45m main [49m[39m src/main/theme/wallpaper-sample.test.ts[2m > [22msampleFromBitmap — 像素采样[2m > [22maverages channel values within a quantized bucket[32m 1[2mms[22m[39m
 [32m✓[39m [30m[45m main [49m[39m src/main/theme/wallpaper-sample.test.ts[2m > [22msampleFromBitmap — 像素采样[2m > [22mmerges near-identical colors into one weighted bucket[32m 1[2mms[22m[39m
 [32m✓[39m [30m[45m main [49m[39m src/shared/i18n.test.ts[2m > [22mi18n[2m > [22malways resolves to Chinese (app is Chinese-only)[32m 3[2mms[22m[39m
 [32m✓[39m [30m[45m main [49m[39m src/shared/i18n.test.ts[2m > [22mi18n[2m > [22maccepts only application locales[32m 1[2mms[22m[39m
 [32m✓[39m [30m[45m main [49m[39m src/shared/i18n.test.ts[2m > [22mi18n[2m > [22mkeeps Chinese and English dictionaries structurally aligned[32m 3[2mms[22m[39m
 [32m✓[39m [30m[45m main [49m[39m src/main/config/studio-window-state.test.ts[2m > [22mnormalizeState[2m > [22mreturns null for garbage input[32m 4[2mms[22m[39m
 [32m✓[39m [30m[45m main [49m[39m src/main/config/studio-window-state.test.ts[2m > [22mnormalizeState[2m > [22mapplies floor for below-min size[32m 1[2mms[22m[39m
 [32m✓[39m [30m[45m main [49m[39m src/main/config/studio-window-state.test.ts[2m > [22mnormalizeState[2m > [22mfalls back to defaults for missing numeric fields[32m 0[2mms[22m[39m
 [32m✓[39m [30m[45m main [49m[39m src/main/config/studio-window-state.test.ts[2m > [22mnormalizeState[2m > [22mpreserves displayId when present[32m 0[2mms[22m[39m
 [32m✓[39m [30m[45m main [49m[39m src/main/config/studio-window-state.test.ts[2m > [22mnormalizeState[2m > [22mdrops displayId when not a number[32m 0[2mms[22m[39m
 [32m✓[39m [30m[45m main [49m[39m src/main/config/studio-window-state.test.ts[2m > [22mclampToNearestDisplay[2m > [22mpasses through valid bounds on primary without change[32m 1[2mms[22m[39m
 [32m✓[39m [30m[45m main [49m[39m src/main/config/studio-window-state.test.ts[2m > [22mclampToNearestDisplay[2m > [22mclamps oversized window to display bounds[32m 0[2mms[22m[39m
 [32m✓[39m [30m[45m main [49m[39m src/main/config/studio-window-state.test.ts[2m > [22mclampToNearestDisplay[2m > [22mpulls off-screen window back into primary (monitor removed)[32m 1[2mms[22m[39m
 [32m✓[39m [30m[45m main [49m[39m src/main/config/studio-window-state.test.ts[2m > [22mclampToNearestDisplay[2m > [22msnaps to external display when that is nearest[32m 0[2mms[22m[39m
 [32m✓[39m [30m[45m main [49m[39m src/main/config/studio-window-state.test.ts[2m > [22mclampToNearestDisplay[2m > [22mfalls back to defaults when no displays are provided[32m 0[2mms[22m[39m
 [32m✓[39m [30m[45m main [49m[39m src/main/config/studio-window-state.test.ts[2m > [22mclampToNearestDisplay[2m > [22mnever returns below MIN_WIDTH / MIN_HEIGHT[32m 0[2mms[22m[39m
 [32m✓[39m [30m[45m main [49m[39m src/main/config/studio-window-state.test.ts[2m > [22mloadSafeWindowState[2m > [22mreturns defaults when nothing is persisted[32m 1[2mms[22m[39m
 [32m✓[39m [30m[45m main [49m[39m src/main/config/studio-window-state.test.ts[2m > [22mloadSafeWindowState[2m > [22mround-trips persisted state through IO[32m 0[2mms[22m[39m
 [32m✓[39m [30m[45m main [49m[39m src/main/config/studio-window-state.test.ts[2m > [22mloadSafeWindowState[2m > [22mclamps persisted off-screen state to current displays[32m 0[2mms[22m[39m
 [32m✓[39m [30m[45m main [49m[39m src/main/config/studio-window-state.test.ts[2m > [22mcreateDefaultIO[2m > [22mread returns null when read() throws[32m 0[2mms[22m[39m
 [32m✓[39m [30m[45m main [49m[39m src/main/boot-reporter.test.ts[2m > [22mBootProgressReporter[2m > [22mmaps a full boot step sequence monotonically from 0 to 100[32m 6[2mms[22m[39m
 [32m✓[39m [30m[45m main [49m[39m src/main/boot-reporter.test.ts[2m > [22mBootProgressReporter[2m > [22madvances monotonically across boot steps and interleaved warm-up phases[32m 2[2mms[22m[39m
 [32m✓[39m [30m[45m main [49m[39m src/main/boot-reporter.test.ts[2m > [22mBootProgressReporter[2m > [22mwithin-step advance by progress exposes intermediate values[32m 1[2mms[22m[39m
 [32m✓[39m [30m[45m main [49m[39m src/shared/errors.test.ts[2m > [22mtoMessage[2m > [22mextracts .message from Error instances[32m 3[2mms[22m[39m
 [32m✓[39m [30m[45m main [49m[39m src/shared/errors.test.ts[2m > [22mtoMessage[2m > [22mreturns string values as-is[32m 0[2mms[22m[39m
 [32m✓[39m [30m[45m main [49m[39m src/shared/errors.test.ts[2m > [22mtoMessage[2m > [22mextracts .message from Error subclasses (TypeError, RangeError, etc.)[32m 1[2mms[22m[39m
 [32m✓[39m [30m[45m main [49m[39m src/shared/errors.test.ts[2m > [22mtoMessage[2m > [22mextracts .message from plain objects with a string message property[32m 0[2mms[22m[39m
 [32m✓[39m [30m[45m main [49m[39m src/shared/errors.test.ts[2m > [22mtoMessage[2m > [22mfalls back to String() for objects without a string message[32m 0[2mms[22m[39m
 [32m✓[39m [30m[45m main [49m[39m src/shared/errors.test.ts[2m > [22mtoMessage[2m > [22mfalls back to String() for numbers[32m 0[2mms[22m[39m
 [32m✓[39m [30m[45m main [49m[39m src/shared/errors.test.ts[2m > [22mtoMessage[2m > [22mfalls back to String() for booleans[32m 0[2mms[22m[39m
 [32m✓[39m [30m[45m main [49m[39m src/shared/errors.test.ts[2m > [22mtoMessage[2m > [22mfalls back to String() for null and undefined[32m 0[2mms[22m[39m
 [32m✓[39m [30m[45m main [49m[39m src/shared/errors.test.ts[2m > [22mtoMessage[2m > [22mfalls back to String() for arrays[32m 0[2mms[22m[39m
 [32m✓[39m [30m[45m main [49m[39m src/shared/errors.test.ts[2m > [22mtoMessage[2m > [22mhandles Error instances with empty message[32m 0[2mms[22m[39m
[90mstdout[2m | src/main/file-open.test.ts
[22m[39m[agentskin:cdp-patch] fetch interceptor installed (WebSocket /json/list fallback)

 [32m✓[39m [30m[45m main [49m[39m src/main/audio-level.test.ts[2m > [22mparseAudioLevelLine (PowerShell sampler stdout)[2m > [22mparses a well-formed level line[32m 3[2mms[22m[39m
 [32m✓[39m [30m[45m main [49m[39m src/main/audio-level.test.ts[2m > [22mparseAudioLevelLine (PowerShell sampler stdout)[2m > [22mclamps out-of-range positive values into 0..1[32m 0[2mms[22m[39m
 [32m✓[39m [30m[45m main [49m[39m src/main/audio-level.test.ts[2m > [22mparseAudioLevelLine (PowerShell sampler stdout)[2m > [22mrejects negative levels — the L: grammar has no sign token, so a negative line is treated as noise and the previous level is kept[32m 0[2mms[22m[39m
 [32m✓[39m [30m[45m main [49m[39m src/main/audio-level.test.ts[2m > [22mparseAudioLevelLine (PowerShell sampler stdout)[2m > [22mreturns null for non-level lines (stderr noise, headers, blank)[32m 1[2mms[22m[39m
 [32m✓[39m [30m[45m main [49m[39m src/main/file-open.test.ts[2m > [22misThemePackagePath[2m > [22maccepts both theme package extensions[32m 3[2mms[22m[39m
 [32m✓[39m [30m[45m main [49m[39m src/main/file-open.test.ts[2m > [22misThemePackagePath[2m > [22mrejects other files[32m 1[2mms[22m[39m
 [32m✓[39m [30m[45m main [49m[39m src/main/file-open.test.ts[2m > [22mextractThemeFilesFromArgv[2m > [22mreturns only existing theme package arguments[32m 1[2mms[22m[39m
 [32m✓[39m [30m[45m main [49m[39m src/main/file-open.test.ts[2m > [22mextractThemeFilesFromArgv[2m > [22mdrops theme-looking arguments that are not on disk[32m 0[2mms[22m[39m
 [32m✓[39m [30m[45m main [49m[39m src/main/file-open.test.ts[2m > [22mFileOpenQueue[2m > [22mqueues paths until a sink is attached, then flushes in order[32m 1[2mms[22m[39m
 [32m✓[39m [30m[45m main [49m[39m src/main/file-open.test.ts[2m > [22mFileOpenQueue[2m > [22mdelivers directly once a sink is attached[32m 0[2mms[22m[39m
 [32m✓[39m [30m[45m main [49m[39m src/main/file-open.test.ts[2m > [22mFileOpenQueue[2m > [22mignores non-theme paths[32m 0[2mms[22m[39m
 [32m✓[39m [30m[45m ui [49m[39m src/ui/stores/import-guard.test.ts[2m > [22mwithImportLock — deduplication[2m > [22mconcurrent calls with the same path execute fn exactly once[32m 96[2mms[22m[39m
 [32m✓[39m [30m[45m ui [49m[39m src/ui/stores/import-guard.test.ts[2m > [22mwithImportLock — deduplication[2m > [22msequential calls with the same path execute fn twice (no leak)[32m 56[2mms[22m[39m
 [32m✓[39m [30m[45m ui [49m[39m src/ui/stores/import-guard.test.ts[2m > [22mwithImportLock — deduplication[2m > [22mconcurrent calls with different paths execute both fns[32m 84[2mms[22m[39m
 [32m✓[39m [30m[45m ui [49m[39m src/ui/hooks/useConcurrencyReporter.test.ts[2m > [22mreportConcurrencyMetrics — pure function[2m > [22mreads sizes from both stores and forwards them to api[32m 5[2mms[22m[39m
 [32m✓[39m [30m[45m ui [49m[39m src/ui/hooks/useConcurrencyReporter.test.ts[2m > [22mreportConcurrencyMetrics — pure function[2m > [22mforwards zeros when no guards are active[32m 1[2mms[22m[39m
 [32m✓[39m [30m[45m ui [49m[39m src/ui/hooks/useConcurrencyReporter.test.ts[2m > [22mreportConcurrencyMetrics — pure function[2m > [22mforwards the maximum observed values from a busy renderer[32m 1[2mms[22m[39m
 [32m✓[39m [30m[45m ui [49m[39m src/ui/hooks/useConcurrencyReporter.test.ts[2m > [22mreportConcurrencyMetrics — pure function[2m > [22mreads the CURRENT values on every call (re-reads, not cached)[32m 1[2mms[22m[39m
 [32m✓[39m [30m[45m ui [49m[39m src/ui/hooks/useConcurrencyReporter.test.ts[2m > [22museConcurrencyReporter — timer pattern (fake timers)[2m > [22mB1: fires one immediate call on mount (cold-start data)[32m 3[2mms[22m[39m
 [32m✓[39m [30m[45m ui [49m[39m src/ui/hooks/useConcurrencyReporter.test.ts[2m > [22museConcurrencyReporter — timer pattern (fake timers)[2m > [22mB2: fires again after each REPORT_INTERVAL_MS tick[32m 2[2mms[22m[39m
 [32m✓[39m [30m[45m ui [49m[39m src/ui/hooks/useConcurrencyReporter.test.ts[2m > [22museConcurrencyReporter — timer pattern (fake timers)[2m > [22mB3: reflects updated store sizes in subsequent ticks[32m 1[2mms[22m[39m
 [32m✓[39m [30m[45m ui [49m[39m src/ui/hooks/useConcurrencyReporter.test.ts[2m > [22museConcurrencyReporter — timer pattern (fake timers)[2m > [22mB4: clearInterval stops all future calls (unmount cleanup)[32m 1[2mms[22m[39m
 [32m✓[39m [30m[45m ui [49m[39m src/ui/stores/import-guard.test.ts[2m > [22mwithImportLock — deduplication[2m > [22mlock is released when fn throws — subsequent call can proceed[32m 89[2mms[22m[39m
 [32m✓[39m [30m[45m ui [49m[39m src/ui/stores/import-guard.test.ts[2m > [22mwithImportLock — deduplication[2m > [22misImportingPath is true mid-execution and false afterwards[32m 116[2mms[22m[39m
 [32m✓[39m [30m[45m ui [49m[39m src/ui/stores/environmentStore.test.ts[2m > [22menvironmentStore — switchEnvironment[2m > [22molder switch bails out when a newer switch supersedes it (epoch guard)[32m 9[2mms[22m[39m
 [32m✓[39m [30m[45m ui [49m[39m src/ui/stores/environmentStore.test.ts[2m > [22menvironmentStore — switchEnvironment[2m > [22mclears restart prompts on dialogStore when a switch completes successfully[32m 1[2mms[22m[39m
 [32m✓[39m [30m[45m ui [49m[39m src/ui/stores/environmentStore.test.ts[2m > [22menvironmentStore — switchEnvironment[2m > [22mswitching flag returns to false after applyToApp succeeds[32m 1[2mms[22m[39m
 [32m✓[39m [30m[45m ui [49m[39m src/ui/stores/environmentStore.test.ts[2m > [22menvironmentStore — switchEnvironment[2m > [22msets store.error when applyToApp rejects[32m 1[2mms[22m[39m
 [32m✓[39m [30m[45m ui [49m[39m src/ui/stores/environmentStore.test.ts[2m > [22menvironmentStore — switchEnvironment[2m > [22mswitching to a no-theme env restores native and clears dialogs[32m 1[2mms[22m[39m
 [32m✓[39m [30m[45m ui [49m[39m src/ui/stores/environmentStore.test.ts[2m > [22menvironmentStore — switchEnvironment[2m > [22mapplies wallpaper when wallpaperId is set[32m 1[2mms[22m[39m
 [32m✓[39m [30m[45m ui [49m[39m src/ui/stores/environmentStore.test.ts[2m > [22menvironmentStore — switchEnvironment[2m > [22mwallpaper apply failure does not fail the overall switch[32m 1[2mms[22m[39m
 [32m✓[39m [30m[45m main [49m[39m src/main/wallpaper-service.test.ts[2m > [22mplaybackFor[2m > [22mreturns "gif" for .gif files regardless of type parameter[32m 3[2mms[22m[39m
 [32m✓[39m [30m[45m main [49m[39m src/main/wallpaper-service.test.ts[2m > [22mplaybackFor[2m > [22mreturns "video" for browser-playable video formats[32m 1[2mms[22m[39m
 [32m✓[39m [30m[45m main [49m[39m src/main/wallpaper-service.test.ts[2m > [22mplaybackFor[2m > [22mreturns "image" for static image formats[32m 0[2mms[22m[39m
 [32m✓[39m [30m[45m main [49m[39m src/main/wallpaper-service.test.ts[2m > [22mplaybackFor[2m > [22mreturns "image" for unsupported video containers (fallback to still)[32m 0[2mms[22m[39m
 [32m✓[39m [30m[45m main [49m[39m src/main/wallpaper-service.test.ts[2m > [22mplaybackFor[2m > [22mreturns "web" or "scene" for web/scene types[32m 0[2mms[22m[39m
 [32m✓[39m [30m[45m main [49m[39m src/main/wallpaper-service.test.ts[2m > [22mplaybackFor[2m > [22mis case-insensitive for file extensions[32m 0[2mms[22m[39m
 [32m✓[39m [30m[45m main [49m[39m src/main/wallpaper-service.test.ts[2m > [22mwallpaperMimeForPath[2m > [22mreturns image/gif for .gif files[32m 1[2mms[22m[39m
 [32m✓[39m [30m[45m main [49m[39m src/main/wallpaper-service.test.ts[2m > [22mwallpaperMimeForPath[2m > [22mreturns correct MIME for video formats[32m 0[2mms[22m[39m
 [32m✓[39m [30m[45m main [49m[39m src/main/wallpaper-service.test.ts[2m > [22mwallpaperMimeForPath[2m > [22mreturns correct MIME for image formats[32m 0[2mms[22m[39m
 [32m✓[39m [30m[45m ui [49m[39m src/ui/stores/diagnosticsStore.test.ts[2m > [22mdiagnosticsStore — timeout events[2m > [22mloadTimeouts populates timeoutEvents (length 0 → N) on success[32m 6[2mms[22m[39m
 [32m✓[39m [30m[45m ui [49m[39m src/ui/stores/diagnosticsStore.test.ts[2m > [22mdiagnosticsStore — timeout events[2m > [22mloadTimeouts sets timeoutsError when IPC call rejects[32m 1[2mms[22m[39m
 [32m✓[39m [30m[45m ui [49m[39m src/ui/stores/diagnosticsStore.test.ts[2m > [22mdiagnosticsStore — timeout events[2m > [22mclearTimeouts empties timeoutEvents after successful IPC clear[32m 1[2mms[22m[39m
 [32m✓[39m [30m[45m ui [49m[39m src/ui/stores/diagnosticsStore.test.ts[2m > [22mdiagnosticsStore — timeout events[2m > [22mtimeoutsLoading follows false → true → false during loadTimeouts[32m 1[2mms[22m[39m
 [32m✓[39m [30m[45m ui [49m[39m src/ui/stores/diagnosticsStore.test.ts[2m > [22mdiagnosticsStore — timeout events[2m > [22mloadTimeouts default count is 10 and forwards custom count to api[32m 1[2mms[22m[39m
 [32m✓[39m [30m[45m ui [49m[39m src/ui/stores/diagnosticsStore.test.ts[2m > [22mdiagnosticsStore — timeout events[2m > [22mclearTimeouts IPC failure preserves existing events and sets error[32m 1[2mms[22m[39m
 [32m✓[39m [30m[45m ui [49m[39m src/ui/stores/diagnosticsStore.test.ts[2m > [22mdiagnosticsStore — timeout events[2m > [22mloadTimeouts forwards count to api without clamping at frontend[32m 1[2mms[22m[39m
 [32m✓[39m [30m[45m ui [49m[39m src/ui/stores/diagnosticsStore.test.ts[2m > [22mdiagnosticsStore — timeout events[2m > [22mconcurrent loadTimeouts calls result in deterministic final state (race guard)[32m 1[2mms[22m[39m
 [32m✓[39m [30m[45m ui [49m[39m src/ui/pages/wallpaper/describeWallpaperFailure.test.ts[2m > [22mdescribeWallpaperFailure[2m > [22mreturns wpFailUnknown when detail is undefined[32m 3[2mms[22m[39m
 [32m✓[39m [30m[45m ui [49m[39m src/ui/pages/wallpaper/describeWallpaperFailure.test.ts[2m > [22mdescribeWallpaperFailure[2m > [22mreturns wpFailUnknown when detail is an empty string[32m 0[2mms[22m[39m
 [32m✓[39m [30m[45m ui [49m[39m src/ui/pages/wallpaper/describeWallpaperFailure.test.ts[2m > [22mdescribeWallpaperFailure[2m > [22mreturns wpFailUnknown when detail is whitespace-only[32m 0[2mms[22m[39m
 [32m✓[39m [30m[45m ui [49m[39m src/ui/pages/wallpaper/describeWallpaperFailure.test.ts[2m > [22mdescribeWallpaperFailure[2m > [22mreturns wpFailCodec for src-not-supported[32m 0[2mms[22m[39m
 [32m✓[39m [30m[45m ui [49m[39m src/ui/pages/wallpaper/describeWallpaperFailure.test.ts[2m > [22mdescribeWallpaperFailure[2m > [22mmatches src-not-supported case-insensitively[32m 0[2mms[22m[39m
 [32m✓[39m [30m[45m ui [49m[39m src/ui/pages/wallpaper/describeWallpaperFailure.test.ts[2m > [22mdescribeWallpaperFailure[2m > [22mreturns wpFailCdp for cdp-connect-failed[32m 0[2mms[22m[39m
 [32m✓[39m [30m[45m ui [49m[39m src/ui/pages/wallpaper/describeWallpaperFailure.test.ts[2m > [22mdescribeWallpaperFailure[2m > [22mreturns wpFailCdp for "CDP request timed out"[32m 0[2mms[22m[39m
 [32m✓[39m [30m[45m ui [49m[39m src/ui/pages/wallpaper/describeWallpaperFailure.test.ts[2m > [22mdescribeWallpaperFailure[2m > [22mreturns wpFailCdp for "timed out" substring[32m 0[2mms[22m[39m
 [32m✓[39m [30m[45m ui [49m[39m src/ui/pages/wallpaper/describeWallpaperFailure.test.ts[2m > [22mdescribeWallpaperFailure[2m > [22mreturns wpFailCdp for "websocket closed"[32m 0[2mms[22m[39m
 [32m✓[39m [30m[45m ui [49m[39m src/ui/pages/wallpaper/describeWallpaperFailure.test.ts[2m > [22mdescribeWallpaperFailure[2m > [22mreturns wpFailCdp for "cdp request" substring[32m 0[2mms[22m[39m
 [32m✓[39m [30m[45m ui [49m[39m src/ui/pages/wallpaper/describeWallpaperFailure.test.ts[2m > [22mdescribeWallpaperFailure[2m > [22mmatches cdp keywords case-insensitively[32m 0[2mms[22m[39m
 [32m✓[39m [30m[45m ui [49m[39m src/ui/pages/wallpaper/describeWallpaperFailure.test.ts[2m > [22mdescribeWallpaperFailure[2m > [22mreturns wpFailInvisible for "invisible"[32m 0[2mms[22m[39m
 [32m✓[39m [30m[45m ui [49m[39m src/ui/pages/wallpaper/describeWallpaperFailure.test.ts[2m > [22mdescribeWallpaperFailure[2m > [22mmatches invisible case-insensitively[32m 0[2mms[22m[39m
 [32m✓[39m [30m[45m ui [49m[39m src/ui/pages/wallpaper/describeWallpaperFailure.test.ts[2m > [22mdescribeWallpaperFailure[2m > [22mreturns wpFailCsp for csp-or-unsupported[32m 0[2mms[22m[39m
 [32m✓[39m [30m[45m ui [49m[39m src/ui/pages/wallpaper/describeWallpaperFailure.test.ts[2m > [22mdescribeWallpaperFailure[2m > [22mreturns wpFailCsp for "loadfail" without codec code[32m 0[2mms[22m[39m
 [32m✓[39m [30m[45m ui [49m[39m src/ui/pages/wallpaper/describeWallpaperFailure.test.ts[2m > [22mdescribeWallpaperFailure[2m > [22mreturns wpFailCsp for "blob:loadfail"[32m 0[2mms[22m[39m
 [32m✓[39m [30m[45m ui [49m[39m src/ui/pages/wallpaper/describeWallpaperFailure.test.ts[2m > [22mdescribeWallpaperFailure[2m > [22mreturns wpFailCsp for "stream:loadfail"[32m 0[2mms[22m[39m
 [32m✓[39m [30m[45m ui [49m[39m src/ui/pages/wallpaper/describeWallpaperFailure.test.ts[2m > [22mdescribeWallpaperFailure[2m > [22mmatches csp keywords case-insensitively[32m 0[2mms[22m[39m
 [32m✓[39m [30m[45m ui [49m[39m src/ui/pages/wallpaper/describeWallpaperFailure.test.ts[2m > [22mdescribeWallpaperFailure[2m > [22mreturns wpFailOther for a completely unknown detail[32m 0[2mms[22m[39m
 [32m✓[39m [30m[45m ui [49m[39m src/ui/pages/wallpaper/describeWallpaperFailure.test.ts[2m > [22mdescribeWallpaperFailure[2m > [22mpriorities codec (src-not-supported) over CDP (cdp-connect-failed)[32m 0[2mms[22m[39m
 [32m✓[39m [30m[45m ui [49m[39m src/ui/pages/wallpaper/describeWallpaperFailure.test.ts[2m > [22mdescribeWallpaperFailure[2m > [22mpriorities codec over CSP (loadfail)[32m 0[2mms[22m[39m
 [32m✓[39m [30m[45m ui [49m[39m src/ui/pages/wallpaper/describeWallpaperFailure.test.ts[2m > [22mdescribeWallpaperFailure[2m > [22mpriorities CDP over invisible[32m 0[2mms[22m[39m
 [32m✓[39m [30m[45m ui [49m[39m src/ui/pages/wallpaper/describeWallpaperFailure.test.ts[2m > [22mdescribeWallpaperFailure[2m > [22mpriorities CDP over CSP[32m 0[2mms[22m[39m
 [32m✓[39m [30m[45m ui [49m[39m src/ui/pages/wallpaper/describeWallpaperFailure.test.ts[2m > [22mdescribeWallpaperFailure[2m > [22mpriorities invisible over CSP[32m 0[2mms[22m[39m
 [32m✓[39m [30m[45m ui [49m[39m src/ui/stores/statusStore.test.ts[2m > [22mstatusStore — error state & clearError[2m > [22minitializes error as null[32m 3[2mms[22m[39m
 [32m✓[39m [30m[45m ui [49m[39m src/ui/stores/statusStore.test.ts[2m > [22mstatusStore — error state & clearError[2m > [22msets error when refreshStatus fails[32m 1[2mms[22m[39m
 [32m✓[39m [30m[45m ui [49m[39m src/ui/stores/statusStore.test.ts[2m > [22mstatusStore — error state & clearError[2m > [22mcaptures Error message correctly when Error instance is thrown[32m 1[2mms[22m[39m
 [32m✓[39m [30m[45m ui [49m[39m src/ui/stores/statusStore.test.ts[2m > [22mstatusStore — error state & clearError[2m > [22mstringifies non-Error thrown values into error message[32m 1[2mms[22m[39m
 [32m✓[39m [30m[45m ui [49m[39m src/ui/stores/statusStore.test.ts[2m > [22mstatusStore — error state & clearError[2m > [22mclears error when refreshStatus succeeds[32m 2[2mms[22m[39m
 [32m✓[39m [30m[45m ui [49m[39m src/ui/stores/statusStore.test.ts[2m > [22mstatusStore — error state & clearError[2m > [22mclearError() resets a previously set error to null[32m 1[2mms[22m[39m
 [32m✓[39m [30m[45m ui [49m[39m src/ui/stores/statusStore.test.ts[2m > [22mstatusStore — error state & clearError[2m > [22mclearError() is a no-op when error is already null[32m 1[2mms[22m[39m
 [32m✓[39m [30m[45m ui [49m[39m src/ui/stores/statusStore.test.ts[2m > [22mstatusStore — error state & clearError[2m > [22mrecovers error to null after consecutive failures then a success[32m 1[2mms[22m[39m
 [32m✓[39m [30m[45m ui [49m[39m src/ui/stores/statusStore.test.ts[2m > [22mstatusStore — error state & clearError[2m > [22mnext refreshStatus attempt clears the previous error before attempting[32m 1[2mms[22m[39m
 [32m✓[39m [30m[45m ui [49m[39m src/ui/stores/statusStore.test.ts[2m > [22mstatusStore — error state & clearError[2m > [22misRefreshing is false after a rejected refresh settles[32m 1[2mms[22m[39m
 [32m✓[39m [30m[45m ui [49m[39m src/ui/stores/statusStore.test.ts[2m > [22mstatusStore — error state & clearError[2m > [22misRefreshing is false after a successful refresh settles[32m 0[2mms[22m[39m
 [32m✓[39m [30m[45m ui [49m[39m src/ui/stores/wallpaperStore.test.ts[2m > [22mwallpaperStore — Toast notification behavior[2m > [22msetWallpaper calls fail() on API error[32m 7[2mms[22m[39m
 [32m✓[39m [30m[45m ui [49m[39m src/ui/stores/wallpaperStore.test.ts[2m > [22mwallpaperStore — Toast notification behavior[2m > [22msetWallpaper does NOT show a success toast when the API succeeds[32m 1[2mms[22m[39m
 [32m✓[39m [30m[45m ui [49m[39m src/ui/stores/wallpaperStore.test.ts[2m > [22mwallpaperStore — Toast notification behavior[2m > [22mimportWallpaper calls fail() on API error[32m 1[2mms[22m[39m
 [32m✓[39m [30m[45m ui [49m[39m src/ui/stores/wallpaperStore.test.ts[2m > [22mwallpaperStore — Toast notification behavior[2m > [22mdeleteWallpaper calls fail() on API error[32m 1[2mms[22m[39m
 [32m✓[39m [30m[45m ui [49m[39m src/ui/stores/wallpaperStore.test.ts[2m > [22mwallpaperStore — Toast notification behavior[2m > [22msetAgentWallpaper calls fail() on API error and returns false[32m 1[2mms[22m[39m
 [32m✓[39m [30m[45m ui [49m[39m src/ui/stores/wallpaperStore.test.ts[2m > [22mwallpaperStore — Toast notification behavior[2m > [22msetAgentWallpaper returns true and does not call toast on success[32m 0[2mms[22m[39m
 [32m✓[39m [30m[45m ui [49m[39m src/ui/stores/wallpaperStore.test.ts[2m > [22mwallpaperStore — Toast notification behavior[2m > [22msetAndApplyAgentWallpaper returns persist-failed and does not show toast when persist fails[32m 1[2mms[22m[39m
 [32m✓[39m [30m[45m ui [49m[39m src/ui/stores/wallpaperStore.test.ts[2m > [22mwallpaperStore — Toast notification behavior[2m > [22mactivateThemeWallpaper calls fail() on listWallpapers error[32m 1[2mms[22m[39m
 [32m✓[39m [30m[45m ui [49m[39m src/ui/stores/wallpaperStore.test.ts[2m > [22mwallpaperStore — Toast notification behavior[2m > [22msetAndApplyAgentWallpaper calls fail() when theme extraction fails[32m 1[2mms[22m[39m
 [32m✓[39m [30m[45m ui [49m[39m src/ui/stores/wallpaperStore.test.ts[2m > [22mwallpaperStore — Toast notification behavior[2m > [22msetAndApplyAgentWallpaper does not enter the companion loop when apply fails[32m 0[2mms[22m[39m
 [32m✓[39m [30m[45m ui [49m[39m src/ui/stores/wallpaperStore.test.ts[2m > [22mwallpaperStore — Toast notification behavior[2m > [22msetAndApplyAgentWallpaper does not enter the companion loop when disabled[32m 0[2mms[22m[39m
 [32m✓[39m [30m[45m ui [49m[39m src/ui/stores/wallpaperStore.test.ts[2m > [22mwallpaperStore — Toast notification behavior[2m > [22mnever calls showToast across any operation — error-only feedback[32m 0[2mms[22m[39m
 [32m✓[39m [30m[45m ui [49m[39m src/ui/components/studio/RealDomPreview.test.ts[2m > [22mnodeToHtml — XSS 防护[2m > [22mdrops script tags entirely[32m 3[2mms[22m[39m
 [32m✓[39m [30m[45m ui [49m[39m src/ui/components/studio/RealDomPreview.test.ts[2m > [22mnodeToHtml — XSS 防护[2m > [22mwalks children of a dropped wrapper instead of hiding them[32m 1[2mms[22m[39m
 [32m✓[39m [30m[45m ui [49m[39m src/ui/components/studio/RealDomPreview.test.ts[2m > [22mnodeToHtml — XSS 防护[2m > [22mstrips on* event-handler attributes[32m 1[2mms[22m[39m
 [32m✓[39m [30m[45m ui [49m[39m src/ui/components/studio/RealDomPreview.test.ts[2m > [22mnodeToHtml — XSS 防护[2m > [22mblocks javascript: / data:text/html URLs on src[32m 0[2mms[22m[39m
 [32m✓[39m [30m[45m ui [49m[39m src/ui/components/studio/RealDomPreview.test.ts[2m > [22mnodeToHtml — XSS 防护[2m > [22mblocks javascript: URLs on href[32m 0[2mms[22m[39m
 [32m✓[39m [30m[45m ui [49m[39m src/ui/components/studio/RealDomPreview.test.ts[2m > [22mnodeToHtml — XSS 防护[2m > [22mkeeps safe content tags and escapes text[32m 0[2mms[22m[39m
 [32m✓[39m [30m[45m ui [49m[39m src/ui/components/studio/RealDomPreview.test.ts[2m > [22mnodeToHtml — XSS 防护[2m > [22mdrops object/embed/link/meta/style tags[32m 1[2mms[22m[39m
stderr | src/ui/hooks/apply-result.test.ts > handleApplyResult > returns "unknown-status" (not success) for unrecognized status
[apply-result] unknown status from main process: new-unrecognized-status

 [32m✓[39m [30m[45m ui [49m[39m src/ui/hooks/apply-result.test.ts[2m > [22mhandleApplyResult[2m > [22mreturns "success" when status is "applied"[32m 3[2mms[22m[39m
 [32m✓[39m [30m[45m ui [49m[39m src/ui/hooks/apply-result.test.ts[2m > [22mhandleApplyResult[2m > [22mreturns "requires-restart" with context when status is "requires-restart"[32m 0[2mms[22m[39m
 [32m✓[39m [30m[45m ui [49m[39m src/ui/hooks/apply-result.test.ts[2m > [22mhandleApplyResult[2m > [22mreturns "requires-restart" with undefined restartReason when not provided[32m 1[2mms[22m[39m
 [32m✓[39m [30m[45m ui [49m[39m src/ui/hooks/apply-result.test.ts[2m > [22mhandleApplyResult[2m > [22mreturns "port-occupied" with message when status is "port-occupied"[32m 0[2mms[22m[39m
 [32m✓[39m [30m[45m ui [49m[39m src/ui/hooks/apply-result.test.ts[2m > [22mhandleApplyResult[2m > [22mpasses through all restartReason variants[32m 1[2mms[22m[39m
 [32m✓[39m [30m[45m ui [49m[39m src/ui/hooks/apply-result.test.ts[2m > [22mhandleApplyResult[2m > [22mreturns "unknown-status" (not success) for unrecognized status[32m 1[2mms[22m[39m
 [32m✓[39m [30m[45m ui [49m[39m src/ui/hooks/useRelativeTime.test.ts[2m > [22museRelativeTime — computation logic[2m > [22mreturns statusDetecting when lastStatusAt is null[32m 4[2mms[22m[39m
 [32m✓[39m [30m[45m ui [49m[39m src/ui/hooks/useRelativeTime.test.ts[2m > [22museRelativeTime — computation logic[2m > [22mreturns statusRefreshing when isRefreshing is true (takes priority over null)[32m 1[2mms[22m[39m
 [32m✓[39m [30m[45m ui [49m[39m src/ui/hooks/useRelativeTime.test.ts[2m > [22museRelativeTime — computation logic[2m > [22mreturns statusRefreshing when isRefreshing is true (takes priority over valid timestamp)[32m 0[2mms[22m[39m
 [32m✓[39m [30m[45m ui [49m[39m src/ui/hooks/useRelativeTime.test.ts[2m > [22museRelativeTime — computation logic[2m > [22mreturns statusUpdatedJustNow when less than 1 second has elapsed (0s)[32m 1[2mms[22m[39m
 [32m✓[39m [30m[45m ui [49m[39m src/ui/hooks/useRelativeTime.test.ts[2m > [22museRelativeTime — computation logic[2m > [22mreturns statusUpdatedJustNow when less than 1 second has elapsed (999ms)[32m 0[2mms[22m[39m
 [32m✓[39m [30m[45m ui [49m[39m src/ui/hooks/useRelativeTime.test.ts[2m > [22museRelativeTime — computation logic[2m > [22mreturns statusUpdatedSecondsAgo(1) when exactly 1 second has elapsed[32m 1[2mms[22m[39m
 [32m✓[39m [30m[45m ui [49m[39m src/ui/hooks/useRelativeTime.test.ts[2m > [22museRelativeTime — computation logic[2m > [22mreturns statusUpdatedSecondsAgo(10) when 10 seconds have elapsed[32m 0[2mms[22m[39m
 [32m✓[39m [30m[45m ui [49m[39m src/ui/hooks/useRelativeTime.test.ts[2m > [22museRelativeTime — computation logic[2m > [22mreturns statusUpdatedSecondsAgo(59) when 59.9 seconds have elapsed[32m 0[2mms[22m[39m
 [32m✓[39m [30m[45m ui [49m[39m src/ui/hooks/useRelativeTime.test.ts[2m > [22museRelativeTime — computation logic[2m > [22mclamps negative elapsed time to 0 (clock skew / future timestamp)[32m 1[2mms[22m[39m
 [32m✓[39m [30m[45m ui [49m[39m src/ui/hooks/useRelativeTime.test.ts[2m > [22museRelativeTime — computation logic[2m > [22mclamps large negative elapsed time to 0[32m 1[2mms[22m[39m
 [32m✓[39m [30m[45m ui [49m[39m src/ui/lib/status-utils.test.ts[2m > [22mfindAppStatus[2m > [22mreturns the matching app status when found[32m 4[2mms[22m[39m
 [32m✓[39m [30m[45m ui [49m[39m src/ui/lib/status-utils.test.ts[2m > [22mfindAppStatus[2m > [22mreturns null when the app is not in the status list[32m 1[2mms[22m[39m
 [32m✓[39m [30m[45m ui [49m[39m src/ui/lib/status-utils.test.ts[2m > [22mfindAppStatus[2m > [22mreturns null when status is null[32m 0[2mms[22m[39m
 [32m✓[39m [30m[45m ui [49m[39m src/ui/lib/status-utils.test.ts[2m > [22mfindAppStatus[2m > [22mreturns null when the apps array is empty[32m 0[2mms[22m[39m
 [32m✓[39m [30m[45m ui [49m[39m src/ui/lib/status-utils.test.ts[2m > [22mfindAppStatus[2m > [22mreturns the first match when duplicate appIds exist[32m 0[2mms[22m[39m
 [32m✓[39m [30m[42m visual-regression [49m[39m tests/visual-regression/theme-token-consistency.test.ts[2m > [22mtheme discovery[2m > [22mfinds all 15 built-in themes[32m 4[2mms[22m[39m
 [32m✓[39m [30m[42m visual-regression [49m[39m tests/visual-regression/theme-token-consistency.test.ts[2m > [22mtheme discovery[2m > [22mevery theme has a valid manifest.id[32m 3[2mms[22m[39m
 [32m✓[39m [30m[42m visual-regression [49m[39m tests/visual-regression/theme-token-consistency.test.ts[2m > [22mrequired agent CSS coverage[2m > [22mamber-dusk — provides CSS for all 6 agents[32m 3[2mms[22m[39m
 [32m✓[39m [30m[42m visual-regression [49m[39m tests/visual-regression/theme-token-consistency.test.ts[2m > [22mrequired agent CSS coverage[2m > [22maurora-violet — provides CSS for all 6 agents[32m 2[2mms[22m[39m
 [32m✓[39m [30m[42m visual-regression [49m[39m tests/visual-regression/theme-token-consistency.test.ts[2m > [22mrequired agent CSS coverage[2m > [22mbamboo-mist — provides CSS for all 6 agents[32m 8[2mms[22m[39m
 [32m✓[39m [30m[42m visual-regression [49m[39m tests/visual-regression/theme-token-consistency.test.ts[2m > [22mrequired agent CSS coverage[2m > [22mcyber-rose — provides CSS for all 6 agents[32m 2[2mms[22m[39m
 [32m✓[39m [30m[42m visual-regression [49m[39m tests/visual-regression/theme-token-consistency.test.ts[2m > [22mrequired agent CSS coverage[2m > [22mdeepspace-nebula — provides CSS for all 6 agents[32m 4[2mms[22m[39m
 [32m✓[39m [30m[42m visual-regression [49m[39m tests/visual-regression/theme-token-consistency.test.ts[2m > [22mrequired agent CSS coverage[2m > [22mforest-pine — provides CSS for all 6 agents[32m 3[2mms[22m[39m
 [32m✓[39m [30m[42m visual-regression [49m[39m tests/visual-regression/theme-token-consistency.test.ts[2m > [22mrequired agent CSS coverage[2m > [22mglacier-white — provides CSS for all 6 agents[32m 3[2mms[22m[39m
 [32m✓[39m [30m[42m visual-regression [49m[39m tests/visual-regression/theme-token-consistency.test.ts[2m > [22mrequired agent CSS coverage[2m > [22mgraphite-code — provides CSS for all 6 agents[32m 2[2mms[22m[39m
 [32m✓[39m [30m[42m visual-regression [49m[39m tests/visual-regression/theme-token-consistency.test.ts[2m > [22mrequired agent CSS coverage[2m > [22mmidnight-jazz — provides CSS for all 6 agents[32m 2[2mms[22m[39m
 [32m✓[39m [30m[42m visual-regression [49m[39m tests/visual-regression/theme-token-consistency.test.ts[2m > [22mrequired agent CSS coverage[2m > [22mnordic-minimal — provides CSS for all 6 agents[32m 2[2mms[22m[39m
 [32m✓[39m [30m[42m visual-regression [49m[39m tests/visual-regression/theme-token-consistency.test.ts[2m > [22mrequired agent CSS coverage[2m > [22mocean-tide — provides CSS for all 6 agents[32m 3[2mms[22m[39m
 [32m✓[39m [30m[42m visual-regression [49m[39m tests/visual-regression/theme-token-consistency.test.ts[2m > [22mrequired agent CSS coverage[2m > [22mrose-quartz — provides CSS for all 6 agents[32m 2[2mms[22m[39m
 [32m✓[39m [30m[42m visual-regression [49m[39m tests/visual-regression/theme-token-consistency.test.ts[2m > [22mrequired agent CSS coverage[2m > [22msakura-noir — provides CSS for all 6 agents[32m 13[2mms[22m[39m
 [32m✓[39m [30m[42m visual-regression [49m[39m tests/visual-regression/theme-token-consistency.test.ts[2m > [22mrequired agent CSS coverage[2m > [22msakura-pastel — provides CSS for all 6 agents[32m 2[2mms[22m[39m
 [32m✓[39m [30m[42m visual-regression [49m[39m tests/visual-regression/theme-token-consistency.test.ts[2m > [22mrequired agent CSS coverage[2m > [22mterminal-green — provides CSS for all 6 agents[32m 2[2mms[22m[39m
 [32m✓[39m [30m[42m visual-regression [49m[39m tests/visual-regression/theme-token-consistency.test.ts[2m > [22mrequired token presence[2m > [22mamber-dusk/traework — declares all 14 required tokens[32m 3[2mms[22m[39m
 [32m✓[39m [30m[42m visual-regression [49m[39m tests/visual-regression/theme-token-consistency.test.ts[2m > [22mrequired token presence[2m > [22mamber-dusk/qoderwork — declares all 14 required tokens[32m 1[2mms[22m[39m
 [32m✓[39m [30m[42m visual-regression [49m[39m tests/visual-regression/theme-token-consistency.test.ts[2m > [22mrequired token presence[2m > [22mamber-dusk/workbuddy — declares all 14 required tokens[32m 1[2mms[22m[39m
 [32m✓[39m [30m[42m visual-regression [49m[39m tests/visual-regression/theme-token-consistency.test.ts[2m > [22mrequired token presence[2m > [22mamber-dusk/doubao — declares all 14 required tokens[32m 1[2mms[22m[39m
 [32m✓[39m [30m[42m visual-regression [49m[39m tests/visual-regression/theme-token-consistency.test.ts[2m > [22mrequired token presence[2m > [22mamber-dusk/codex — declares all 14 required tokens[32m 1[2mms[22m[39m
 [32m✓[39m [30m[42m visual-regression [49m[39m tests/visual-regression/theme-token-consistency.test.ts[2m > [22mrequired token presence[2m > [22mamber-dusk/zcode — declares all 14 required tokens[32m 1[2mms[22m[39m
 [32m✓[39m [30m[42m visual-regression [49m[39m tests/visual-regression/theme-token-consistency.test.ts[2m > [22mrequired token presence[2m > [22maurora-violet/traework — declares all 14 required tokens[32m 1[2mms[22m[39m
 [32m✓[39m [30m[42m visual-regression [49m[39m tests/visual-regression/theme-token-consistency.test.ts[2m > [22mrequired token presence[2m > [22maurora-violet/qoderwork — declares all 14 required tokens[32m 1[2mms[22m[39m
 [32m✓[39m [30m[42m visual-regression [49m[39m tests/visual-regression/theme-token-consistency.test.ts[2m > [22mrequired token presence[2m > [22maurora-violet/workbuddy — declares all 14 required tokens[32m 1[2mms[22m[39m
 [32m✓[39m [30m[42m visual-regression [49m[39m tests/visual-regression/theme-token-consistency.test.ts[2m > [22mrequired token presence[2m > [22maurora-violet/doubao — declares all 14 required tokens[32m 1[2mms[22m[39m
 [32m✓[39m [30m[42m visual-regression [49m[39m tests/visual-regression/theme-token-consistency.test.ts[2m > [22mrequired token presence[2m > [22maurora-violet/codex — declares all 14 required tokens[32m 1[2mms[22m[39m
 [32m✓[39m [30m[42m visual-regression [49m[39m tests/visual-regression/theme-token-consistency.test.ts[2m > [22mrequired token presence[2m > [22maurora-violet/zcode — declares all 14 required tokens[32m 1[2mms[22m[39m
 [32m✓[39m [30m[42m visual-regression [49m[39m tests/visual-regression/theme-token-consistency.test.ts[2m > [22mrequired token presence[2m > [22mbamboo-mist/traework — declares all 14 required tokens[32m 1[2mms[22m[39m
 [32m✓[39m [30m[42m visual-regression [49m[39m tests/visual-regression/theme-token-consistency.test.ts[2m > [22mrequired token presence[2m > [22mbamboo-mist/qoderwork — declares all 14 required tokens[32m 1[2mms[22m[39m
 [32m✓[39m [30m[42m visual-regression [49m[39m tests/visual-regression/theme-token-consistency.test.ts[2m > [22mrequired token presence[2m > [22mbamboo-mist/workbuddy — declares all 14 required tokens[32m 1[2mms[22m[39m
 [32m✓[39m [30m[42m visual-regression [49m[39m tests/visual-regression/theme-token-consistency.test.ts[2m > [22mrequired token presence[2m > [22mbamboo-mist/doubao — declares all 14 required tokens[32m 1[2mms[22m[39m
 [32m✓[39m [30m[42m visual-regression [49m[39m tests/visual-regression/theme-token-consistency.test.ts[2m > [22mrequired token presence[2m > [22mbamboo-mist/codex — declares all 14 required tokens[32m 1[2mms[22m[39m
 [32m✓[39m [30m[42m visual-regression [49m[39m tests/visual-regression/theme-token-consistency.test.ts[2m > [22mrequired token presence[2m > [22mbamboo-mist/zcode — declares all 14 required tokens[32m 1[2mms[22m[39m
 [32m✓[39m [30m[42m visual-regression [49m[39m tests/visual-regression/theme-token-consistency.test.ts[2m > [22mrequired token presence[2m > [22mcyber-rose/traework — declares all 14 required tokens[32m 1[2mms[22m[39m
 [32m✓[39m [30m[42m visual-regression [49m[39m tests/visual-regression/theme-token-consistency.test.ts[2m > [22mrequired token presence[2m > [22mcyber-rose/qoderwork — declares all 14 required tokens[32m 1[2mms[22m[39m
 [32m✓[39m [30m[42m visual-regression [49m[39m tests/visual-regression/theme-token-consistency.test.ts[2m > [22mrequired token presence[2m > [22mcyber-rose/workbuddy — declares all 14 required tokens[32m 1[2mms[22m[39m
 [32m✓[39m [30m[42m visual-regression [49m[39m tests/visual-regression/theme-token-consistency.test.ts[2m > [22mrequired token presence[2m > [22mcyber-rose/doubao — declares all 14 required tokens[32m 5[2mms[22m[39m
 [32m✓[39m [30m[42m visual-regression [49m[39m tests/visual-regression/theme-token-consistency.test.ts[2m > [22mrequired token presence[2m > [22mcyber-rose/codex — declares all 14 required tokens[32m 2[2mms[22m[39m
 [32m✓[39m [30m[42m visual-regression [49m[39m tests/visual-regression/theme-token-consistency.test.ts[2m > [22mrequired token presence[2m > [22mcyber-rose/zcode — declares all 14 required tokens[32m 3[2mms[22m[39m
 [32m✓[39m [30m[42m visual-regression [49m[39m tests/visual-regression/theme-token-consistency.test.ts[2m > [22mrequired token presence[2m > [22mdeepspace-nebula/traework — declares all 14 required tokens[32m 2[2mms[22m[39m
 [32m✓[39m [30m[42m visual-regression [49m[39m tests/visual-regression/theme-token-consistency.test.ts[2m > [22mrequired token presence[2m > [22mdeepspace-nebula/qoderwork — declares all 14 required tokens[32m 1[2mms[22m[39m
 [32m✓[39m [30m[42m visual-regression [49m[39m tests/visual-regression/theme-token-consistency.test.ts[2m > [22mrequired token presence[2m > [22mdeepspace-nebula/workbuddy — declares all 14 required tokens[32m 1[2mms[22m[39m
 [32m✓[39m [30m[42m visual-regression [49m[39m tests/visual-regression/theme-token-consistency.test.ts[2m > [22mrequired token presence[2m > [22mdeepspace-nebula/doubao — declares all 14 required tokens[32m 1[2mms[22m[39m
 [32m✓[39m [30m[42m visual-regression [49m[39m tests/visual-regression/theme-token-consistency.test.ts[2m > [22mrequired token presence[2m > [22mdeepspace-nebula/codex — declares all 14 required tokens[32m 1[2mms[22m[39m
 [32m✓[39m [30m[42m visual-regression [49m[39m tests/visual-regression/theme-token-consistency.test.ts[2m > [22mrequired token presence[2m > [22mdeepspace-nebula/zcode — declares all 14 required tokens[32m 1[2mms[22m[39m
 [32m✓[39m [30m[42m visual-regression [49m[39m tests/visual-regression/theme-token-consistency.test.ts[2m > [22mrequired token presence[2m > [22mforest-pine/traework — declares all 14 required tokens[32m 1[2mms[22m[39m
 [32m✓[39m [30m[42m visual-regression [49m[39m tests/visual-regression/theme-token-consistency.test.ts[2m > [22mrequired token presence[2m > [22mforest-pine/qoderwork — declares all 14 required tokens[32m 1[2mms[22m[39m
 [32m✓[39m [30m[42m visual-regression [49m[39m tests/visual-regression/theme-token-consistency.test.ts[2m > [22mrequired token presence[2m > [22mforest-pine/workbuddy — declares all 14 required tokens[32m 1[2mms[22m[39m
 [32m✓[39m [30m[42m visual-regression [49m[39m tests/visual-regression/theme-token-consistency.test.ts[2m > [22mrequired token presence[2m > [22mforest-pine/doubao — declares all 14 required tokens[32m 1[2mms[22m[39m
 [32m✓[39m [30m[42m visual-regression [49m[39m tests/visual-regression/theme-token-consistency.test.ts[2m > [22mrequired token presence[2m > [22mforest-pine/codex — declares all 14 required tokens[32m 1[2mms[22m[39m
 [32m✓[39m [30m[42m visual-regression [49m[39m tests/visual-regression/theme-token-consistency.test.ts[2m > [22mrequired token presence[2m > [22mforest-pine/zcode — declares all 14 required tokens[32m 1[2mms[22m[39m
 [32m✓[39m [30m[42m visual-regression [49m[39m tests/visual-regression/theme-token-consistency.test.ts[2m > [22mrequired token presence[2m > [22mglacier-white/traework — declares all 14 required tokens[32m 1[2mms[22m[39m
 [32m✓[39m [30m[42m visual-regression [49m[39m tests/visual-regression/theme-token-consistency.test.ts[2m > [22mrequired token presence[2m > [22mglacier-white/qoderwork — declares all 14 required tokens[32m 1[2mms[22m[39m
 [32m✓[39m [30m[42m visual-regression [49m[39m tests/visual-regression/theme-token-consistency.test.ts[2m > [22mrequired token presence[2m > [22mglacier-white/workbuddy — declares all 14 required tokens[32m 1[2mms[22m[39m
 [32m✓[39m [30m[42m visual-regression [49m[39m tests/visual-regression/theme-token-consistency.test.ts[2m > [22mrequired token presence[2m > [22mglacier-white/doubao — declares all 14 required tokens[32m 1[2mms[22m[39m
 [32m✓[39m [30m[42m visual-regression [49m[39m tests/visual-regression/theme-token-consistency.test.ts[2m > [22mrequired token presence[2m > [22mglacier-white/codex — declares all 14 required tokens[32m 1[2mms[22m[39m
 [32m✓[39m [30m[42m visual-regression [49m[39m tests/visual-regression/theme-token-consistency.test.ts[2m > [22mrequired token presence[2m > [22mglacier-white/zcode — declares all 14 required tokens[32m 1[2mms[22m[39m
 [32m✓[39m [30m[42m visual-regression [49m[39m tests/visual-regression/theme-token-consistency.test.ts[2m > [22mrequired token presence[2m > [22mgraphite-code/traework — declares all 14 required tokens[32m 1[2mms[22m[39m
 [32m✓[39m [30m[42m visual-regression [49m[39m tests/visual-regression/theme-token-consistency.test.ts[2m > [22mrequired token presence[2m > [22mgraphite-code/qoderwork — declares all 14 required tokens[32m 1[2mms[22m[39m
 [32m✓[39m [30m[42m visual-regression [49m[39m tests/visual-regression/theme-token-consistency.test.ts[2m > [22mrequired token presence[2m > [22mgraphite-code/workbuddy — declares all 14 required tokens[32m 1[2mms[22m[39m
 [32m✓[39m [30m[42m visual-regression [49m[39m tests/visual-regression/theme-token-consistency.test.ts[2m > [22mrequired token presence[2m > [22mgraphite-code/doubao — declares all 14 required tokens[32m 1[2mms[22m[39m
 [32m✓[39m [30m[42m visual-regression [49m[39m tests/visual-regression/theme-token-consistency.test.ts[2m > [22mrequired token presence[2m > [22mgraphite-code/codex — declares all 14 required tokens[32m 1[2mms[22m[39m
 [32m✓[39m [30m[42m visual-regression [49m[39m tests/visual-regression/theme-token-consistency.test.ts[2m > [22mrequired token presence[2m > [22mgraphite-code/zcode — declares all 14 required tokens[32m 1[2mms[22m[39m
 [32m✓[39m [30m[42m visual-regression [49m[39m tests/visual-regression/theme-token-consistency.test.ts[2m > [22mrequired token presence[2m > [22mmidnight-jazz/traework — declares all 14 required tokens[32m 1[2mms[22m[39m
 [32m✓[39m [30m[42m visual-regression [49m[39m tests/visual-regression/theme-token-consistency.test.ts[2m > [22mrequired token presence[2m > [22mmidnight-jazz/qoderwork — declares all 14 required tokens[32m 1[2mms[22m[39m
 [32m✓[39m [30m[42m visual-regression [49m[39m tests/visual-regression/theme-token-consistency.test.ts[2m > [22mrequired token presence[2m > [22mmidnight-jazz/workbuddy — declares all 14 required tokens[32m 5[2mms[22m[39m
 [32m✓[39m [30m[42m visual-regression [49m[39m tests/visual-regression/theme-token-consistency.test.ts[2m > [22mrequired token presence[2m > [22mmidnight-jazz/doubao — declares all 14 required tokens[32m 1[2mms[22m[39m
 [32m✓[39m [30m[42m visual-regression [49m[39m tests/visual-regression/theme-token-consistency.test.ts[2m > [22mrequired token presence[2m > [22mmidnight-jazz/codex — declares all 14 required tokens[32m 1[2mms[22m[39m
 [32m✓[39m [30m[42m visual-regression [49m[39m tests/visual-regression/theme-token-consistency.test.ts[2m > [22mrequired token presence[2m > [22mmidnight-jazz/zcode — declares all 14 required tokens[32m 1[2mms[22m[39m
 [32m✓[39m [30m[42m visual-regression [49m[39m tests/visual-regression/theme-token-consistency.test.ts[2m > [22mrequired token presence[2m > [22mnordic-minimal/traework — declares all 14 required tokens[32m 2[2mms[22m[39m
 [32m✓[39m [30m[42m visual-regression [49m[39m tests/visual-regression/theme-token-consistency.test.ts[2m > [22mrequired token presence[2m > [22mnordic-minimal/qoderwork — declares all 14 required tokens[32m 1[2mms[22m[39m
 [32m✓[39m [30m[42m visual-regression [49m[39m tests/visual-regression/theme-token-consistency.test.ts[2m > [22mrequired token presence[2m > [22mnordic-minimal/workbuddy — declares all 14 required tokens[32m 1[2mms[22m[39m
 [32m✓[39m [30m[42m visual-regression [49m[39m tests/visual-regression/theme-token-consistency.test.ts[2m > [22mrequired token presence[2m > [22mnordic-minimal/doubao — declares all 14 required tokens[32m 1[2mms[22m[39m
 [32m✓[39m [30m[42m visual-regression [49m[39m tests/visual-regression/theme-token-consistency.test.ts[2m > [22mrequired token presence[2m > [22mnordic-minimal/codex — declares all 14 required tokens[32m 1[2mms[22m[39m
 [32m✓[39m [30m[42m visual-regression [49m[39m tests/visual-regression/theme-token-consistency.test.ts[2m > [22mrequired token presence[2m > [22mnordic-minimal/zcode — declares all 14 required tokens[32m 1[2mms[22m[39m
 [32m✓[39m [30m[42m visual-regression [49m[39m tests/visual-regression/theme-token-consistency.test.ts[2m > [22mrequired token presence[2m > [22mocean-tide/traework — declares all 14 required tokens[32m 1[2mms[22m[39m
 [32m✓[39m [30m[42m visual-regression [49m[39m tests/visual-regression/theme-token-consistency.test.ts[2m > [22mrequired token presence[2m > [22mocean-tide/qoderwork — declares all 14 required tokens[32m 1[2mms[22m[39m
 [32m✓[39m [30m[42m visual-regression [49m[39m tests/visual-regression/theme-token-consistency.test.ts[2m > [22mrequired token presence[2m > [22mocean-tide/workbuddy — declares all 14 required tokens[32m 1[2mms[22m[39m
 [32m✓[39m [30m[42m visual-regression [49m[39m tests/visual-regression/theme-token-consistency.test.ts[2m > [22mrequired token presence[2m > [22mocean-tide/doubao — declares all 14 required tokens[32m 1[2mms[22m[39m
 [32m✓[39m [30m[42m visual-regression [49m[39m tests/visual-regression/theme-token-consistency.test.ts[2m > [22mrequired token presence[2m > [22mocean-tide/codex — declares all 14 required tokens[32m 1[2mms[22m[39m
 [32m✓[39m [30m[42m visual-regression [49m[39m tests/visual-regression/theme-token-consistency.test.ts[2m > [22mrequired token presence[2m > [22mocean-tide/zcode — declares all 14 required tokens[32m 1[2mms[22m[39m
 [32m✓[39m [30m[42m visual-regression [49m[39m tests/visual-regression/theme-token-consistency.test.ts[2m > [22mrequired token presence[2m > [22mrose-quartz/traework — declares all 14 required tokens[32m 1[2mms[22m[39m
 [32m✓[39m [30m[42m visual-regression [49m[39m tests/visual-regression/theme-token-consistency.test.ts[2m > [22mrequired token presence[2m > [22mrose-quartz/qoderwork — declares all 14 required tokens[32m 1[2mms[22m[39m
 [32m✓[39m [30m[42m visual-regression [49m[39m tests/visual-regression/theme-token-consistency.test.ts[2m > [22mrequired token presence[2m > [22mrose-quartz/workbuddy — declares all 14 required tokens[32m 1[2mms[22m[39m
 [32m✓[39m [30m[42m visual-regression [49m[39m tests/visual-regression/theme-token-consistency.test.ts[2m > [22mrequired token presence[2m > [22mrose-quartz/doubao — declares all 14 required tokens[32m 1[2mms[22m[39m
 [32m✓[39m [30m[42m visual-regression [49m[39m tests/visual-regression/theme-token-consistency.test.ts[2m > [22mrequired token presence[2m > [22mrose-quartz/codex — declares all 14 required tokens[32m 1[2mms[22m[39m
 [32m✓[39m [30m[42m visual-regression [49m[39m tests/visual-regression/theme-token-consistency.test.ts[2m > [22mrequired token presence[2m > [22mrose-quartz/zcode — declares all 14 required tokens[32m 1[2mms[22m[39m
 [32m✓[39m [30m[42m visual-regression [49m[39m tests/visual-regression/theme-token-consistency.test.ts[2m > [22mrequired token presence[2m > [22msakura-noir/traework — declares all 14 required tokens[32m 1[2mms[22m[39m
 [32m✓[39m [30m[42m visual-regression [49m[39m tests/visual-regression/theme-token-consistency.test.ts[2m > [22mrequired token presence[2m > [22msakura-noir/qoderwork — declares all 14 required tokens[32m 1[2mms[22m[39m
 [32m✓[39m [30m[42m visual-regression [49m[39m tests/visual-regression/theme-token-consistency.test.ts[2m > [22mrequired token presence[2m > [22msakura-noir/workbuddy — declares all 14 required tokens[32m 1[2mms[22m[39m
 [32m✓[39m [30m[42m visual-regression [49m[39m tests/visual-regression/theme-token-consistency.test.ts[2m > [22mrequired token presence[2m > [22msakura-noir/doubao — declares all 14 required tokens[32m 1[2mms[22m[39m
 [32m✓[39m [30m[42m visual-regression [49m[39m tests/visual-regression/theme-token-consistency.test.ts[2m > [22mrequired token presence[2m > [22msakura-noir/codex — declares all 14 required tokens[32m 1[2mms[22m[39m
 [32m✓[39m [30m[42m visual-regression [49m[39m tests/visual-regression/theme-token-consistency.test.ts[2m > [22mrequired token presence[2m > [22msakura-noir/zcode — declares all 14 required tokens[32m 1[2mms[22m[39m
 [32m✓[39m [30m[42m visual-regression [49m[39m tests/visual-regression/theme-token-consistency.test.ts[2m > [22mrequired token presence[2m > [22msakura-pastel/traework — declares all 14 required tokens[32m 1[2mms[22m[39m
 [32m✓[39m [30m[42m visual-regression [49m[39m tests/visual-regression/theme-token-consistency.test.ts[2m > [22mrequired token presence[2m > [22msakura-pastel/qoderwork — declares all 14 required tokens[32m 1[2mms[22m[39m
 [32m✓[39m [30m[42m visual-regression [49m[39m tests/visual-regression/theme-token-consistency.test.ts[2m > [22mrequired token presence[2m > [22msakura-pastel/workbuddy — declares all 14 required tokens[32m 9[2mms[22m[39m
 [32m✓[39m [30m[42m visual-regression [49m[39m tests/visual-regression/theme-token-consistency.test.ts[2m > [22mrequired token presence[2m > [22msakura-pastel/doubao — declares all 14 required tokens[32m 2[2mms[22m[39m
 [32m✓[39m [30m[42m visual-regression [49m[39m tests/visual-regression/theme-token-consistency.test.ts[2m > [22mrequired token presence[2m > [22msakura-pastel/codex — declares all 14 required tokens[32m 1[2mms[22m[39m
 [32m✓[39m [30m[42m visual-regression [49m[39m tests/visual-regression/theme-token-consistency.test.ts[2m > [22mrequired token presence[2m > [22msakura-pastel/zcode — declares all 14 required tokens[32m 1[2mms[22m[39m
 [32m✓[39m [30m[42m visual-regression [49m[39m tests/visual-regression/theme-token-consistency.test.ts[2m > [22mrequired token presence[2m > [22mterminal-green/traework — declares all 14 required tokens[32m 1[2mms[22m[39m
 [32m✓[39m [30m[42m visual-regression [49m[39m tests/visual-regression/theme-token-consistency.test.ts[2m > [22mrequired token presence[2m > [22mterminal-green/qoderwork — declares all 14 required tokens[32m 1[2mms[22m[39m
 [32m✓[39m [30m[42m visual-regression [49m[39m tests/visual-regression/theme-token-consistency.test.ts[2m > [22mrequired token presence[2m > [22mterminal-green/workbuddy — declares all 14 required tokens[32m 1[2mms[22m[39m
 [32m✓[39m [30m[42m visual-regression [49m[39m tests/visual-regression/theme-token-consistency.test.ts[2m > [22mrequired token presence[2m > [22mterminal-green/doubao — declares all 14 required tokens[32m 1[2mms[22m[39m
 [32m✓[39m [30m[42m visual-regression [49m[39m tests/visual-regression/theme-token-consistency.test.ts[2m > [22mrequired token presence[2m > [22mterminal-green/codex — declares all 14 required tokens[32m 1[2mms[22m[39m
 [32m✓[39m [30m[42m visual-regression [49m[39m tests/visual-regression/theme-token-consistency.test.ts[2m > [22mrequired token presence[2m > [22mterminal-green/zcode — declares all 14 required tokens[32m 4[2mms[22m[39m
 [32m✓[39m [30m[42m visual-regression [49m[39m tests/visual-regression/theme-token-consistency.test.ts[2m > [22mmanifest-color ↔ CSS-token consistency[2m > [22mamber-dusk/traework — authored tokens match manifest colors[32m 4[2mms[22m[39m
 [32m✓[39m [30m[42m visual-regression [49m[39m tests/visual-regression/theme-token-consistency.test.ts[2m > [22mmanifest-color ↔ CSS-token consistency[2m > [22mamber-dusk/qoderwork — authored tokens match manifest colors[32m 2[2mms[22m[39m
 [32m✓[39m [30m[42m visual-regression [49m[39m tests/visual-regression/theme-token-consistency.test.ts[2m > [22mmanifest-color ↔ CSS-token consistency[2m > [22mamber-dusk/workbuddy — authored tokens match manifest colors[32m 2[2mms[22m[39m
 [32m✓[39m [30m[42m visual-regression [49m[39m tests/visual-regression/theme-token-consistency.test.ts[2m > [22mmanifest-color ↔ CSS-token consistency[2m > [22mamber-dusk/doubao — authored tokens match manifest colors[32m 2[2mms[22m[39m
 [32m✓[39m [30m[42m visual-regression [49m[39m tests/visual-regression/theme-token-consistency.test.ts[2m > [22mmanifest-color ↔ CSS-token consistency[2m > [22mamber-dusk/codex — authored tokens match manifest colors[32m 2[2mms[22m[39m
 [32m✓[39m [30m[42m visual-regression [49m[39m tests/visual-regression/theme-token-consistency.test.ts[2m > [22mmanifest-color ↔ CSS-token consistency[2m > [22mamber-dusk/zcode — authored tokens match manifest colors[32m 2[2mms[22m[39m
 [32m✓[39m [30m[42m visual-regression [49m[39m tests/visual-regression/theme-token-consistency.test.ts[2m > [22mmanifest-color ↔ CSS-token consistency[2m > [22maurora-violet/traework — authored tokens match manifest colors[32m 3[2mms[22m[39m
 [32m✓[39m [30m[42m visual-regression [49m[39m tests/visual-regression/theme-token-consistency.test.ts[2m > [22mmanifest-color ↔ CSS-token consistency[2m > [22maurora-violet/qoderwork — authored tokens match manifest colors[32m 2[2mms[22m[39m
 [32m✓[39m [30m[42m visual-regression [49m[39m tests/visual-regression/theme-token-consistency.test.ts[2m > [22mmanifest-color ↔ CSS-token consistency[2m > [22maurora-violet/workbuddy — authored tokens match manifest colors[32m 2[2mms[22m[39m
 [32m✓[39m [30m[42m visual-regression [49m[39m tests/visual-regression/theme-token-consistency.test.ts[2m > [22mmanifest-color ↔ CSS-token consistency[2m > [22maurora-violet/doubao — authored tokens match manifest colors[32m 1[2mms[22m[39m
 [32m✓[39m [30m[42m visual-regression [49m[39m tests/visual-regression/theme-token-consistency.test.ts[2m > [22mmanifest-color ↔ CSS-token consistency[2m > [22maurora-violet/codex — authored tokens match manifest colors[32m 1[2mms[22m[39m
 [32m✓[39m [30m[42m visual-regression [49m[39m tests/visual-regression/theme-token-consistency.test.ts[2m > [22mmanifest-color ↔ CSS-token consistency[2m > [22maurora-violet/zcode — authored tokens match manifest colors[32m 1[2mms[22m[39m
 [32m✓[39m [30m[42m visual-regression [49m[39m tests/visual-regression/theme-token-consistency.test.ts[2m > [22mmanifest-color ↔ CSS-token consistency[2m > [22mbamboo-mist/traework — authored tokens match manifest colors[32m 10[2mms[22m[39m
 [32m✓[39m [30m[42m visual-regression [49m[39m tests/visual-regression/theme-token-consistency.test.ts[2m > [22mmanifest-color ↔ CSS-token consistency[2m > [22mbamboo-mist/qoderwork — authored tokens match manifest colors[32m 2[2mms[22m[39m
 [32m✓[39m [30m[42m visual-regression [49m[39m tests/visual-regression/theme-token-consistency.test.ts[2m > [22mmanifest-color ↔ CSS-token consistency[2m > [22mbamboo-mist/workbuddy — authored tokens match manifest colors[32m 1[2mms[22m[39m
 [32m✓[39m [30m[42m visual-regression [49m[39m tests/visual-regression/theme-token-consistency.test.ts[2m > [22mmanifest-color ↔ CSS-token consistency[2m > [22mbamboo-mist/doubao — authored tokens match manifest colors[32m 1[2mms[22m[39m
 [32m✓[39m [30m[42m visual-regression [49m[39m tests/visual-regression/theme-token-consistency.test.ts[2m > [22mmanifest-color ↔ CSS-token consistency[2m > [22mbamboo-mist/codex — authored tokens match manifest colors[32m 1[2mms[22m[39m
 [32m✓[39m [30m[42m visual-regression [49m[39m tests/visual-regression/theme-token-consistency.test.ts[2m > [22mmanifest-color ↔ CSS-token consistency[2m > [22mbamboo-mist/zcode — authored tokens match manifest colors[32m 1[2mms[22m[39m
 [32m✓[39m [30m[42m visual-regression [49m[39m tests/visual-regression/theme-token-consistency.test.ts[2m > [22mmanifest-color ↔ CSS-token consistency[2m > [22mcyber-rose/traework — authored tokens match manifest colors[32m 1[2mms[22m[39m
 [32m✓[39m [30m[42m visual-regression [49m[39m tests/visual-regression/theme-token-consistency.test.ts[2m > [22mmanifest-color ↔ CSS-token consistency[2m > [22mcyber-rose/qoderwork — authored tokens match manifest colors[32m 3[2mms[22m[39m
 [32m✓[39m [30m[42m visual-regression [49m[39m tests/visual-regression/theme-token-consistency.test.ts[2m > [22mmanifest-color ↔ CSS-token consistency[2m > [22mcyber-rose/workbuddy — authored tokens match manifest colors[32m 3[2mms[22m[39m
 [32m✓[39m [30m[42m visual-regression [49m[39m tests/visual-regression/theme-token-consistency.test.ts[2m > [22mmanifest-color ↔ CSS-token consistency[2m > [22mcyber-rose/doubao — authored tokens match manifest colors[32m 2[2mms[22m[39m
 [32m✓[39m [30m[42m visual-regression [49m[39m tests/visual-regression/theme-token-consistency.test.ts[2m > [22mmanifest-color ↔ CSS-token consistency[2m > [22mcyber-rose/codex — authored tokens match manifest colors[32m 1[2mms[22m[39m
 [32m✓[39m [30m[42m visual-regression [49m[39m tests/visual-regression/theme-token-consistency.test.ts[2m > [22mmanifest-color ↔ CSS-token consistency[2m > [22mcyber-rose/zcode — authored tokens match manifest colors[32m 1[2mms[22m[39m
 [32m✓[39m [30m[42m visual-regression [49m[39m tests/visual-regression/theme-token-consistency.test.ts[2m > [22mmanifest-color ↔ CSS-token consistency[2m > [22mdeepspace-nebula/traework — authored tokens match manifest colors[32m 1[2mms[22m[39m
 [32m✓[39m [30m[42m visual-regression [49m[39m tests/visual-regression/theme-token-consistency.test.ts[2m > [22mmanifest-color ↔ CSS-token consistency[2m > [22mdeepspace-nebula/qoderwork — authored tokens match manifest colors[32m 2[2mms[22m[39m
 [32m✓[39m [30m[42m visual-regression [49m[39m tests/visual-regression/theme-token-consistency.test.ts[2m > [22mmanifest-color ↔ CSS-token consistency[2m > [22mdeepspace-nebula/workbuddy — authored tokens match manifest colors[32m 1[2mms[22m[39m
 [32m✓[39m [30m[42m visual-regression [49m[39m tests/visual-regression/theme-token-consistency.test.ts[2m > [22mmanifest-color ↔ CSS-token consistency[2m > [22mdeepspace-nebula/doubao — authored tokens match manifest colors[32m 2[2mms[22m[39m
 [32m✓[39m [30m[42m visual-regression [49m[39m tests/visual-regression/theme-token-consistency.test.ts[2m > [22mmanifest-color ↔ CSS-token consistency[2m > [22mdeepspace-nebula/codex — authored tokens match manifest colors[32m 1[2mms[22m[39m
 [32m✓[39m [30m[42m visual-regression [49m[39m tests/visual-regression/theme-token-consistency.test.ts[2m > [22mmanifest-color ↔ CSS-token consistency[2m > [22mdeepspace-nebula/zcode — authored tokens match manifest colors[32m 1[2mms[22m[39m
 [32m✓[39m [30m[42m visual-regression [49m[39m tests/visual-regression/theme-token-consistency.test.ts[2m > [22mmanifest-color ↔ CSS-token consistency[2m > [22mforest-pine/traework — authored tokens match manifest colors[32m 1[2mms[22m[39m
 [32m✓[39m [30m[42m visual-regression [49m[39m tests/visual-regression/theme-token-consistency.test.ts[2m > [22mmanifest-color ↔ CSS-token consistency[2m > [22mforest-pine/qoderwork — authored tokens match manifest colors[32m 1[2mms[22m[39m
 [32m✓[39m [30m[42m visual-regression [49m[39m tests/visual-regression/theme-token-consistency.test.ts[2m > [22mmanifest-color ↔ CSS-token consistency[2m > [22mforest-pine/workbuddy — authored tokens match manifest colors[32m 1[2mms[22m[39m
 [32m✓[39m [30m[42m visual-regression [49m[39m tests/visual-regression/theme-token-consistency.test.ts[2m > [22mmanifest-color ↔ CSS-token consistency[2m > [22mforest-pine/doubao — authored tokens match manifest colors[32m 2[2mms[22m[39m
 [32m✓[39m [30m[42m visual-regression [49m[39m tests/visual-regression/theme-token-consistency.test.ts[2m > [22mmanifest-color ↔ CSS-token consistency[2m > [22mforest-pine/codex — authored tokens match manifest colors[32m 1[2mms[22m[39m
 [32m✓[39m [30m[42m visual-regression [49m[39m tests/visual-regression/theme-token-consistency.test.ts[2m > [22mmanifest-color ↔ CSS-token consistency[2m > [22mforest-pine/zcode — authored tokens match manifest colors[32m 8[2mms[22m[39m
 [32m✓[39m [30m[42m visual-regression [49m[39m tests/visual-regression/theme-token-consistency.test.ts[2m > [22mmanifest-color ↔ CSS-token consistency[2m > [22mglacier-white/traework — authored tokens match manifest colors[32m 1[2mms[22m[39m
 [32m✓[39m [30m[42m visual-regression [49m[39m tests/visual-regression/theme-token-consistency.test.ts[2m > [22mmanifest-color ↔ CSS-token consistency[2m > [22mglacier-white/qoderwork — authored tokens match manifest colors[32m 1[2mms[22m[39m
 [32m✓[39m [30m[42m visual-regression [49m[39m tests/visual-regression/theme-token-consistency.test.ts[2m > [22mmanifest-color ↔ CSS-token consistency[2m > [22mglacier-white/workbuddy — authored tokens match manifest colors[32m 1[2mms[22m[39m
 [32m✓[39m [30m[42m visual-regression [49m[39m tests/visual-regression/theme-token-consistency.test.ts[2m > [22mmanifest-color ↔ CSS-token consistency[2m > [22mglacier-white/doubao — authored tokens match manifest colors[32m 5[2mms[22m[39m
 [32m✓[39m [30m[42m visual-regression [49m[39m tests/visual-regression/theme-token-consistency.test.ts[2m > [22mmanifest-color ↔ CSS-token consistency[2m > [22mglacier-white/codex — authored tokens match manifest colors[32m 1[2mms[22m[39m
 [32m✓[39m [30m[42m visual-regression [49m[39m tests/visual-regression/theme-token-consistency.test.ts[2m > [22mmanifest-color ↔ CSS-token consistency[2m > [22mglacier-white/zcode — authored tokens match manifest colors[32m 1[2mms[22m[39m
 [32m✓[39m [30m[42m visual-regression [49m[39m tests/visual-regression/theme-token-consistency.test.ts[2m > [22mmanifest-color ↔ CSS-token consistency[2m > [22mgraphite-code/traework — authored tokens match manifest colors[32m 1[2mms[22m[39m
 [32m✓[39m [30m[42m visual-regression [49m[39m tests/visual-regression/theme-token-consistency.test.ts[2m > [22mmanifest-color ↔ CSS-token consistency[2m > [22mgraphite-code/qoderwork — authored tokens match manifest colors[32m 1[2mms[22m[39m
 [32m✓[39m [30m[42m visual-regression [49m[39m tests/visual-regression/theme-token-consistency.test.ts[2m > [22mmanifest-color ↔ CSS-token consistency[2m > [22mgraphite-code/workbuddy — authored tokens match manifest colors[32m 1[2mms[22m[39m
 [32m✓[39m [30m[42m visual-regression [49m[39m tests/visual-regression/theme-token-consistency.test.ts[2m > [22mmanifest-color ↔ CSS-token consistency[2m > [22mgraphite-code/doubao — authored tokens match manifest colors[32m 1[2mms[22m[39m
 [32m✓[39m [30m[42m visual-regression [49m[39m tests/visual-regression/theme-token-consistency.test.ts[2m > [22mmanifest-color ↔ CSS-token consistency[2m > [22mgraphite-code/codex — authored tokens match manifest colors[32m 1[2mms[22m[39m
 [32m✓[39m [30m[42m visual-regression [49m[39m tests/visual-regression/theme-token-consistency.test.ts[2m > [22mmanifest-color ↔ CSS-token consistency[2m > [22mgraphite-code/zcode — authored tokens match manifest colors[32m 1[2mms[22m[39m
 [32m✓[39m [30m[42m visual-regression [49m[39m tests/visual-regression/theme-token-consistency.test.ts[2m > [22mmanifest-color ↔ CSS-token consistency[2m > [22mmidnight-jazz/traework — authored tokens match manifest colors[32m 1[2mms[22m[39m
 [32m✓[39m [30m[42m visual-regression [49m[39m tests/visual-regression/theme-token-consistency.test.ts[2m > [22mmanifest-color ↔ CSS-token consistency[2m > [22mmidnight-jazz/qoderwork — authored tokens match manifest colors[32m 1[2mms[22m[39m
 [32m✓[39m [30m[42m visual-regression [49m[39m tests/visual-regression/theme-token-consistency.test.ts[2m > [22mmanifest-color ↔ CSS-token consistency[2m > [22mmidnight-jazz/workbuddy — authored tokens match manifest colors[32m 2[2mms[22m[39m
 [32m✓[39m [30m[42m visual-regression [49m[39m tests/visual-regression/theme-token-consistency.test.ts[2m > [22mmanifest-color ↔ CSS-token consistency[2m > [22mmidnight-jazz/doubao — authored tokens match manifest colors[32m 3[2mms[22m[39m
 [32m✓[39m [30m[42m visual-regression [49m[39m tests/visual-regression/theme-token-consistency.test.ts[2m > [22mmanifest-color ↔ CSS-token consistency[2m > [22mmidnight-jazz/codex — authored tokens match manifest colors[32m 1[2mms[22m[39m
 [32m✓[39m [30m[42m visual-regression [49m[39m tests/visual-regression/theme-token-consistency.test.ts[2m > [22mmanifest-color ↔ CSS-token consistency[2m > [22mmidnight-jazz/zcode — authored tokens match manifest colors[32m 1[2mms[22m[39m
 [32m✓[39m [30m[42m visual-regression [49m[39m tests/visual-regression/theme-token-consistency.test.ts[2m > [22mmanifest-color ↔ CSS-token consistency[2m > [22mnordic-minimal/traework — authored tokens match manifest colors[32m 1[2mms[22m[39m
 [32m✓[39m [30m[42m visual-regression [49m[39m tests/visual-regression/theme-token-consistency.test.ts[2m > [22mmanifest-color ↔ CSS-token consistency[2m > [22mnordic-minimal/qoderwork — authored tokens match manifest colors[32m 1[2mms[22m[39m
 [32m✓[39m [30m[42m visual-regression [49m[39m tests/visual-regression/theme-token-consistency.test.ts[2m > [22mmanifest-color ↔ CSS-token consistency[2m > [22mnordic-minimal/workbuddy — authored tokens match manifest colors[32m 1[2mms[22m[39m
 [32m✓[39m [30m[42m visual-regression [49m[39m tests/visual-regression/theme-token-consistency.test.ts[2m > [22mmanifest-color ↔ CSS-token consistency[2m > [22mnordic-minimal/doubao — authored tokens match manifest colors[32m 1[2mms[22m[39m
 [32m✓[39m [30m[42m visual-regression [49m[39m tests/visual-regression/theme-token-consistency.test.ts[2m > [22mmanifest-color ↔ CSS-token consistency[2m > [22mnordic-minimal/codex — authored tokens match manifest colors[32m 1[2mms[22m[39m
 [32m✓[39m [30m[42m visual-regression [49m[39m tests/visual-regression/theme-token-consistency.test.ts[2m > [22mmanifest-color ↔ CSS-token consistency[2m > [22mnordic-minimal/zcode — authored tokens match manifest colors[32m 14[2mms[22m[39m
 [32m✓[39m [30m[42m visual-regression [49m[39m tests/visual-regression/theme-token-consistency.test.ts[2m > [22mmanifest-color ↔ CSS-token consistency[2m > [22mocean-tide/traework — authored tokens match manifest colors[32m 1[2mms[22m[39m
 [32m✓[39m [30m[42m visual-regression [49m[39m tests/visual-regression/theme-token-consistency.test.ts[2m > [22mmanifest-color ↔ CSS-token consistency[2m > [22mocean-tide/qoderwork — authored tokens match manifest colors[32m 1[2mms[22m[39m
 [32m✓[39m [30m[42m visual-regression [49m[39m tests/visual-regression/theme-token-consistency.test.ts[2m > [22mmanifest-color ↔ CSS-token consistency[2m > [22mocean-tide/workbuddy — authored tokens match manifest colors[32m 1[2mms[22m[39m
 [32m✓[39m [30m[42m visual-regression [49m[39m tests/visual-regression/theme-token-consistency.test.ts[2m > [22mmanifest-color ↔ CSS-token consistency[2m > [22mocean-tide/doubao — authored tokens match manifest colors[32m 1[2mms[22m[39m
 [32m✓[39m [30m[42m visual-regression [49m[39m tests/visual-regression/theme-token-consistency.test.ts[2m > [22mmanifest-color ↔ CSS-token consistency[2m > [22mocean-tide/codex — authored tokens match manifest colors[32m 1[2mms[22m[39m
 [32m✓[39m [30m[42m visual-regression [49m[39m tests/visual-regression/theme-token-consistency.test.ts[2m > [22mmanifest-color ↔ CSS-token consistency[2m > [22mocean-tide/zcode — authored tokens match manifest colors[32m 3[2mms[22m[39m
 [32m✓[39m [30m[42m visual-regression [49m[39m tests/visual-regression/theme-token-consistency.test.ts[2m > [22mmanifest-color ↔ CSS-token consistency[2m > [22mrose-quartz/traework — authored tokens match manifest colors[32m 1[2mms[22m[39m
 [32m✓[39m [30m[42m visual-regression [49m[39m tests/visual-regression/theme-token-consistency.test.ts[2m > [22mmanifest-color ↔ CSS-token consistency[2m > [22mrose-quartz/qoderwork — authored tokens match manifest colors[32m 1[2mms[22m[39m
 [32m✓[39m [30m[42m visual-regression [49m[39m tests/visual-regression/theme-token-consistency.test.ts[2m > [22mmanifest-color ↔ CSS-token consistency[2m > [22mrose-quartz/workbuddy — authored tokens match manifest colors[32m 1[2mms[22m[39m
 [32m✓[39m [30m[42m visual-regression [49m[39m tests/visual-regression/theme-token-consistency.test.ts[2m > [22mmanifest-color ↔ CSS-token consistency[2m > [22mrose-quartz/doubao — authored tokens match manifest colors[32m 1[2mms[22m[39m
 [32m✓[39m [30m[42m visual-regression [49m[39m tests/visual-regression/theme-token-consistency.test.ts[2m > [22mmanifest-color ↔ CSS-token consistency[2m > [22mrose-quartz/codex — authored tokens match manifest colors[32m 1[2mms[22m[39m
 [32m✓[39m [30m[42m visual-regression [49m[39m tests/visual-regression/theme-token-consistency.test.ts[2m > [22mmanifest-color ↔ CSS-token consistency[2m > [22mrose-quartz/zcode — authored tokens match manifest colors[32m 1[2mms[22m[39m
 [32m✓[39m [30m[42m visual-regression [49m[39m tests/visual-regression/theme-token-consistency.test.ts[2m > [22mmanifest-color ↔ CSS-token consistency[2m > [22msakura-noir/traework — authored tokens match manifest colors[32m 1[2mms[22m[39m
 [32m✓[39m [30m[42m visual-regression [49m[39m tests/visual-regression/theme-token-consistency.test.ts[2m > [22mmanifest-color ↔ CSS-token consistency[2m > [22msakura-noir/qoderwork — authored tokens match manifest colors[32m 1[2mms[22m[39m
 [32m✓[39m [30m[42m visual-regression [49m[39m tests/visual-regression/theme-token-consistency.test.ts[2m > [22mmanifest-color ↔ CSS-token consistency[2m > [22msakura-noir/workbuddy — authored tokens match manifest colors[32m 1[2mms[22m[39m
 [32m✓[39m [30m[42m visual-regression [49m[39m tests/visual-regression/theme-token-consistency.test.ts[2m > [22mmanifest-color ↔ CSS-token consistency[2m > [22msakura-noir/doubao — authored tokens match manifest colors[32m 1[2mms[22m[39m
 [32m✓[39m [30m[42m visual-regression [49m[39m tests/visual-regression/theme-token-consistency.test.ts[2m > [22mmanifest-color ↔ CSS-token consistency[2m > [22msakura-noir/codex — authored tokens match manifest colors[32m 1[2mms[22m[39m
 [32m✓[39m [30m[42m visual-regression [49m[39m tests/visual-regression/theme-token-consistency.test.ts[2m > [22mmanifest-color ↔ CSS-token consistency[2m > [22msakura-noir/zcode — authored tokens match manifest colors[32m 1[2mms[22m[39m
 [32m✓[39m [30m[42m visual-regression [49m[39m tests/visual-regression/theme-token-consistency.test.ts[2m > [22mmanifest-color ↔ CSS-token consistency[2m > [22msakura-pastel/traework — authored tokens match manifest colors[32m 1[2mms[22m[39m
 [32m✓[39m [30m[42m visual-regression [49m[39m tests/visual-regression/theme-token-consistency.test.ts[2m > [22mmanifest-color ↔ CSS-token consistency[2m > [22msakura-pastel/qoderwork — authored tokens match manifest colors[32m 1[2mms[22m[39m
 [32m✓[39m [30m[42m visual-regression [49m[39m tests/visual-regression/theme-token-consistency.test.ts[2m > [22mmanifest-color ↔ CSS-token consistency[2m > [22msakura-pastel/workbuddy — authored tokens match manifest colors[32m 1[2mms[22m[39m
 [32m✓[39m [30m[42m visual-regression [49m[39m tests/visual-regression/theme-token-consistency.test.ts[2m > [22mmanifest-color ↔ CSS-token consistency[2m > [22msakura-pastel/doubao — authored tokens match manifest colors[32m 1[2mms[22m[39m
 [32m✓[39m [30m[42m visual-regression [49m[39m tests/visual-regression/theme-token-consistency.test.ts[2m > [22mmanifest-color ↔ CSS-token consistency[2m > [22msakura-pastel/codex — authored tokens match manifest colors[32m 1[2mms[22m[39m
 [32m✓[39m [30m[42m visual-regression [49m[39m tests/visual-regression/theme-token-consistency.test.ts[2m > [22mmanifest-color ↔ CSS-token consistency[2m > [22msakura-pastel/zcode — authored tokens match manifest colors[32m 1[2mms[22m[39m
 [32m✓[39m [30m[42m visual-regression [49m[39m tests/visual-regression/theme-token-consistency.test.ts[2m > [22mmanifest-color ↔ CSS-token consistency[2m > [22mterminal-green/traework — authored tokens match manifest colors[32m 10[2mms[22m[39m
 [32m✓[39m [30m[42m visual-regression [49m[39m tests/visual-regression/theme-token-consistency.test.ts[2m > [22mmanifest-color ↔ CSS-token consistency[2m > [22mterminal-green/qoderwork — authored tokens match manifest colors[32m 2[2mms[22m[39m
 [32m✓[39m [30m[42m visual-regression [49m[39m tests/visual-regression/theme-token-consistency.test.ts[2m > [22mmanifest-color ↔ CSS-token consistency[2m > [22mterminal-green/workbuddy — authored tokens match manifest colors[32m 1[2mms[22m[39m
 [32m✓[39m [30m[42m visual-regression [49m[39m tests/visual-regression/theme-token-consistency.test.ts[2m > [22mmanifest-color ↔ CSS-token consistency[2m > [22mterminal-green/doubao — authored tokens match manifest colors[32m 1[2mms[22m[39m
 [32m✓[39m [30m[42m visual-regression [49m[39m tests/visual-regression/theme-token-consistency.test.ts[2m > [22mmanifest-color ↔ CSS-token consistency[2m > [22mterminal-green/codex — authored tokens match manifest colors[32m 1[2mms[22m[39m
 [32m✓[39m [30m[42m visual-regression [49m[39m tests/visual-regression/theme-token-consistency.test.ts[2m > [22mmanifest-color ↔ CSS-token consistency[2m > [22mterminal-green/zcode — authored tokens match manifest colors[32m 1[2mms[22m[39m
 [32m✓[39m [30m[42m visual-regression [49m[39m tests/visual-regression/theme-token-consistency.test.ts[2m > [22mcolor-scheme matches manifest mode[2m > [22mamber-dusk/traework — CSS color-scheme matches mode="dark"[32m 1[2mms[22m[39m
 [32m✓[39m [30m[42m visual-regression [49m[39m tests/visual-regression/theme-token-consistency.test.ts[2m > [22mcolor-scheme matches manifest mode[2m > [22mamber-dusk/qoderwork — CSS color-scheme matches mode="dark"[32m 0[2mms[22m[39m
 [32m✓[39m [30m[42m visual-regression [49m[39m tests/visual-regression/theme-token-consistency.test.ts[2m > [22mcolor-scheme matches manifest mode[2m > [22mamber-dusk/workbuddy — CSS color-scheme matches mode="dark"[32m 0[2mms[22m[39m
 [32m✓[39m [30m[42m visual-regression [49m[39m tests/visual-regression/theme-token-consistency.test.ts[2m > [22mcolor-scheme matches manifest mode[2m > [22mamber-dusk/doubao — CSS color-scheme matches mode="dark"[32m 1[2mms[22m[39m
 [32m✓[39m [30m[42m visual-regression [49m[39m tests/visual-regression/theme-token-consistency.test.ts[2m > [22mcolor-scheme matches manifest mode[2m > [22mamber-dusk/codex — CSS color-scheme matches mode="dark"[32m 0[2mms[22m[39m
 [32m✓[39m [30m[42m visual-regression [49m[39m tests/visual-regression/theme-token-consistency.test.ts[2m > [22mcolor-scheme matches manifest mode[2m > [22mamber-dusk/zcode — CSS color-scheme matches mode="dark"[32m 0[2mms[22m[39m
 [32m✓[39m [30m[42m visual-regression [49m[39m tests/visual-regression/theme-token-consistency.test.ts[2m > [22mcolor-scheme matches manifest mode[2m > [22maurora-violet/traework — CSS color-scheme matches mode="dark"[32m 0[2mms[22m[39m
 [32m✓[39m [30m[42m visual-regression [49m[39m tests/visual-regression/theme-token-consistency.test.ts[2m > [22mcolor-scheme matches manifest mode[2m > [22maurora-violet/qoderwork — CSS color-scheme matches mode="dark"[32m 0[2mms[22m[39m
 [32m✓[39m [30m[42m visual-regression [49m[39m tests/visual-regression/theme-token-consistency.test.ts[2m > [22mcolor-scheme matches manifest mode[2m > [22maurora-violet/workbuddy — CSS color-scheme matches mode="dark"[32m 1[2mms[22m[39m
 [32m✓[39m [30m[42m visual-regression [49m[39m tests/visual-regression/theme-token-consistency.test.ts[2m > [22mcolor-scheme matches manifest mode[2m > [22maurora-violet/doubao — CSS color-scheme matches mode="dark"[32m 1[2mms[22m[39m
 [32m✓[39m [30m[42m visual-regression [49m[39m tests/visual-regression/theme-token-consistency.test.ts[2m > [22mcolor-scheme matches manifest mode[2m > [22maurora-violet/codex — CSS color-scheme matches mode="dark"[32m 1[2mms[22m[39m
 [32m✓[39m [30m[42m visual-regression [49m[39m tests/visual-regression/theme-token-consistency.test.ts[2m > [22mcolor-scheme matches manifest mode[2m > [22maurora-violet/zcode — CSS color-scheme matches mode="dark"[32m 0[2mms[22m[39m
 [32m✓[39m [30m[42m visual-regression [49m[39m tests/visual-regression/theme-token-consistency.test.ts[2m > [22mcolor-scheme matches manifest mode[2m > [22mbamboo-mist/traework — CSS color-scheme matches mode="light"[32m 0[2mms[22m[39m
 [32m✓[39m [30m[42m visual-regression [49m[39m tests/visual-regression/theme-token-consistency.test.ts[2m > [22mcolor-scheme matches manifest mode[2m > [22mbamboo-mist/qoderwork — CSS color-scheme matches mode="light"[32m 0[2mms[22m[39m
 [32m✓[39m [30m[42m visual-regression [49m[39m tests/visual-regression/theme-token-consistency.test.ts[2m > [22mcolor-scheme matches manifest mode[2m > [22mbamboo-mist/workbuddy — CSS color-scheme matches mode="light"[32m 1[2mms[22m[39m
 [32m✓[39m [30m[42m visual-regression [49m[39m tests/visual-regression/theme-token-consistency.test.ts[2m > [22mcolor-scheme matches manifest mode[2m > [22mbamboo-mist/doubao — CSS color-scheme matches mode="light"[32m 1[2mms[22m[39m
 [32m✓[39m [30m[42m visual-regression [49m[39m tests/visual-regression/theme-token-consistency.test.ts[2m > [22mcolor-scheme matches manifest mode[2m > [22mbamboo-mist/codex — CSS color-scheme matches mode="light"[32m 1[2mms[22m[39m
 [32m✓[39m [30m[42m visual-regression [49m[39m tests/visual-regression/theme-token-consistency.test.ts[2m > [22mcolor-scheme matches manifest mode[2m > [22mbamboo-mist/zcode — CSS color-scheme matches mode="light"[32m 1[2mms[22m[39m
 [32m✓[39m [30m[42m visual-regression [49m[39m tests/visual-regression/theme-token-consistency.test.ts[2m > [22mcolor-scheme matches manifest mode[2m > [22mcyber-rose/traework — CSS color-scheme matches mode="dark"[32m 0[2mms[22m[39m
 [32m✓[39m [30m[42m visual-regression [49m[39m tests/visual-regression/theme-token-consistency.test.ts[2m > [22mcolor-scheme matches manifest mode[2m > [22mcyber-rose/qoderwork — CSS color-scheme matches mode="dark"[32m 0[2mms[22m[39m
 [32m✓[39m [30m[42m visual-regression [49m[39m tests/visual-regression/theme-token-consistency.test.ts[2m > [22mcolor-scheme matches manifest mode[2m > [22mcyber-rose/workbuddy — CSS color-scheme matches mode="dark"[32m 0[2mms[22m[39m
 [32m✓[39m [30m[42m visual-regression [49m[39m tests/visual-regression/theme-token-consistency.test.ts[2m > [22mcolor-scheme matches manifest mode[2m > [22mcyber-rose/doubao — CSS color-scheme matches mode="dark"[32m 1[2mms[22m[39m
 [32m✓[39m [30m[42m visual-regression [49m[39m tests/visual-regression/theme-token-consistency.test.ts[2m > [22mcolor-scheme matches manifest mode[2m > [22mcyber-rose/codex — CSS color-scheme matches mode="dark"[32m 0[2mms[22m[39m
 [32m✓[39m [30m[42m visual-regression [49m[39m tests/visual-regression/theme-token-consistency.test.ts[2m > [22mcolor-scheme matches manifest mode[2m > [22mcyber-rose/zcode — CSS color-scheme matches mode="dark"[32m 0[2mms[22m[39m
 [32m✓[39m [30m[42m visual-regression [49m[39m tests/visual-regression/theme-token-consistency.test.ts[2m > [22mcolor-scheme matches manifest mode[2m > [22mdeepspace-nebula/traework — CSS color-scheme matches mode="dark"[32m 1[2mms[22m[39m
 [32m✓[39m [30m[42m visual-regression [49m[39m tests/visual-regression/theme-token-consistency.test.ts[2m > [22mcolor-scheme matches manifest mode[2m > [22mdeepspace-nebula/qoderwork — CSS color-scheme matches mode="dark"[32m 1[2mms[22m[39m
 [32m✓[39m [30m[42m visual-regression [49m[39m tests/visual-regression/theme-token-consistency.test.ts[2m > [22mcolor-scheme matches manifest mode[2m > [22mdeepspace-nebula/workbuddy — CSS color-scheme matches mode="dark"[32m 1[2mms[22m[39m
 [32m✓[39m [30m[42m visual-regression [49m[39m tests/visual-regression/theme-token-consistency.test.ts[2m > [22mcolor-scheme matches manifest mode[2m > [22mdeepspace-nebula/doubao — CSS color-scheme matches mode="dark"[32m 1[2mms[22m[39m
 [32m✓[39m [30m[42m visual-regression [49m[39m tests/visual-regression/theme-token-consistency.test.ts[2m > [22mcolor-scheme matches manifest mode[2m > [22mdeepspace-nebula/codex — CSS color-scheme matches mode="dark"[32m 0[2mms[22m[39m
 [32m✓[39m [30m[42m visual-regression [49m[39m tests/visual-regression/theme-token-consistency.test.ts[2m > [22mcolor-scheme matches manifest mode[2m > [22mdeepspace-nebula/zcode — CSS color-scheme matches mode="dark"[32m 0[2mms[22m[39m
 [32m✓[39m [30m[42m visual-regression [49m[39m tests/visual-regression/theme-token-consistency.test.ts[2m > [22mcolor-scheme matches manifest mode[2m > [22mforest-pine/traework — CSS color-scheme matches mode="dark"[32m 0[2mms[22m[39m
 [32m✓[39m [30m[42m visual-regression [49m[39m tests/visual-regression/theme-token-consistency.test.ts[2m > [22mcolor-scheme matches manifest mode[2m > [22mforest-pine/qoderwork — CSS color-scheme matches mode="dark"[32m 0[2mms[22m[39m
 [32m✓[39m [30m[42m visual-regression [49m[39m tests/visual-regression/theme-token-consistency.test.ts[2m > [22mcolor-scheme matches manifest mode[2m > [22mforest-pine/workbuddy — CSS color-scheme matches mode="dark"[32m 0[2mms[22m[39m
 [32m✓[39m [30m[42m visual-regression [49m[39m tests/visual-regression/theme-token-consistency.test.ts[2m > [22mcolor-scheme matches manifest mode[2m > [22mforest-pine/doubao — CSS color-scheme matches mode="dark"[32m 1[2mms[22m[39m
 [32m✓[39m [30m[42m visual-regression [49m[39m tests/visual-regression/theme-token-consistency.test.ts[2m > [22mcolor-scheme matches manifest mode[2m > [22mforest-pine/codex — CSS color-scheme matches mode="dark"[32m 1[2mms[22m[39m
 [32m✓[39m [30m[42m visual-regression [49m[39m tests/visual-regression/theme-token-consistency.test.ts[2m > [22mcolor-scheme matches manifest mode[2m > [22mforest-pine/zcode — CSS color-scheme matches mode="dark"[32m 1[2mms[22m[39m
 [32m✓[39m [30m[42m visual-regression [49m[39m tests/visual-regression/theme-token-consistency.test.ts[2m > [22mcolor-scheme matches manifest mode[2m > [22mglacier-white/traework — CSS color-scheme matches mode="light"[32m 1[2mms[22m[39m
 [32m✓[39m [30m[42m visual-regression [49m[39m tests/visual-regression/theme-token-consistency.test.ts[2m > [22mcolor-scheme matches manifest mode[2m > [22mglacier-white/qoderwork — CSS color-scheme matches mode="light"[32m 1[2mms[22m[39m
 [32m✓[39m [30m[42m visual-regression [49m[39m tests/visual-regression/theme-token-consistency.test.ts[2m > [22mcolor-scheme matches manifest mode[2m > [22mglacier-white/workbuddy — CSS color-scheme matches mode="light"[32m 0[2mms[22m[39m
 [32m✓[39m [30m[42m visual-regression [49m[39m tests/visual-regression/theme-token-consistency.test.ts[2m > [22mcolor-scheme matches manifest mode[2m > [22mglacier-white/doubao — CSS color-scheme matches mode="light"[32m 1[2mms[22m[39m
 [32m✓[39m [30m[42m visual-regression [49m[39m tests/visual-regression/theme-token-consistency.test.ts[2m > [22mcolor-scheme matches manifest mode[2m > [22mglacier-white/codex — CSS color-scheme matches mode="light"[32m 0[2mms[22m[39m
 [32m✓[39m [30m[42m visual-regression [49m[39m tests/visual-regression/theme-token-consistency.test.ts[2m > [22mcolor-scheme matches manifest mode[2m > [22mglacier-white/zcode — CSS color-scheme matches mode="light"[32m 1[2mms[22m[39m
 [32m✓[39m [30m[42m visual-regression [49m[39m tests/visual-regression/theme-token-consistency.test.ts[2m > [22mcolor-scheme matches manifest mode[2m > [22mgraphite-code/traework — CSS color-scheme matches mode="light"[32m 1[2mms[22m[39m
 [32m✓[39m [30m[42m visual-regression [49m[39m tests/visual-regression/theme-token-consistency.test.ts[2m > [22mcolor-scheme matches manifest mode[2m > [22mgraphite-code/qoderwork — CSS color-scheme matches mode="light"[32m 0[2mms[22m[39m
 [32m✓[39m [30m[42m visual-regression [49m[39m tests/visual-regression/theme-token-consistency.test.ts[2m > [22mcolor-scheme matches manifest mode[2m > [22mgraphite-code/workbuddy — CSS color-scheme matches mode="light"[32m 1[2mms[22m[39m
 [32m✓[39m [30m[42m visual-regression [49m[39m tests/visual-regression/theme-token-consistency.test.ts[2m > [22mcolor-scheme matches manifest mode[2m > [22mgraphite-code/doubao — CSS color-scheme matches mode="light"[32m 1[2mms[22m[39m
 [32m✓[39m [30m[42m visual-regression [49m[39m tests/visual-regression/theme-token-consistency.test.ts[2m > [22mcolor-scheme matches manifest mode[2m > [22mgraphite-code/codex — CSS color-scheme matches mode="light"[32m 1[2mms[22m[39m
 [32m✓[39m [30m[42m visual-regression [49m[39m tests/visual-regression/theme-token-consistency.test.ts[2m > [22mcolor-scheme matches manifest mode[2m > [22mgraphite-code/zcode — CSS color-scheme matches mode="light"[32m 8[2mms[22m[39m
 [32m✓[39m [30m[42m visual-regression [49m[39m tests/visual-regression/theme-token-consistency.test.ts[2m > [22mcolor-scheme matches manifest mode[2m > [22mmidnight-jazz/traework — CSS color-scheme matches mode="dark"[32m 1[2mms[22m[39m
 [32m✓[39m [30m[42m visual-regression [49m[39m tests/visual-regression/theme-token-consistency.test.ts[2m > [22mcolor-scheme matches manifest mode[2m > [22mmidnight-jazz/qoderwork — CSS color-scheme matches mode="dark"[32m 1[2mms[22m[39m
 [32m✓[39m [30m[42m visual-regression [49m[39m tests/visual-regression/theme-token-consistency.test.ts[2m > [22mcolor-scheme matches manifest mode[2m > [22mmidnight-jazz/workbuddy — CSS color-scheme matches mode="dark"[32m 1[2mms[22m[39m
 [32m✓[39m [30m[42m visual-regression [49m[39m tests/visual-regression/theme-token-consistency.test.ts[2m > [22mcolor-scheme matches manifest mode[2m > [22mmidnight-jazz/doubao — CSS color-scheme matches mode="dark"[32m 1[2mms[22m[39m
 [32m✓[39m [30m[42m visual-regression [49m[39m tests/visual-regression/theme-token-consistency.test.ts[2m > [22mcolor-scheme matches manifest mode[2m > [22mmidnight-jazz/codex — CSS color-scheme matches mode="dark"[32m 0[2mms[22m[39m
 [32m✓[39m [30m[42m visual-regression [49m[39m tests/visual-regression/theme-token-consistency.test.ts[2m > [22mcolor-scheme matches manifest mode[2m > [22mmidnight-jazz/zcode — CSS color-scheme matches mode="dark"[32m 0[2mms[22m[39m
 [32m✓[39m [30m[42m visual-regression [49m[39m tests/visual-regression/theme-token-consistency.test.ts[2m > [22mcolor-scheme matches manifest mode[2m > [22mnordic-minimal/traework — CSS color-scheme matches mode="dark"[32m 1[2mms[22m[39m
 [32m✓[39m [30m[42m visual-regression [49m[39m tests/visual-regression/theme-token-consistency.test.ts[2m > [22mcolor-scheme matches manifest mode[2m > [22mnordic-minimal/qoderwork — CSS color-scheme matches mode="dark"[32m 0[2mms[22m[39m
 [32m✓[39m [30m[42m visual-regression [49m[39m tests/visual-regression/theme-token-consistency.test.ts[2m > [22mcolor-scheme matches manifest mode[2m > [22mnordic-minimal/workbuddy — CSS color-scheme matches mode="dark"[32m 0[2mms[22m[39m
 [32m✓[39m [30m[42m visual-regression [49m[39m tests/visual-regression/theme-token-consistency.test.ts[2m > [22mcolor-scheme matches manifest mode[2m > [22mnordic-minimal/doubao — CSS color-scheme matches mode="dark"[32m 2[2mms[22m[39m
 [32m✓[39m [30m[42m visual-regression [49m[39m tests/visual-regression/theme-token-consistency.test.ts[2m > [22mcolor-scheme matches manifest mode[2m > [22mnordic-minimal/codex — CSS color-scheme matches mode="dark"[32m 1[2mms[22m[39m
 [32m✓[39m [30m[42m visual-regression [49m[39m tests/visual-regression/theme-token-consistency.test.ts[2m > [22mcolor-scheme matches manifest mode[2m > [22mnordic-minimal/zcode — CSS color-scheme matches mode="dark"[32m 1[2mms[22m[39m
 [32m✓[39m [30m[42m visual-regression [49m[39m tests/visual-regression/theme-token-consistency.test.ts[2m > [22mcolor-scheme matches manifest mode[2m > [22mocean-tide/traework — CSS color-scheme matches mode="dark"[32m 1[2mms[22m[39m
 [32m✓[39m [30m[42m visual-regression [49m[39m tests/visual-regression/theme-token-consistency.test.ts[2m > [22mcolor-scheme matches manifest mode[2m > [22mocean-tide/qoderwork — CSS color-scheme matches mode="dark"[32m 1[2mms[22m[39m
 [32m✓[39m [30m[42m visual-regression [49m[39m tests/visual-regression/theme-token-consistency.test.ts[2m > [22mcolor-scheme matches manifest mode[2m > [22mocean-tide/workbuddy — CSS color-scheme matches mode="dark"[32m 1[2mms[22m[39m
 [32m✓[39m [30m[42m visual-regression [49m[39m tests/visual-regression/theme-token-consistency.test.ts[2m > [22mcolor-scheme matches manifest mode[2m > [22mocean-tide/doubao — CSS color-scheme matches mode="dark"[32m 1[2mms[22m[39m
 [32m✓[39m [30m[42m visual-regression [49m[39m tests/visual-regression/theme-token-consistency.test.ts[2m > [22mcolor-scheme matches manifest mode[2m > [22mocean-tide/codex — CSS color-scheme matches mode="dark"[32m 1[2mms[22m[39m
 [32m✓[39m [30m[42m visual-regression [49m[39m tests/visual-regression/theme-token-consistency.test.ts[2m > [22mcolor-scheme matches manifest mode[2m > [22mocean-tide/zcode — CSS color-scheme matches mode="dark"[32m 1[2mms[22m[39m
 [32m✓[39m [30m[42m visual-regression [49m[39m tests/visual-regression/theme-token-consistency.test.ts[2m > [22mcolor-scheme matches manifest mode[2m > [22mrose-quartz/traework — CSS color-scheme matches mode="light"[32m 1[2mms[22m[39m
 [32m✓[39m [30m[42m visual-regression [49m[39m tests/visual-regression/theme-token-consistency.test.ts[2m > [22mcolor-scheme matches manifest mode[2m > [22mrose-quartz/qoderwork — CSS color-scheme matches mode="light"[32m 0[2mms[22m[39m
 [32m✓[39m [30m[42m visual-regression [49m[39m tests/visual-regression/theme-token-consistency.test.ts[2m > [22mcolor-scheme matches manifest mode[2m > [22mrose-quartz/workbuddy — CSS color-scheme matches mode="light"[32m 0[2mms[22m[39m
 [32m✓[39m [30m[42m visual-regression [49m[39m tests/visual-regression/theme-token-consistency.test.ts[2m > [22mcolor-scheme matches manifest mode[2m > [22mrose-quartz/doubao — CSS color-scheme matches mode="light"[32m 1[2mms[22m[39m
 [32m✓[39m [30m[42m visual-regression [49m[39m tests/visual-regression/theme-token-consistency.test.ts[2m > [22mcolor-scheme matches manifest mode[2m > [22mrose-quartz/codex — CSS color-scheme matches mode="light"[32m 0[2mms[22m[39m
 [32m✓[39m [30m[42m visual-regression [49m[39m tests/visual-regression/theme-token-consistency.test.ts[2m > [22mcolor-scheme matches manifest mode[2m > [22mrose-quartz/zcode — CSS color-scheme matches mode="light"[32m 0[2mms[22m[39m
 [32m✓[39m [30m[42m visual-regression [49m[39m tests/visual-regression/theme-token-consistency.test.ts[2m > [22mcolor-scheme matches manifest mode[2m > [22msakura-noir/traework — CSS color-scheme matches mode="dark"[32m 0[2mms[22m[39m
 [32m✓[39m [30m[42m visual-regression [49m[39m tests/visual-regression/theme-token-consistency.test.ts[2m > [22mcolor-scheme matches manifest mode[2m > [22msakura-noir/qoderwork — CSS color-scheme matches mode="dark"[32m 0[2mms[22m[39m
 [32m✓[39m [30m[42m visual-regression [49m[39m tests/visual-regression/theme-token-consistency.test.ts[2m > [22mcolor-scheme matches manifest mode[2m > [22msakura-noir/workbuddy — CSS color-scheme matches mode="dark"[32m 0[2mms[22m[39m
 [32m✓[39m [30m[42m visual-regression [49m[39m tests/visual-regression/theme-token-consistency.test.ts[2m > [22mcolor-scheme matches manifest mode[2m > [22msakura-noir/doubao — CSS color-scheme matches mode="dark"[32m 1[2mms[22m[39m
 [32m✓[39m [30m[42m visual-regression [49m[39m tests/visual-regression/theme-token-consistency.test.ts[2m > [22mcolor-scheme matches manifest mode[2m > [22msakura-noir/codex — CSS color-scheme matches mode="dark"[32m 0[2mms[22m[39m
 [32m✓[39m [30m[42m visual-regression [49m[39m tests/visual-regression/theme-token-consistency.test.ts[2m > [22mcolor-scheme matches manifest mode[2m > [22msakura-noir/zcode — CSS color-scheme matches mode="dark"[32m 0[2mms[22m[39m
 [32m✓[39m [30m[42m visual-regression [49m[39m tests/visual-regression/theme-token-consistency.test.ts[2m > [22mcolor-scheme matches manifest mode[2m > [22msakura-pastel/traework — CSS color-scheme matches mode="light"[32m 0[2mms[22m[39m
 [32m✓[39m [30m[42m visual-regression [49m[39m tests/visual-regression/theme-token-consistency.test.ts[2m > [22mcolor-scheme matches manifest mode[2m > [22msakura-pastel/qoderwork — CSS color-scheme matches mode="light"[32m 0[2mms[22m[39m
 [32m✓[39m [30m[42m visual-regression [49m[39m tests/visual-regression/theme-token-consistency.test.ts[2m > [22mcolor-scheme matches manifest mode[2m > [22msakura-pastel/workbuddy — CSS color-scheme matches mode="light"[32m 0[2mms[22m[39m
 [32m✓[39m [30m[42m visual-regression [49m[39m tests/visual-regression/theme-token-consistency.test.ts[2m > [22mcolor-scheme matches manifest mode[2m > [22msakura-pastel/doubao — CSS color-scheme matches mode="light"[32m 1[2mms[22m[39m
 [32m✓[39m [30m[42m visual-regression [49m[39m tests/visual-regression/theme-token-consistency.test.ts[2m > [22mcolor-scheme matches manifest mode[2m > [22msakura-pastel/codex — CSS color-scheme matches mode="light"[32m 0[2mms[22m[39m
 [32m✓[39m [30m[42m visual-regression [49m[39m tests/visual-regression/theme-token-consistency.test.ts[2m > [22mcolor-scheme matches manifest mode[2m > [22msakura-pastel/zcode — CSS color-scheme matches mode="light"[32m 1[2mms[22m[39m
 [32m✓[39m [30m[42m visual-regression [49m[39m tests/visual-regression/theme-token-consistency.test.ts[2m > [22mcolor-scheme matches manifest mode[2m > [22mterminal-green/traework — CSS color-scheme matches mode="dark"[32m 1[2mms[22m[39m
 [32m✓[39m [30m[42m visual-regression [49m[39m tests/visual-regression/theme-token-consistency.test.ts[2m > [22mcolor-scheme matches manifest mode[2m > [22mterminal-green/qoderwork — CSS color-scheme matches mode="dark"[32m 0[2mms[22m[39m
 [32m✓[39m [30m[42m visual-regression [49m[39m tests/visual-regression/theme-token-consistency.test.ts[2m > [22mcolor-scheme matches manifest mode[2m > [22mterminal-green/workbuddy — CSS color-scheme matches mode="dark"[32m 0[2mms[22m[39m
 [32m✓[39m [30m[42m visual-regression [49m[39m tests/visual-regression/theme-token-consistency.test.ts[2m > [22mcolor-scheme matches manifest mode[2m > [22mterminal-green/doubao — CSS color-scheme matches mode="dark"[32m 1[2mms[22m[39m
 [32m✓[39m [30m[42m visual-regression [49m[39m tests/visual-regression/theme-token-consistency.test.ts[2m > [22mcolor-scheme matches manifest mode[2m > [22mterminal-green/codex — CSS color-scheme matches mode="dark"[32m 1[2mms[22m[39m
 [32m✓[39m [30m[42m visual-regression [49m[39m tests/visual-regression/theme-token-consistency.test.ts[2m > [22mcolor-scheme matches manifest mode[2m > [22mterminal-green/zcode — CSS color-scheme matches mode="dark"[32m 1[2mms[22m[39m
 [32m✓[39m [30m[42m visual-regression [49m[39m tests/visual-regression/theme-token-consistency.test.ts[2m > [22mluminance hierarchy[2m > [22mamber-dusk — surface clearly distinct from bg[32m 1[2mms[22m[39m
 [32m✓[39m [30m[42m visual-regression [49m[39m tests/visual-regression/theme-token-consistency.test.ts[2m > [22mluminance hierarchy[2m > [22maurora-violet — surface clearly distinct from bg[32m 0[2mms[22m[39m
 [32m✓[39m [30m[42m visual-regression [49m[39m tests/visual-regression/theme-token-consistency.test.ts[2m > [22mluminance hierarchy[2m > [22mbamboo-mist — surface clearly distinct from bg[32m 0[2mms[22m[39m
 [32m✓[39m [30m[42m visual-regression [49m[39m tests/visual-regression/theme-token-consistency.test.ts[2m > [22mluminance hierarchy[2m > [22mcyber-rose — surface clearly distinct from bg[32m 0[2mms[22m[39m
 [32m✓[39m [30m[42m visual-regression [49m[39m tests/visual-regression/theme-token-consistency.test.ts[2m > [22mluminance hierarchy[2m > [22mdeepspace-nebula — surface clearly distinct from bg[32m 0[2mms[22m[39m
 [32m✓[39m [30m[42m visual-regression [49m[39m tests/visual-regression/theme-token-consistency.test.ts[2m > [22mluminance hierarchy[2m > [22mforest-pine — surface clearly distinct from bg[32m 0[2mms[22m[39m
 [32m✓[39m [30m[42m visual-regression [49m[39m tests/visual-regression/theme-token-consistency.test.ts[2m > [22mluminance hierarchy[2m > [22mglacier-white — surface clearly distinct from bg[32m 0[2mms[22m[39m
 [32m✓[39m [30m[42m visual-regression [49m[39m tests/visual-regression/theme-token-consistency.test.ts[2m > [22mluminance hierarchy[2m > [22mgraphite-code — surface clearly distinct from bg[32m 0[2mms[22m[39m
 [32m✓[39m [30m[42m visual-regression [49m[39m tests/visual-regression/theme-token-consistency.test.ts[2m > [22mluminance hierarchy[2m > [22mmidnight-jazz — surface clearly distinct from bg[32m 0[2mms[22m[39m
 [32m✓[39m [30m[42m visual-regression [49m[39m tests/visual-regression/theme-token-consistency.test.ts[2m > [22mluminance hierarchy[2m > [22mnordic-minimal — surface clearly distinct from bg[32m 0[2mms[22m[39m
 [32m✓[39m [30m[42m visual-regression [49m[39m tests/visual-regression/theme-token-consistency.test.ts[2m > [22mluminance hierarchy[2m > [22mocean-tide — surface clearly distinct from bg[32m 0[2mms[22m[39m
 [32m✓[39m [30m[42m visual-regression [49m[39m tests/visual-regression/theme-token-consistency.test.ts[2m > [22mluminance hierarchy[2m > [22mrose-quartz — surface clearly distinct from bg[32m 0[2mms[22m[39m
 [32m✓[39m [30m[42m visual-regression [49m[39m tests/visual-regression/theme-token-consistency.test.ts[2m > [22mluminance hierarchy[2m > [22msakura-noir — surface clearly distinct from bg[32m 0[2mms[22m[39m
 [32m✓[39m [30m[42m visual-regression [49m[39m tests/visual-regression/theme-token-consistency.test.ts[2m > [22mluminance hierarchy[2m > [22msakura-pastel — surface clearly distinct from bg[32m 0[2mms[22m[39m
 [32m✓[39m [30m[42m visual-regression [49m[39m tests/visual-regression/theme-token-consistency.test.ts[2m > [22mluminance hierarchy[2m > [22mterminal-green — surface clearly distinct from bg[32m 0[2mms[22m[39m
 [32m✓[39m [30m[42m visual-regression [49m[39m tests/visual-regression/theme-token-consistency.test.ts[2m > [22mWCAG AA contrast compliance[2m > [22mamber-dusk/traework — passes WCAG AA[32m 3[2mms[22m[39m
 [32m✓[39m [30m[42m visual-regression [49m[39m tests/visual-regression/theme-token-consistency.test.ts[2m > [22mWCAG AA contrast compliance[2m > [22mamber-dusk/qoderwork — passes WCAG AA[32m 1[2mms[22m[39m
 [32m✓[39m [30m[42m visual-regression [49m[39m tests/visual-regression/theme-token-consistency.test.ts[2m > [22mWCAG AA contrast compliance[2m > [22mamber-dusk/workbuddy — passes WCAG AA[32m 1[2mms[22m[39m
 [32m✓[39m [30m[42m visual-regression [49m[39m tests/visual-regression/theme-token-consistency.test.ts[2m > [22mWCAG AA contrast compliance[2m > [22mamber-dusk/doubao — passes WCAG AA[32m 7[2mms[22m[39m
 [32m✓[39m [30m[42m visual-regression [49m[39m tests/visual-regression/theme-token-consistency.test.ts[2m > [22mWCAG AA contrast compliance[2m > [22mamber-dusk/codex — passes WCAG AA[32m 1[2mms[22m[39m
 [32m✓[39m [30m[42m visual-regression [49m[39m tests/visual-regression/theme-token-consistency.test.ts[2m > [22mWCAG AA contrast compliance[2m > [22mamber-dusk/zcode — passes WCAG AA[32m 3[2mms[22m[39m
 [32m✓[39m [30m[42m visual-regression [49m[39m tests/visual-regression/theme-token-consistency.test.ts[2m > [22mWCAG AA contrast compliance[2m > [22maurora-violet/traework — passes WCAG AA[32m 1[2mms[22m[39m
 [32m✓[39m [30m[42m visual-regression [49m[39m tests/visual-regression/theme-token-consistency.test.ts[2m > [22mWCAG AA contrast compliance[2m > [22maurora-violet/qoderwork — passes WCAG AA[32m 1[2mms[22m[39m
 [32m✓[39m [30m[42m visual-regression [49m[39m tests/visual-regression/theme-token-consistency.test.ts[2m > [22mWCAG AA contrast compliance[2m > [22maurora-violet/workbuddy — passes WCAG AA[32m 1[2mms[22m[39m
 [32m✓[39m [30m[42m visual-regression [49m[39m tests/visual-regression/theme-token-consistency.test.ts[2m > [22mWCAG AA contrast compliance[2m > [22maurora-violet/doubao — passes WCAG AA[32m 1[2mms[22m[39m
 [32m✓[39m [30m[42m visual-regression [49m[39m tests/visual-regression/theme-token-consistency.test.ts[2m > [22mWCAG AA contrast compliance[2m > [22maurora-violet/codex — passes WCAG AA[32m 1[2mms[22m[39m
 [32m✓[39m [30m[42m visual-regression [49m[39m tests/visual-regression/theme-token-consistency.test.ts[2m > [22mWCAG AA contrast compliance[2m > [22maurora-violet/zcode — passes WCAG AA[32m 1[2mms[22m[39m
 [32m✓[39m [30m[42m visual-regression [49m[39m tests/visual-regression/theme-token-consistency.test.ts[2m > [22mWCAG AA contrast compliance[2m > [22mbamboo-mist/traework — passes WCAG AA[32m 1[2mms[22m[39m
 [32m✓[39m [30m[42m visual-regression [49m[39m tests/visual-regression/theme-token-consistency.test.ts[2m > [22mWCAG AA contrast compliance[2m > [22mbamboo-mist/qoderwork — passes WCAG AA[32m 1[2mms[22m[39m
 [32m✓[39m [30m[42m visual-regression [49m[39m tests/visual-regression/theme-token-consistency.test.ts[2m > [22mWCAG AA contrast compliance[2m > [22mbamboo-mist/workbuddy — passes WCAG AA[32m 1[2mms[22m[39m
 [32m✓[39m [30m[42m visual-regression [49m[39m tests/visual-regression/theme-token-consistency.test.ts[2m > [22mWCAG AA contrast compliance[2m > [22mbamboo-mist/doubao — passes WCAG AA[32m 1[2mms[22m[39m
 [32m✓[39m [30m[42m visual-regression [49m[39m tests/visual-regression/theme-token-consistency.test.ts[2m > [22mWCAG AA contrast compliance[2m > [22mbamboo-mist/codex — passes WCAG AA[32m 1[2mms[22m[39m
 [32m✓[39m [30m[42m visual-regression [49m[39m tests/visual-regression/theme-token-consistency.test.ts[2m > [22mWCAG AA contrast compliance[2m > [22mbamboo-mist/zcode — passes WCAG AA[32m 1[2mms[22m[39m
 [32m✓[39m [30m[42m visual-regression [49m[39m tests/visual-regression/theme-token-consistency.test.ts[2m > [22mWCAG AA contrast compliance[2m > [22mcyber-rose/traework — passes WCAG AA[32m 1[2mms[22m[39m
 [32m✓[39m [30m[42m visual-regression [49m[39m tests/visual-regression/theme-token-consistency.test.ts[2m > [22mWCAG AA contrast compliance[2m > [22mcyber-rose/qoderwork — passes WCAG AA[32m 0[2mms[22m[39m
 [32m✓[39m [30m[42m visual-regression [49m[39m tests/visual-regression/theme-token-consistency.test.ts[2m > [22mWCAG AA contrast compliance[2m > [22mcyber-rose/workbuddy — passes WCAG AA[32m 1[2mms[22m[39m
 [32m✓[39m [30m[42m visual-regression [49m[39m tests/visual-regression/theme-token-consistency.test.ts[2m > [22mWCAG AA contrast compliance[2m > [22mcyber-rose/doubao — passes WCAG AA[32m 1[2mms[22m[39m
 [32m✓[39m [30m[42m visual-regression [49m[39m tests/visual-regression/theme-token-consistency.test.ts[2m > [22mWCAG AA contrast compliance[2m > [22mcyber-rose/codex — passes WCAG AA[32m 1[2mms[22m[39m
 [32m✓[39m [30m[42m visual-regression [49m[39m tests/visual-regression/theme-token-consistency.test.ts[2m > [22mWCAG AA contrast compliance[2m > [22mcyber-rose/zcode — passes WCAG AA[32m 1[2mms[22m[39m
 [32m✓[39m [30m[42m visual-regression [49m[39m tests/visual-regression/theme-token-consistency.test.ts[2m > [22mWCAG AA contrast compliance[2m > [22mdeepspace-nebula/traework — passes WCAG AA[32m 1[2mms[22m[39m
 [32m✓[39m [30m[42m visual-regression [49m[39m tests/visual-regression/theme-token-consistency.test.ts[2m > [22mWCAG AA contrast compliance[2m > [22mdeepspace-nebula/qoderwork — passes WCAG AA[32m 1[2mms[22m[39m
 [32m✓[39m [30m[42m visual-regression [49m[39m tests/visual-regression/theme-token-consistency.test.ts[2m > [22mWCAG AA contrast compliance[2m > [22mdeepspace-nebula/workbuddy — passes WCAG AA[32m 1[2mms[22m[39m
 [32m✓[39m [30m[42m visual-regression [49m[39m tests/visual-regression/theme-token-consistency.test.ts[2m > [22mWCAG AA contrast compliance[2m > [22mdeepspace-nebula/doubao — passes WCAG AA[32m 1[2mms[22m[39m
 [32m✓[39m [30m[42m visual-regression [49m[39m tests/visual-regression/theme-token-consistency.test.ts[2m > [22mWCAG AA contrast compliance[2m > [22mdeepspace-nebula/codex — passes WCAG AA[32m 1[2mms[22m[39m
 [32m✓[39m [30m[42m visual-regression [49m[39m tests/visual-regression/theme-token-consistency.test.ts[2m > [22mWCAG AA contrast compliance[2m > [22mdeepspace-nebula/zcode — passes WCAG AA[32m 1[2mms[22m[39m
 [32m✓[39m [30m[42m visual-regression [49m[39m tests/visual-regression/theme-token-consistency.test.ts[2m > [22mWCAG AA contrast compliance[2m > [22mforest-pine/traework — passes WCAG AA[32m 1[2mms[22m[39m
 [32m✓[39m [30m[42m visual-regression [49m[39m tests/visual-regression/theme-token-consistency.test.ts[2m > [22mWCAG AA contrast compliance[2m > [22mforest-pine/qoderwork — passes WCAG AA[32m 0[2mms[22m[39m
 [32m✓[39m [30m[42m visual-regression [49m[39m tests/visual-regression/theme-token-consistency.test.ts[2m > [22mWCAG AA contrast compliance[2m > [22mforest-pine/workbuddy — passes WCAG AA[32m 0[2mms[22m[39m
 [32m✓[39m [30m[42m visual-regression [49m[39m tests/visual-regression/theme-token-consistency.test.ts[2m > [22mWCAG AA contrast compliance[2m > [22mforest-pine/doubao — passes WCAG AA[32m 1[2mms[22m[39m
 [32m✓[39m [30m[42m visual-regression [49m[39m tests/visual-regression/theme-token-consistency.test.ts[2m > [22mWCAG AA contrast compliance[2m > [22mforest-pine/codex — passes WCAG AA[32m 1[2mms[22m[39m
 [32m✓[39m [30m[42m visual-regression [49m[39m tests/visual-regression/theme-token-consistency.test.ts[2m > [22mWCAG AA contrast compliance[2m > [22mforest-pine/zcode — passes WCAG AA[32m 1[2mms[22m[39m
 [32m✓[39m [30m[42m visual-regression [49m[39m tests/visual-regression/theme-token-consistency.test.ts[2m > [22mWCAG AA contrast compliance[2m > [22mglacier-white/traework — passes WCAG AA[32m 1[2mms[22m[39m
 [32m✓[39m [30m[42m visual-regression [49m[39m tests/visual-regression/theme-token-consistency.test.ts[2m > [22mWCAG AA contrast compliance[2m > [22mglacier-white/qoderwork — passes WCAG AA[32m 1[2mms[22m[39m
 [32m✓[39m [30m[42m visual-regression [49m[39m tests/visual-regression/theme-token-consistency.test.ts[2m > [22mWCAG AA contrast compliance[2m > [22mglacier-white/workbuddy — passes WCAG AA[32m 1[2mms[22m[39m
 [32m✓[39m [30m[42m visual-regression [49m[39m tests/visual-regression/theme-token-consistency.test.ts[2m > [22mWCAG AA contrast compliance[2m > [22mglacier-white/doubao — passes WCAG AA[32m 1[2mms[22m[39m
 [32m✓[39m [30m[42m visual-regression [49m[39m tests/visual-regression/theme-token-consistency.test.ts[2m > [22mWCAG AA contrast compliance[2m > [22mglacier-white/codex — passes WCAG AA[32m 0[2mms[22m[39m
 [32m✓[39m [30m[42m visual-regression [49m[39m tests/visual-regression/theme-token-consistency.test.ts[2m > [22mWCAG AA contrast compliance[2m > [22mglacier-white/zcode — passes WCAG AA[32m 0[2mms[22m[39m
 [32m✓[39m [30m[42m visual-regression [49m[39m tests/visual-regression/theme-token-consistency.test.ts[2m > [22mWCAG AA contrast compliance[2m > [22mgraphite-code/traework — passes WCAG AA[32m 0[2mms[22m[39m
 [32m✓[39m [30m[42m visual-regression [49m[39m tests/visual-regression/theme-token-consistency.test.ts[2m > [22mWCAG AA contrast compliance[2m > [22mgraphite-code/qoderwork — passes WCAG AA[32m 0[2mms[22m[39m
 [32m✓[39m [30m[42m visual-regression [49m[39m tests/visual-regression/theme-token-consistency.test.ts[2m > [22mWCAG AA contrast compliance[2m > [22mgraphite-code/workbuddy — passes WCAG AA[32m 0[2mms[22m[39m
 [32m✓[39m [30m[42m visual-regression [49m[39m tests/visual-regression/theme-token-consistency.test.ts[2m > [22mWCAG AA contrast compliance[2m > [22mgraphite-code/doubao — passes WCAG AA[32m 1[2mms[22m[39m
 [32m✓[39m [30m[42m visual-regression [49m[39m tests/visual-regression/theme-token-consistency.test.ts[2m > [22mWCAG AA contrast compliance[2m > [22mgraphite-code/codex — passes WCAG AA[32m 1[2mms[22m[39m
 [32m✓[39m [30m[42m visual-regression [49m[39m tests/visual-regression/theme-token-consistency.test.ts[2m > [22mWCAG AA contrast compliance[2m > [22mgraphite-code/zcode — passes WCAG AA[32m 8[2mms[22m[39m
 [32m✓[39m [30m[42m visual-regression [49m[39m tests/visual-regression/theme-token-consistency.test.ts[2m > [22mWCAG AA contrast compliance[2m > [22mmidnight-jazz/traework — passes WCAG AA[32m 1[2mms[22m[39m
 [32m✓[39m [30m[42m visual-regression [49m[39m tests/visual-regression/theme-token-consistency.test.ts[2m > [22mWCAG AA contrast compliance[2m > [22mmidnight-jazz/qoderwork — passes WCAG AA[32m 2[2mms[22m[39m
 [32m✓[39m [30m[42m visual-regression [49m[39m tests/visual-regression/theme-token-consistency.test.ts[2m > [22mWCAG AA contrast compliance[2m > [22mmidnight-jazz/workbuddy — passes WCAG AA[32m 1[2mms[22m[39m
 [32m✓[39m [30m[42m visual-regression [49m[39m tests/visual-regression/theme-token-consistency.test.ts[2m > [22mWCAG AA contrast compliance[2m > [22mmidnight-jazz/doubao — passes WCAG AA[32m 2[2mms[22m[39m
 [32m✓[39m [30m[42m visual-regression [49m[39m tests/visual-regression/theme-token-consistency.test.ts[2m > [22mWCAG AA contrast compliance[2m > [22mmidnight-jazz/codex — passes WCAG AA[32m 1[2mms[22m[39m
 [32m✓[39m [30m[42m visual-regression [49m[39m tests/visual-regression/theme-token-consistency.test.ts[2m > [22mWCAG AA contrast compliance[2m > [22mmidnight-jazz/zcode — passes WCAG AA[32m 1[2mms[22m[39m
 [32m✓[39m [30m[42m visual-regression [49m[39m tests/visual-regression/theme-token-consistency.test.ts[2m > [22mWCAG AA contrast compliance[2m > [22mnordic-minimal/traework — passes WCAG AA[32m 1[2mms[22m[39m
 [32m✓[39m [30m[42m visual-regression [49m[39m tests/visual-regression/theme-token-consistency.test.ts[2m > [22mWCAG AA contrast compliance[2m > [22mnordic-minimal/qoderwork — passes WCAG AA[32m 3[2mms[22m[39m
 [32m✓[39m [30m[42m visual-regression [49m[39m tests/visual-regression/theme-token-consistency.test.ts[2m > [22mWCAG AA contrast compliance[2m > [22mnordic-minimal/workbuddy — passes WCAG AA[32m 1[2mms[22m[39m
 [32m✓[39m [30m[42m visual-regression [49m[39m tests/visual-regression/theme-token-consistency.test.ts[2m > [22mWCAG AA contrast compliance[2m > [22mnordic-minimal/doubao — passes WCAG AA[32m 1[2mms[22m[39m
 [32m✓[39m [30m[42m visual-regression [49m[39m tests/visual-regression/theme-token-consistency.test.ts[2m > [22mWCAG AA contrast compliance[2m > [22mnordic-minimal/codex — passes WCAG AA[32m 1[2mms[22m[39m
 [32m✓[39m [30m[42m visual-regression [49m[39m tests/visual-regression/theme-token-consistency.test.ts[2m > [22mWCAG AA contrast compliance[2m > [22mnordic-minimal/zcode — passes WCAG AA[32m 1[2mms[22m[39m
 [32m✓[39m [30m[42m visual-regression [49m[39m tests/visual-regression/theme-token-consistency.test.ts[2m > [22mWCAG AA contrast compliance[2m > [22mocean-tide/traework — passes WCAG AA[32m 1[2mms[22m[39m
 [32m✓[39m [30m[42m visual-regression [49m[39m tests/visual-regression/theme-token-consistency.test.ts[2m > [22mWCAG AA contrast compliance[2m > [22mocean-tide/qoderwork — passes WCAG AA[32m 1[2mms[22m[39m
 [32m✓[39m [30m[42m visual-regression [49m[39m tests/visual-regression/theme-token-consistency.test.ts[2m > [22mWCAG AA contrast compliance[2m > [22mocean-tide/workbuddy — passes WCAG AA[32m 1[2mms[22m[39m
 [32m✓[39m [30m[42m visual-regression [49m[39m tests/visual-regression/theme-token-consistency.test.ts[2m > [22mWCAG AA contrast compliance[2m > [22mocean-tide/doubao — passes WCAG AA[32m 1[2mms[22m[39m
 [32m✓[39m [30m[42m visual-regression [49m[39m tests/visual-regression/theme-token-consistency.test.ts[2m > [22mWCAG AA contrast compliance[2m > [22mocean-tide/codex — passes WCAG AA[32m 2[2mms[22m[39m
 [32m✓[39m [30m[42m visual-regression [49m[39m tests/visual-regression/theme-token-consistency.test.ts[2m > [22mWCAG AA contrast compliance[2m > [22mocean-tide/zcode — passes WCAG AA[32m 1[2mms[22m[39m
 [32m✓[39m [30m[42m visual-regression [49m[39m tests/visual-regression/theme-token-consistency.test.ts[2m > [22mWCAG AA contrast compliance[2m > [22mrose-quartz/traework — passes WCAG AA[32m 1[2mms[22m[39m
 [32m✓[39m [30m[42m visual-regression [49m[39m tests/visual-regression/theme-token-consistency.test.ts[2m > [22mWCAG AA contrast compliance[2m > [22mrose-quartz/qoderwork — passes WCAG AA[32m 2[2mms[22m[39m
 [32m✓[39m [30m[42m visual-regression [49m[39m tests/visual-regression/theme-token-consistency.test.ts[2m > [22mWCAG AA contrast compliance[2m > [22mrose-quartz/workbuddy — passes WCAG AA[32m 2[2mms[22m[39m
 [32m✓[39m [30m[42m visual-regression [49m[39m tests/visual-regression/theme-token-consistency.test.ts[2m > [22mWCAG AA contrast compliance[2m > [22mrose-quartz/doubao — passes WCAG AA[32m 3[2mms[22m[39m
 [32m✓[39m [30m[42m visual-regression [49m[39m tests/visual-regression/theme-token-consistency.test.ts[2m > [22mWCAG AA contrast compliance[2m > [22mrose-quartz/codex — passes WCAG AA[32m 1[2mms[22m[39m
 [32m✓[39m [30m[42m visual-regression [49m[39m tests/visual-regression/theme-token-consistency.test.ts[2m > [22mWCAG AA contrast compliance[2m > [22mrose-quartz/zcode — passes WCAG AA[32m 1[2mms[22m[39m
 [32m✓[39m [30m[42m visual-regression [49m[39m tests/visual-regression/theme-token-consistency.test.ts[2m > [22mWCAG AA contrast compliance[2m > [22msakura-noir/traework — passes WCAG AA[32m 1[2mms[22m[39m
 [32m✓[39m [30m[42m visual-regression [49m[39m tests/visual-regression/theme-token-consistency.test.ts[2m > [22mWCAG AA contrast compliance[2m > [22msakura-noir/qoderwork — passes WCAG AA[32m 1[2mms[22m[39m
 [32m✓[39m [30m[42m visual-regression [49m[39m tests/visual-regression/theme-token-consistency.test.ts[2m > [22mWCAG AA contrast compliance[2m > [22msakura-noir/workbuddy — passes WCAG AA[32m 1[2mms[22m[39m
 [32m✓[39m [30m[42m visual-regression [49m[39m tests/visual-regression/theme-token-consistency.test.ts[2m > [22mWCAG AA contrast compliance[2m > [22msakura-noir/doubao — passes WCAG AA[32m 1[2mms[22m[39m
 [32m✓[39m [30m[42m visual-regression [49m[39m tests/visual-regression/theme-token-consistency.test.ts[2m > [22mWCAG AA contrast compliance[2m > [22msakura-noir/codex — passes WCAG AA[32m 1[2mms[22m[39m
 [32m✓[39m [30m[42m visual-regression [49m[39m tests/visual-regression/theme-token-consistency.test.ts[2m > [22mWCAG AA contrast compliance[2m > [22msakura-noir/zcode — passes WCAG AA[32m 0[2mms[22m[39m
 [32m✓[39m [30m[42m visual-regression [49m[39m tests/visual-regression/theme-token-consistency.test.ts[2m > [22mWCAG AA contrast compliance[2m > [22msakura-pastel/traework — passes WCAG AA[32m 1[2mms[22m[39m
 [32m✓[39m [30m[42m visual-regression [49m[39m tests/visual-regression/theme-token-consistency.test.ts[2m > [22mWCAG AA contrast compliance[2m > [22msakura-pastel/qoderwork — passes WCAG AA[32m 1[2mms[22m[39m
 [32m✓[39m [30m[42m visual-regression [49m[39m tests/visual-regression/theme-token-consistency.test.ts[2m > [22mWCAG AA contrast compliance[2m > [22msakura-pastel/workbuddy — passes WCAG AA[32m 1[2mms[22m[39m
 [32m✓[39m [30m[42m visual-regression [49m[39m tests/visual-regression/theme-token-consistency.test.ts[2m > [22mWCAG AA contrast compliance[2m > [22msakura-pastel/doubao — passes WCAG AA[32m 1[2mms[22m[39m
 [32m✓[39m [30m[42m visual-regression [49m[39m tests/visual-regression/theme-token-consistency.test.ts[2m > [22mWCAG AA contrast compliance[2m > [22msakura-pastel/codex — passes WCAG AA[32m 14[2mms[22m[39m
 [32m✓[39m [30m[42m visual-regression [49m[39m tests/visual-regression/theme-token-consistency.test.ts[2m > [22mWCAG AA contrast compliance[2m > [22msakura-pastel/zcode — passes WCAG AA[32m 1[2mms[22m[39m
 [32m✓[39m [30m[42m visual-regression [49m[39m tests/visual-regression/theme-token-consistency.test.ts[2m > [22mWCAG AA contrast compliance[2m > [22mterminal-green/traework — passes WCAG AA[32m 1[2mms[22m[39m
 [32m✓[39m [30m[42m visual-regression [49m[39m tests/visual-regression/theme-token-consistency.test.ts[2m > [22mWCAG AA contrast compliance[2m > [22mterminal-green/qoderwork — passes WCAG AA[32m 1[2mms[22m[39m
 [32m✓[39m [30m[42m visual-regression [49m[39m tests/visual-regression/theme-token-consistency.test.ts[2m > [22mWCAG AA contrast compliance[2m > [22mterminal-green/workbuddy — passes WCAG AA[32m 1[2mms[22m[39m
 [32m✓[39m [30m[42m visual-regression [49m[39m tests/visual-regression/theme-token-consistency.test.ts[2m > [22mWCAG AA contrast compliance[2m > [22mterminal-green/doubao — passes WCAG AA[32m 1[2mms[22m[39m
 [32m✓[39m [30m[42m visual-regression [49m[39m tests/visual-regression/theme-token-consistency.test.ts[2m > [22mWCAG AA contrast compliance[2m > [22mterminal-green/codex — passes WCAG AA[32m 2[2mms[22m[39m
 [32m✓[39m [30m[42m visual-regression [49m[39m tests/visual-regression/theme-token-consistency.test.ts[2m > [22mWCAG AA contrast compliance[2m > [22mterminal-green/zcode — passes WCAG AA[32m 1[2mms[22m[39m
 [32m✓[39m [30m[42m visual-regression [49m[39m tests/visual-regression/theme-token-consistency.test.ts[2m > [22mcolorSchemes CSS coverage[2m > [22mamber-dusk — scheme "ember" has CSS for every agent[32m 2[2mms[22m[39m
 [32m✓[39m [30m[42m visual-regression [49m[39m tests/visual-regression/theme-token-consistency.test.ts[2m > [22mcolorSchemes CSS coverage[2m > [22mamber-dusk — scheme "dune" has CSS for every agent[32m 4[2mms[22m[39m
 [32m✓[39m [30m[42m visual-regression [49m[39m tests/visual-regression/theme-token-consistency.test.ts[2m > [22mcolorSchemes CSS coverage[2m > [22maurora-violet — scheme "ice" has CSS for every agent[32m 3[2mms[22m[39m
 [32m✓[39m [30m[42m visual-regression [49m[39m tests/visual-regression/theme-token-consistency.test.ts[2m > [22mcolorSchemes CSS coverage[2m > [22maurora-violet — scheme "ember" has CSS for every agent[32m 1[2mms[22m[39m
 [32m✓[39m [30m[42m visual-regression [49m[39m tests/visual-regression/theme-token-consistency.test.ts[2m > [22mcolorSchemes CSS coverage[2m > [22mbamboo-mist — scheme "matcha" has CSS for every agent[32m 1[2mms[22m[39m
 [32m✓[39m [30m[42m visual-regression [49m[39m tests/visual-regression/theme-token-consistency.test.ts[2m > [22mcolorSchemes CSS coverage[2m > [22mbamboo-mist — scheme "jade" has CSS for every agent[32m 1[2mms[22m[39m
 [32m✓[39m [30m[42m visual-regression [49m[39m tests/visual-regression/theme-token-consistency.test.ts[2m > [22mcolorSchemes CSS coverage[2m > [22mcyber-rose — scheme "violet" has CSS for every agent[32m 1[2mms[22m[39m
 [32m✓[39m [30m[42m visual-regression [49m[39m tests/visual-regression/theme-token-consistency.test.ts[2m > [22mcolorSchemes CSS coverage[2m > [22mcyber-rose — scheme "cyan" has CSS for every agent[32m 1[2mms[22m[39m
 [32m✓[39m [30m[42m visual-regression [49m[39m tests/visual-regression/theme-token-consistency.test.ts[2m > [22mcolorSchemes CSS coverage[2m > [22mdeepspace-nebula — scheme "rose-nebula" has CSS for every agent[32m 1[2mms[22m[39m
 [32m✓[39m [30m[42m visual-regression [49m[39m tests/visual-regression/theme-token-consistency.test.ts[2m > [22mcolorSchemes CSS coverage[2m > [22mdeepspace-nebula — scheme "galaxy-teal" has CSS for every agent[32m 1[2mms[22m[39m
 [32m✓[39m [30m[42m visual-regression [49m[39m tests/visual-regression/theme-token-consistency.test.ts[2m > [22mcolorSchemes CSS coverage[2m > [22mforest-pine — scheme "moss" has CSS for every agent[32m 2[2mms[22m[39m
 [32m✓[39m [30m[42m visual-regression [49m[39m tests/visual-regression/theme-token-consistency.test.ts[2m > [22mcolorSchemes CSS coverage[2m > [22mforest-pine — scheme "birch" has CSS for every agent[32m 2[2mms[22m[39m
 [32m✓[39m [30m[42m visual-regression [49m[39m tests/visual-regression/theme-token-consistency.test.ts[2m > [22mcolorSchemes CSS coverage[2m > [22mglacier-white — scheme "mint" has CSS for every agent[32m 2[2mms[22m[39m
 [32m✓[39m [30m[42m visual-regression [49m[39m tests/visual-regression/theme-token-consistency.test.ts[2m > [22mcolorSchemes CSS coverage[2m > [22mglacier-white — scheme "frost" has CSS for every agent[32m 2[2mms[22m[39m
 [32m✓[39m [30m[42m visual-regression [49m[39m tests/visual-regression/theme-token-consistency.test.ts[2m > [22mcolorSchemes CSS coverage[2m > [22mgraphite-code — scheme "blueprint" has CSS for every agent[32m 2[2mms[22m[39m
 [32m✓[39m [30m[42m visual-regression [49m[39m tests/visual-regression/theme-token-consistency.test.ts[2m > [22mcolorSchemes CSS coverage[2m > [22mgraphite-code — scheme "sepia" has CSS for every agent[32m 12[2mms[22m[39m
 [32m✓[39m [30m[42m visual-regression [49m[39m tests/visual-regression/theme-token-consistency.test.ts[2m > [22mcolorSchemes CSS coverage[2m > [22mmidnight-jazz — scheme "sax" has CSS for every agent[32m 3[2mms[22m[39m
 [32m✓[39m [30m[42m visual-regression [49m[39m tests/visual-regression/theme-token-consistency.test.ts[2m > [22mcolorSchemes CSS coverage[2m > [22mmidnight-jazz — scheme "smoke" has CSS for every agent[32m 2[2mms[22m[39m
 [32m✓[39m [30m[42m visual-regression [49m[39m tests/visual-regression/theme-token-consistency.test.ts[2m > [22mcolorSchemes CSS coverage[2m > [22mnordic-minimal — scheme "amber" has CSS for every agent[32m 3[2mms[22m[39m
 [32m✓[39m [30m[42m visual-regression [49m[39m tests/visual-regression/theme-token-consistency.test.ts[2m > [22mcolorSchemes CSS coverage[2m > [22mnordic-minimal — scheme "aurora" has CSS for every agent[32m 3[2mms[22m[39m
 [32m✓[39m [30m[42m visual-regression [49m[39m tests/visual-regression/theme-token-consistency.test.ts[2m > [22mcolorSchemes CSS coverage[2m > [22mocean-tide — scheme "coral" has CSS for every agent[32m 3[2mms[22m[39m
 [32m✓[39m [30m[42m visual-regression [49m[39m tests/visual-regression/theme-token-consistency.test.ts[2m > [22mcolorSchemes CSS coverage[2m > [22mocean-tide — scheme "abyss" has CSS for every agent[32m 3[2mms[22m[39m
 [32m✓[39m [30m[42m visual-regression [49m[39m tests/visual-regression/theme-token-consistency.test.ts[2m > [22mcolorSchemes CSS coverage[2m > [22mrose-quartz — scheme "lavender" has CSS for every agent[32m 2[2mms[22m[39m
 [32m✓[39m [30m[42m visual-regression [49m[39m tests/visual-regression/theme-token-consistency.test.ts[2m > [22mcolorSchemes CSS coverage[2m > [22mrose-quartz — scheme "sage" has CSS for every agent[32m 3[2mms[22m[39m
 [32m✓[39m [30m[42m visual-regression [49m[39m tests/visual-regression/theme-token-consistency.test.ts[2m > [22mcolorSchemes CSS coverage[2m > [22msakura-noir — scheme "wisteria" has CSS for every agent[32m 3[2mms[22m[39m
 [32m✓[39m [30m[42m visual-regression [49m[39m tests/visual-regression/theme-token-consistency.test.ts[2m > [22mcolorSchemes CSS coverage[2m > [22msakura-noir — scheme "ume" has CSS for every agent[32m 3[2mms[22m[39m
 [32m✓[39m [30m[42m visual-regression [49m[39m tests/visual-regression/theme-token-consistency.test.ts[2m > [22mcolorSchemes CSS coverage[2m > [22msakura-pastel — scheme "mint" has CSS for every agent[32m 2[2mms[22m[39m
 [32m✓[39m [30m[42m visual-regression [49m[39m tests/visual-regression/theme-token-consistency.test.ts[2m > [22mcolorSchemes CSS coverage[2m > [22msakura-pastel — scheme "lavender" has CSS for every agent[32m 2[2mms[22m[39m
 [32m✓[39m [30m[42m visual-regression [49m[39m tests/visual-regression/theme-token-consistency.test.ts[2m > [22mcolorSchemes CSS coverage[2m > [22mterminal-green — scheme "cyan" has CSS for every agent[32m 2[2mms[22m[39m
 [32m✓[39m [30m[42m visual-regression [49m[39m tests/visual-regression/theme-token-consistency.test.ts[2m > [22mcolorSchemes CSS coverage[2m > [22mterminal-green — scheme "amber" has CSS for every agent[32m 2[2mms[22m[39m
 [32m✓[39m [30m[42m visual-regression [49m[39m tests/visual-regression/theme-token-consistency.test.ts[2m > [22mcolorSchemes color-scheme match[2m > [22mamber-dusk/ember/traework — color-scheme matches "dark"[32m 1[2mms[22m[39m
 [32m✓[39m [30m[42m visual-regression [49m[39m tests/visual-regression/theme-token-consistency.test.ts[2m > [22mcolorSchemes color-scheme match[2m > [22mamber-dusk/ember/qoderwork — color-scheme matches "dark"[32m 1[2mms[22m[39m
 [32m✓[39m [30m[42m visual-regression [49m[39m tests/visual-regression/theme-token-consistency.test.ts[2m > [22mcolorSchemes color-scheme match[2m > [22mamber-dusk/ember/workbuddy — color-scheme matches "dark"[32m 1[2mms[22m[39m
 [32m✓[39m [30m[42m visual-regression [49m[39m tests/visual-regression/theme-token-consistency.test.ts[2m > [22mcolorSchemes color-scheme match[2m > [22mamber-dusk/ember/doubao — color-scheme matches "dark"[32m 1[2mms[22m[39m
 [32m✓[39m [30m[42m visual-regression [49m[39m tests/visual-regression/theme-token-consistency.test.ts[2m > [22mcolorSchemes color-scheme match[2m > [22mamber-dusk/ember/codex — color-scheme matches "dark"[32m 1[2mms[22m[39m
 [32m✓[39m [30m[42m visual-regression [49m[39m tests/visual-regression/theme-token-consistency.test.ts[2m > [22mcolorSchemes color-scheme match[2m > [22mamber-dusk/ember/zcode — color-scheme matches "dark"[32m 1[2mms[22m[39m
 [32m✓[39m [30m[42m visual-regression [49m[39m tests/visual-regression/theme-token-consistency.test.ts[2m > [22mcolorSchemes color-scheme match[2m > [22mamber-dusk/dune/traework — color-scheme matches "dark"[32m 3[2mms[22m[39m
 [32m✓[39m [30m[42m visual-regression [49m[39m tests/visual-regression/theme-token-consistency.test.ts[2m > [22mcolorSchemes color-scheme match[2m > [22mamber-dusk/dune/qoderwork — color-scheme matches "dark"[32m 1[2mms[22m[39m
 [32m✓[39m [30m[42m visual-regression [49m[39m tests/visual-regression/theme-token-consistency.test.ts[2m > [22mcolorSchemes color-scheme match[2m > [22mamber-dusk/dune/workbuddy — color-scheme matches "dark"[32m 1[2mms[22m[39m
 [32m✓[39m [30m[42m visual-regression [49m[39m tests/visual-regression/theme-token-consistency.test.ts[2m > [22mcolorSchemes color-scheme match[2m > [22mamber-dusk/dune/doubao — color-scheme matches "dark"[32m 1[2mms[22m[39m
 [32m✓[39m [30m[42m visual-regression [49m[39m tests/visual-regression/theme-token-consistency.test.ts[2m > [22mcolorSchemes color-scheme match[2m > [22mamber-dusk/dune/codex — color-scheme matches "dark"[32m 1[2mms[22m[39m
 [32m✓[39m [30m[42m visual-regression [49m[39m tests/visual-regression/theme-token-consistency.test.ts[2m > [22mcolorSchemes color-scheme match[2m > [22mamber-dusk/dune/zcode — color-scheme matches "dark"[32m 0[2mms[22m[39m
 [32m✓[39m [30m[42m visual-regression [49m[39m tests/visual-regression/theme-token-consistency.test.ts[2m > [22mcolorSchemes color-scheme match[2m > [22maurora-violet/ice/traework — color-scheme matches "dark"[32m 0[2mms[22m[39m
 [32m✓[39m [30m[42m visual-regression [49m[39m tests/visual-regression/theme-token-consistency.test.ts[2m > [22mcolorSchemes color-scheme match[2m > [22maurora-violet/ice/qoderwork — color-scheme matches "dark"[32m 1[2mms[22m[39m
 [32m✓[39m [30m[42m visual-regression [49m[39m tests/visual-regression/theme-token-consistency.test.ts[2m > [22mcolorSchemes color-scheme match[2m > [22maurora-violet/ice/workbuddy — color-scheme matches "dark"[32m 0[2mms[22m[39m
 [32m✓[39m [30m[42m visual-regression [49m[39m tests/visual-regression/theme-token-consistency.test.ts[2m > [22mcolorSchemes color-scheme match[2m > [22maurora-violet/ice/doubao — color-scheme matches "dark"[32m 1[2mms[22m[39m
 [32m✓[39m [30m[42m visual-regression [49m[39m tests/visual-regression/theme-token-consistency.test.ts[2m > [22mcolorSchemes color-scheme match[2m > [22maurora-violet/ice/codex — color-scheme matches "dark"[32m 0[2mms[22m[39m
 [32m✓[39m [30m[42m visual-regression [49m[39m tests/visual-regression/theme-token-consistency.test.ts[2m > [22mcolorSchemes color-scheme match[2m > [22maurora-violet/ice/zcode — color-scheme matches "dark"[32m 0[2mms[22m[39m
 [32m✓[39m [30m[42m visual-regression [49m[39m tests/visual-regression/theme-token-consistency.test.ts[2m > [22mcolorSchemes color-scheme match[2m > [22maurora-violet/ember/traework — color-scheme matches "dark"[32m 0[2mms[22m[39m
 [32m✓[39m [30m[42m visual-regression [49m[39m tests/visual-regression/theme-token-consistency.test.ts[2m > [22mcolorSchemes color-scheme match[2m > [22maurora-violet/ember/qoderwork — color-scheme matches "dark"[32m 0[2mms[22m[39m
 [32m✓[39m [30m[42m visual-regression [49m[39m tests/visual-regression/theme-token-consistency.test.ts[2m > [22mcolorSchemes color-scheme match[2m > [22maurora-violet/ember/workbuddy — color-scheme matches "dark"[32m 0[2mms[22m[39m
 [32m✓[39m [30m[42m visual-regression [49m[39m tests/visual-regression/theme-token-consistency.test.ts[2m > [22mcolorSchemes color-scheme match[2m > [22maurora-violet/ember/doubao — color-scheme matches "dark"[32m 1[2mms[22m[39m
 [32m✓[39m [30m[42m visual-regression [49m[39m tests/visual-regression/theme-token-consistency.test.ts[2m > [22mcolorSchemes color-scheme match[2m > [22maurora-violet/ember/codex — color-scheme matches "dark"[32m 0[2mms[22m[39m
 [32m✓[39m [30m[42m visual-regression [49m[39m tests/visual-regression/theme-token-consistency.test.ts[2m > [22mcolorSchemes color-scheme match[2m > [22maurora-violet/ember/zcode — color-scheme matches "dark"[32m 1[2mms[22m[39m
 [32m✓[39m [30m[42m visual-regression [49m[39m tests/visual-regression/theme-token-consistency.test.ts[2m > [22mcolorSchemes color-scheme match[2m > [22mbamboo-mist/matcha/traework — color-scheme matches "light"[32m 1[2mms[22m[39m
 [32m✓[39m [30m[42m visual-regression [49m[39m tests/visual-regression/theme-token-consistency.test.ts[2m > [22mcolorSchemes color-scheme match[2m > [22mbamboo-mist/matcha/qoderwork — color-scheme matches "light"[32m 1[2mms[22m[39m
 [32m✓[39m [30m[42m visual-regression [49m[39m tests/visual-regression/theme-token-consistency.test.ts[2m > [22mcolorSchemes color-scheme match[2m > [22mbamboo-mist/matcha/workbuddy — color-scheme matches "light"[32m 0[2mms[22m[39m
 [32m✓[39m [30m[42m visual-regression [49m[39m tests/visual-regression/theme-token-consistency.test.ts[2m > [22mcolorSchemes color-scheme match[2m > [22mbamboo-mist/matcha/doubao — color-scheme matches "light"[32m 1[2mms[22m[39m
 [32m✓[39m [30m[42m visual-regression [49m[39m tests/visual-regression/theme-token-consistency.test.ts[2m > [22mcolorSchemes color-scheme match[2m > [22mbamboo-mist/matcha/codex — color-scheme matches "light"[32m 1[2mms[22m[39m
 [32m✓[39m [30m[42m visual-regression [49m[39m tests/visual-regression/theme-token-consistency.test.ts[2m > [22mcolorSchemes color-scheme match[2m > [22mbamboo-mist/matcha/zcode — color-scheme matches "light"[32m 1[2mms[22m[39m
 [32m✓[39m [30m[42m visual-regression [49m[39m tests/visual-regression/theme-token-consistency.test.ts[2m > [22mcolorSchemes color-scheme match[2m > [22mbamboo-mist/jade/traework — color-scheme matches "light"[32m 1[2mms[22m[39m
 [32m✓[39m [30m[42m visual-regression [49m[39m tests/visual-regression/theme-token-consistency.test.ts[2m > [22mcolorSchemes color-scheme match[2m > [22mbamboo-mist/jade/qoderwork — color-scheme matches "light"[32m 0[2mms[22m[39m
 [32m✓[39m [30m[42m visual-regression [49m[39m tests/visual-regression/theme-token-consistency.test.ts[2m > [22mcolorSchemes color-scheme match[2m > [22mbamboo-mist/jade/workbuddy — color-scheme matches "light"[32m 0[2mms[22m[39m
 [32m✓[39m [30m[42m visual-regression [49m[39m tests/visual-regression/theme-token-consistency.test.ts[2m > [22mcolorSchemes color-scheme match[2m > [22mbamboo-mist/jade/doubao — color-scheme matches "light"[32m 5[2mms[22m[39m
 [32m✓[39m [30m[42m visual-regression [49m[39m tests/visual-regression/theme-token-consistency.test.ts[2m > [22mcolorSchemes color-scheme match[2m > [22mbamboo-mist/jade/codex — color-scheme matches "light"[32m 1[2mms[22m[39m
 [32m✓[39m [30m[42m visual-regression [49m[39m tests/visual-regression/theme-token-consistency.test.ts[2m > [22mcolorSchemes color-scheme match[2m > [22mbamboo-mist/jade/zcode — color-scheme matches "light"[32m 0[2mms[22m[39m
 [32m✓[39m [30m[42m visual-regression [49m[39m tests/visual-regression/theme-token-consistency.test.ts[2m > [22mcolorSchemes color-scheme match[2m > [22mcyber-rose/violet/traework — color-scheme matches "dark"[32m 0[2mms[22m[39m
 [32m✓[39m [30m[42m visual-regression [49m[39m tests/visual-regression/theme-token-consistency.test.ts[2m > [22mcolorSchemes color-scheme match[2m > [22mcyber-rose/violet/qoderwork — color-scheme matches "dark"[32m 0[2mms[22m[39m
 [32m✓[39m [30m[42m visual-regression [49m[39m tests/visual-regression/theme-token-consistency.test.ts[2m > [22mcolorSchemes color-scheme match[2m > [22mcyber-rose/violet/workbuddy — color-scheme matches "dark"[32m 0[2mms[22m[39m
 [32m✓[39m [30m[42m visual-regression [49m[39m tests/visual-regression/theme-token-consistency.test.ts[2m > [22mcolorSchemes color-scheme match[2m > [22mcyber-rose/violet/doubao — color-scheme matches "dark"[32m 0[2mms[22m[39m
 [32m✓[39m [30m[42m visual-regression [49m[39m tests/visual-regression/theme-token-consistency.test.ts[2m > [22mcolorSchemes color-scheme match[2m > [22mcyber-rose/violet/codex — color-scheme matches "dark"[32m 0[2mms[22m[39m
 [32m✓[39m [30m[42m visual-regression [49m[39m tests/visual-regression/theme-token-consistency.test.ts[2m > [22mcolorSchemes color-scheme match[2m > [22mcyber-rose/violet/zcode — color-scheme matches "dark"[32m 0[2mms[22m[39m
 [32m✓[39m [30m[42m visual-regression [49m[39m tests/visual-regression/theme-token-consistency.test.ts[2m > [22mcolorSchemes color-scheme match[2m > [22mcyber-rose/cyan/traework — color-scheme matches "dark"[32m 0[2mms[22m[39m
 [32m✓[39m [30m[42m visual-regression [49m[39m tests/visual-regression/theme-token-consistency.test.ts[2m > [22mcolorSchemes color-scheme match[2m > [22mcyber-rose/cyan/qoderwork — color-scheme matches "dark"[32m 0[2mms[22m[39m
 [32m✓[39m [30m[42m visual-regression [49m[39m tests/visual-regression/theme-token-consistency.test.ts[2m > [22mcolorSchemes color-scheme match[2m > [22mcyber-rose/cyan/workbuddy — color-scheme matches "dark"[32m 0[2mms[22m[39m
 [32m✓[39m [30m[42m visual-regression [49m[39m tests/visual-regression/theme-token-consistency.test.ts[2m > [22mcolorSchemes color-scheme match[2m > [22mcyber-rose/cyan/doubao — color-scheme matches "dark"[32m 1[2mms[22m[39m
 [32m✓[39m [30m[42m visual-regression [49m[39m tests/visual-regression/theme-token-consistency.test.ts[2m > [22mcolorSchemes color-scheme match[2m > [22mcyber-rose/cyan/codex — color-scheme matches "dark"[32m 0[2mms[22m[39m
 [32m✓[39m [30m[42m visual-regression [49m[39m tests/visual-regression/theme-token-consistency.test.ts[2m > [22mcolorSchemes color-scheme match[2m > [22mcyber-rose/cyan/zcode — color-scheme matches "dark"[32m 0[2mms[22m[39m
 [32m✓[39m [30m[42m visual-regression [49m[39m tests/visual-regression/theme-token-consistency.test.ts[2m > [22mcolorSchemes color-scheme match[2m > [22mdeepspace-nebula/rose-nebula/traework — color-scheme matches "dark"[32m 0[2mms[22m[39m
 [32m✓[39m [30m[42m visual-regression [49m[39m tests/visual-regression/theme-token-consistency.test.ts[2m > [22mcolorSchemes color-scheme match[2m > [22mdeepspace-nebula/rose-nebula/qoderwork — color-scheme matches "dark"[32m 0[2mms[22m[39m
 [32m✓[39m [30m[42m visual-regression [49m[39m tests/visual-regression/theme-token-consistency.test.ts[2m > [22mcolorSchemes color-scheme match[2m > [22mdeepspace-nebula/rose-nebula/workbuddy — color-scheme matches "dark"[32m 0[2mms[22m[39m
 [32m✓[39m [30m[42m visual-regression [49m[39m tests/visual-regression/theme-token-consistency.test.ts[2m > [22mcolorSchemes color-scheme match[2m > [22mdeepspace-nebula/rose-nebula/doubao — color-scheme matches "dark"[32m 1[2mms[22m[39m
 [32m✓[39m [30m[42m visual-regression [49m[39m tests/visual-regression/theme-token-consistency.test.ts[2m > [22mcolorSchemes color-scheme match[2m > [22mdeepspace-nebula/rose-nebula/codex — color-scheme matches "dark"[32m 0[2mms[22m[39m
 [32m✓[39m [30m[42m visual-regression [49m[39m tests/visual-regression/theme-token-consistency.test.ts[2m > [22mcolorSchemes color-scheme match[2m > [22mdeepspace-nebula/rose-nebula/zcode — color-scheme matches "dark"[32m 0[2mms[22m[39m
 [32m✓[39m [30m[42m visual-regression [49m[39m tests/visual-regression/theme-token-consistency.test.ts[2m > [22mcolorSchemes color-scheme match[2m > [22mdeepspace-nebula/galaxy-teal/traework — color-scheme matches "dark"[32m 1[2mms[22m[39m
 [32m✓[39m [30m[42m visual-regression [49m[39m tests/visual-regression/theme-token-consistency.test.ts[2m > [22mcolorSchemes color-scheme match[2m > [22mdeepspace-nebula/galaxy-teal/qoderwork — color-scheme matches "dark"[32m 1[2mms[22m[39m
 [32m✓[39m [30m[42m visual-regression [49m[39m tests/visual-regression/theme-token-consistency.test.ts[2m > [22mcolorSchemes color-scheme match[2m > [22mdeepspace-nebula/galaxy-teal/workbuddy — color-scheme matches "dark"[32m 1[2mms[22m[39m
 [32m✓[39m [30m[42m visual-regression [49m[39m tests/visual-regression/theme-token-consistency.test.ts[2m > [22mcolorSchemes color-scheme match[2m > [22mdeepspace-nebula/galaxy-teal/doubao — color-scheme matches "dark"[32m 2[2mms[22m[39m
 [32m✓[39m [30m[42m visual-regression [49m[39m tests/visual-regression/theme-token-consistency.test.ts[2m > [22mcolorSchemes color-scheme match[2m > [22mdeepspace-nebula/galaxy-teal/codex — color-scheme matches "dark"[32m 1[2mms[22m[39m
 [32m✓[39m [30m[42m visual-regression [49m[39m tests/visual-regression/theme-token-consistency.test.ts[2m > [22mcolorSchemes color-scheme match[2m > [22mdeepspace-nebula/galaxy-teal/zcode — color-scheme matches "dark"[32m 1[2mms[22m[39m
 [32m✓[39m [30m[42m visual-regression [49m[39m tests/visual-regression/theme-token-consistency.test.ts[2m > [22mcolorSchemes color-scheme match[2m > [22mforest-pine/moss/traework — color-scheme matches "dark"[32m 1[2mms[22m[39m
 [32m✓[39m [30m[42m visual-regression [49m[39m tests/visual-regression/theme-token-consistency.test.ts[2m > [22mcolorSchemes color-scheme match[2m > [22mforest-pine/moss/qoderwork — color-scheme matches "dark"[32m 1[2mms[22m[39m
 [32m✓[39m [30m[42m visual-regression [49m[39m tests/visual-regression/theme-token-consistency.test.ts[2m > [22mcolorSchemes color-scheme match[2m > [22mforest-pine/moss/workbuddy — color-scheme matches "dark"[32m 0[2mms[22m[39m
 [32m✓[39m [30m[42m visual-regression [49m[39m tests/visual-regression/theme-token-consistency.test.ts[2m > [22mcolorSchemes color-scheme match[2m > [22mforest-pine/moss/doubao — color-scheme matches "dark"[32m 2[2mms[22m[39m
 [32m✓[39m [30m[42m visual-regression [49m[39m tests/visual-regression/theme-token-consistency.test.ts[2m > [22mcolorSchemes color-scheme match[2m > [22mforest-pine/moss/codex — color-scheme matches "dark"[32m 1[2mms[22m[39m
 [32m✓[39m [30m[42m visual-regression [49m[39m tests/visual-regression/theme-token-consistency.test.ts[2m > [22mcolorSchemes color-scheme match[2m > [22mforest-pine/moss/zcode — color-scheme matches "dark"[32m 0[2mms[22m[39m
 [32m✓[39m [30m[42m visual-regression [49m[39m tests/visual-regression/theme-token-consistency.test.ts[2m > [22mcolorSchemes color-scheme match[2m > [22mforest-pine/birch/traework — color-scheme matches "dark"[32m 0[2mms[22m[39m
 [32m✓[39m [30m[42m visual-regression [49m[39m tests/visual-regression/theme-token-consistency.test.ts[2m > [22mcolorSchemes color-scheme match[2m > [22mforest-pine/birch/qoderwork — color-scheme matches "dark"[32m 0[2mms[22m[39m
 [32m✓[39m [30m[42m visual-regression [49m[39m tests/visual-regression/theme-token-consistency.test.ts[2m > [22mcolorSchemes color-scheme match[2m > [22mforest-pine/birch/workbuddy — color-scheme matches "dark"[32m 0[2mms[22m[39m
 [32m✓[39m [30m[42m visual-regression [49m[39m tests/visual-regression/theme-token-consistency.test.ts[2m > [22mcolorSchemes color-scheme match[2m > [22mforest-pine/birch/doubao — color-scheme matches "dark"[32m 1[2mms[22m[39m
 [32m✓[39m [30m[42m visual-regression [49m[39m tests/visual-regression/theme-token-consistency.test.ts[2m > [22mcolorSchemes color-scheme match[2m > [22mforest-pine/birch/codex — color-scheme matches "dark"[32m 0[2mms[22m[39m
 [32m✓[39m [30m[42m visual-regression [49m[39m tests/visual-regression/theme-token-consistency.test.ts[2m > [22mcolorSchemes color-scheme match[2m > [22mforest-pine/birch/zcode — color-scheme matches "dark"[32m 0[2mms[22m[39m
 [32m✓[39m [30m[42m visual-regression [49m[39m tests/visual-regression/theme-token-consistency.test.ts[2m > [22mcolorSchemes color-scheme match[2m > [22mglacier-white/mint/traework — color-scheme matches "light"[32m 0[2mms[22m[39m
 [32m✓[39m [30m[42m visual-regression [49m[39m tests/visual-regression/theme-token-consistency.test.ts[2m > [22mcolorSchemes color-scheme match[2m > [22mglacier-white/mint/qoderwork — color-scheme matches "light"[32m 0[2mms[22m[39m
 [32m✓[39m [30m[42m visual-regression [49m[39m tests/visual-regression/theme-token-consistency.test.ts[2m > [22mcolorSchemes color-scheme match[2m > [22mglacier-white/mint/workbuddy — color-scheme matches "light"[32m 0[2mms[22m[39m
 [32m✓[39m [30m[42m visual-regression [49m[39m tests/visual-regression/theme-token-consistency.test.ts[2m > [22mcolorSchemes color-scheme match[2m > [22mglacier-white/mint/doubao — color-scheme matches "light"[32m 1[2mms[22m[39m
 [32m✓[39m [30m[42m visual-regression [49m[39m tests/visual-regression/theme-token-consistency.test.ts[2m > [22mcolorSchemes color-scheme match[2m > [22mglacier-white/mint/codex — color-scheme matches "light"[32m 0[2mms[22m[39m
 [32m✓[39m [30m[42m visual-regression [49m[39m tests/visual-regression/theme-token-consistency.test.ts[2m > [22mcolorSchemes color-scheme match[2m > [22mglacier-white/mint/zcode — color-scheme matches "light"[32m 0[2mms[22m[39m
 [32m✓[39m [30m[42m visual-regression [49m[39m tests/visual-regression/theme-token-consistency.test.ts[2m > [22mcolorSchemes color-scheme match[2m > [22mglacier-white/frost/traework — color-scheme matches "light"[32m 0[2mms[22m[39m
 [32m✓[39m [30m[42m visual-regression [49m[39m tests/visual-regression/theme-token-consistency.test.ts[2m > [22mcolorSchemes color-scheme match[2m > [22mglacier-white/frost/qoderwork — color-scheme matches "light"[32m 0[2mms[22m[39m
 [32m✓[39m [30m[42m visual-regression [49m[39m tests/visual-regression/theme-token-consistency.test.ts[2m > [22mcolorSchemes color-scheme match[2m > [22mglacier-white/frost/workbuddy — color-scheme matches "light"[32m 1[2mms[22m[39m
 [32m✓[39m [30m[42m visual-regression [49m[39m tests/visual-regression/theme-token-consistency.test.ts[2m > [22mcolorSchemes color-scheme match[2m > [22mglacier-white/frost/doubao — color-scheme matches "light"[32m 1[2mms[22m[39m
 [32m✓[39m [30m[42m visual-regression [49m[39m tests/visual-regression/theme-token-consistency.test.ts[2m > [22mcolorSchemes color-scheme match[2m > [22mglacier-white/frost/codex — color-scheme matches "light"[32m 1[2mms[22m[39m
 [32m✓[39m [30m[42m visual-regression [49m[39m tests/visual-regression/theme-token-consistency.test.ts[2m > [22mcolorSchemes color-scheme match[2m > [22mglacier-white/frost/zcode — color-scheme matches "light"[32m 1[2mms[22m[39m
 [32m✓[39m [30m[42m visual-regression [49m[39m tests/visual-regression/theme-token-consistency.test.ts[2m > [22mcolorSchemes color-scheme match[2m > [22mgraphite-code/blueprint/traework — color-scheme matches "light"[32m 1[2mms[22m[39m
 [32m✓[39m [30m[42m visual-regression [49m[39m tests/visual-regression/theme-token-consistency.test.ts[2m > [22mcolorSchemes color-scheme match[2m > [22mgraphite-code/blueprint/qoderwork — color-scheme matches "light"[32m 1[2mms[22m[39m
 [32m✓[39m [30m[42m visual-regression [49m[39m tests/visual-regression/theme-token-consistency.test.ts[2m > [22mcolorSchemes color-scheme match[2m > [22mgraphite-code/blueprint/workbuddy — color-scheme matches "light"[32m 1[2mms[22m[39m
 [32m✓[39m [30m[42m visual-regression [49m[39m tests/visual-regression/theme-token-consistency.test.ts[2m > [22mcolorSchemes color-scheme match[2m > [22mgraphite-code/blueprint/doubao — color-scheme matches "light"[32m 2[2mms[22m[39m
 [32m✓[39m [30m[42m visual-regression [49m[39m tests/visual-regression/theme-token-consistency.test.ts[2m > [22mcolorSchemes color-scheme match[2m > [22mgraphite-code/blueprint/codex — color-scheme matches "light"[32m 4[2mms[22m[39m
 [32m✓[39m [30m[42m visual-regression [49m[39m tests/visual-regression/theme-token-consistency.test.ts[2m > [22mcolorSchemes color-scheme match[2m > [22mgraphite-code/blueprint/zcode — color-scheme matches "light"[32m 1[2mms[22m[39m
 [32m✓[39m [30m[42m visual-regression [49m[39m tests/visual-regression/theme-token-consistency.test.ts[2m > [22mcolorSchemes color-scheme match[2m > [22mgraphite-code/sepia/traework — color-scheme matches "light"[32m 1[2mms[22m[39m
 [32m✓[39m [30m[42m visual-regression [49m[39m tests/visual-regression/theme-token-consistency.test.ts[2m > [22mcolorSchemes color-scheme match[2m > [22mgraphite-code/sepia/qoderwork — color-scheme matches "light"[32m 2[2mms[22m[39m
 [32m✓[39m [30m[42m visual-regression [49m[39m tests/visual-regression/theme-token-consistency.test.ts[2m > [22mcolorSchemes color-scheme match[2m > [22mgraphite-code/sepia/workbuddy — color-scheme matches "light"[32m 1[2mms[22m[39m
 [32m✓[39m [30m[42m visual-regression [49m[39m tests/visual-regression/theme-token-consistency.test.ts[2m > [22mcolorSchemes color-scheme match[2m > [22mgraphite-code/sepia/doubao — color-scheme matches "light"[32m 1[2mms[22m[39m
 [32m✓[39m [30m[42m visual-regression [49m[39m tests/visual-regression/theme-token-consistency.test.ts[2m > [22mcolorSchemes color-scheme match[2m > [22mgraphite-code/sepia/codex — color-scheme matches "light"[32m 1[2mms[22m[39m
 [32m✓[39m [30m[42m visual-regression [49m[39m tests/visual-regression/theme-token-consistency.test.ts[2m > [22mcolorSchemes color-scheme match[2m > [22mgraphite-code/sepia/zcode — color-scheme matches "light"[32m 1[2mms[22m[39m
 [32m✓[39m [30m[42m visual-regression [49m[39m tests/visual-regression/theme-token-consistency.test.ts[2m > [22mcolorSchemes color-scheme match[2m > [22mmidnight-jazz/sax/traework — color-scheme matches "dark"[32m 1[2mms[22m[39m
 [32m✓[39m [30m[42m visual-regression [49m[39m tests/visual-regression/theme-token-consistency.test.ts[2m > [22mcolorSchemes color-scheme match[2m > [22mmidnight-jazz/sax/qoderwork — color-scheme matches "dark"[32m 1[2mms[22m[39m
 [32m✓[39m [30m[42m visual-regression [49m[39m tests/visual-regression/theme-token-consistency.test.ts[2m > [22mcolorSchemes color-scheme match[2m > [22mmidnight-jazz/sax/workbuddy — color-scheme matches "dark"[32m 1[2mms[22m[39m
 [32m✓[39m [30m[42m visual-regression [49m[39m tests/visual-regression/theme-token-consistency.test.ts[2m > [22mcolorSchemes color-scheme match[2m > [22mmidnight-jazz/sax/doubao — color-scheme matches "dark"[32m 2[2mms[22m[39m
 [32m✓[39m [30m[42m visual-regression [49m[39m tests/visual-regression/theme-token-consistency.test.ts[2m > [22mcolorSchemes color-scheme match[2m > [22mmidnight-jazz/sax/codex — color-scheme matches "dark"[32m 1[2mms[22m[39m
 [32m✓[39m [30m[42m visual-regression [49m[39m tests/visual-regression/theme-token-consistency.test.ts[2m > [22mcolorSchemes color-scheme match[2m > [22mmidnight-jazz/sax/zcode — color-scheme matches "dark"[32m 1[2mms[22m[39m
 [32m✓[39m [30m[42m visual-regression [49m[39m tests/visual-regression/theme-token-consistency.test.ts[2m > [22mcolorSchemes color-scheme match[2m > [22mmidnight-jazz/smoke/traework — color-scheme matches "dark"[32m 1[2mms[22m[39m
 [32m✓[39m [30m[42m visual-regression [49m[39m tests/visual-regression/theme-token-consistency.test.ts[2m > [22mcolorSchemes color-scheme match[2m > [22mmidnight-jazz/smoke/qoderwork — color-scheme matches "dark"[32m 1[2mms[22m[39m
 [32m✓[39m [30m[42m visual-regression [49m[39m tests/visual-regression/theme-token-consistency.test.ts[2m > [22mcolorSchemes color-scheme match[2m > [22mmidnight-jazz/smoke/workbuddy — color-scheme matches "dark"[32m 1[2mms[22m[39m
 [32m✓[39m [30m[42m visual-regression [49m[39m tests/visual-regression/theme-token-consistency.test.ts[2m > [22mcolorSchemes color-scheme match[2m > [22mmidnight-jazz/smoke/doubao — color-scheme matches "dark"[32m 1[2mms[22m[39m
 [32m✓[39m [30m[42m visual-regression [49m[39m tests/visual-regression/theme-token-consistency.test.ts[2m > [22mcolorSchemes color-scheme match[2m > [22mmidnight-jazz/smoke/codex — color-scheme matches "dark"[32m 0[2mms[22m[39m
 [32m✓[39m [30m[42m visual-regression [49m[39m tests/visual-regression/theme-token-consistency.test.ts[2m > [22mcolorSchemes color-scheme match[2m > [22mmidnight-jazz/smoke/zcode — color-scheme matches "dark"[32m 0[2mms[22m[39m
 [32m✓[39m [30m[42m visual-regression [49m[39m tests/visual-regression/theme-token-consistency.test.ts[2m > [22mcolorSchemes color-scheme match[2m > [22mnordic-minimal/amber/traework — color-scheme matches "dark"[32m 1[2mms[22m[39m
 [32m✓[39m [30m[42m visual-regression [49m[39m tests/visual-regression/theme-token-consistency.test.ts[2m > [22mcolorSchemes color-scheme match[2m > [22mnordic-minimal/amber/qoderwork — color-scheme matches "dark"[32m 1[2mms[22m[39m
 [32m✓[39m [30m[42m visual-regression [49m[39m tests/visual-regression/theme-token-consistency.test.ts[2m > [22mcolorSchemes color-scheme match[2m > [22mnordic-minimal/amber/workbuddy — color-scheme matches "dark"[32m 0[2mms[22m[39m
 [32m✓[39m [30m[42m visual-regression [49m[39m tests/visual-regression/theme-token-consistency.test.ts[2m > [22mcolorSchemes color-scheme match[2m > [22mnordic-minimal/amber/doubao — color-scheme matches "dark"[32m 1[2mms[22m[39m
 [32m✓[39m [30m[42m visual-regression [49m[39m tests/visual-regression/theme-token-consistency.test.ts[2m > [22mcolorSchemes color-scheme match[2m > [22mnordic-minimal/amber/codex — color-scheme matches "dark"[32m 1[2mms[22m[39m
 [32m✓[39m [30m[42m visual-regression [49m[39m tests/visual-regression/theme-token-consistency.test.ts[2m > [22mcolorSchemes color-scheme match[2m > [22mnordic-minimal/amber/zcode — color-scheme matches "dark"[32m 1[2mms[22m[39m
 [32m✓[39m [30m[42m visual-regression [49m[39m tests/visual-regression/theme-token-consistency.test.ts[2m > [22mcolorSchemes color-scheme match[2m > [22mnordic-minimal/aurora/traework — color-scheme matches "dark"[32m 1[2mms[22m[39m
 [32m✓[39m [30m[42m visual-regression [49m[39m tests/visual-regression/theme-token-consistency.test.ts[2m > [22mcolorSchemes color-scheme match[2m > [22mnordic-minimal/aurora/qoderwork — color-scheme matches "dark"[32m 1[2mms[22m[39m
 [32m✓[39m [30m[42m visual-regression [49m[39m tests/visual-regression/theme-token-consistency.test.ts[2m > [22mcolorSchemes color-scheme match[2m > [22mnordic-minimal/aurora/workbuddy — color-scheme matches "dark"[32m 1[2mms[22m[39m
 [32m✓[39m [30m[42m visual-regression [49m[39m tests/visual-regression/theme-token-consistency.test.ts[2m > [22mcolorSchemes color-scheme match[2m > [22mnordic-minimal/aurora/doubao — color-scheme matches "dark"[32m 1[2mms[22m[39m
 [32m✓[39m [30m[42m visual-regression [49m[39m tests/visual-regression/theme-token-consistency.test.ts[2m > [22mcolorSchemes color-scheme match[2m > [22mnordic-minimal/aurora/codex — color-scheme matches "dark"[32m 1[2mms[22m[39m
 [32m✓[39m [30m[42m visual-regression [49m[39m tests/visual-regression/theme-token-consistency.test.ts[2m > [22mcolorSchemes color-scheme match[2m > [22mnordic-minimal/aurora/zcode — color-scheme matches "dark"[32m 1[2mms[22m[39m
 [32m✓[39m [30m[42m visual-regression [49m[39m tests/visual-regression/theme-token-consistency.test.ts[2m > [22mcolorSchemes color-scheme match[2m > [22mocean-tide/coral/traework — color-scheme matches "dark"[32m 1[2mms[22m[39m
 [32m✓[39m [30m[42m visual-regression [49m[39m tests/visual-regression/theme-token-consistency.test.ts[2m > [22mcolorSchemes color-scheme match[2m > [22mocean-tide/coral/qoderwork — color-scheme matches "dark"[32m 0[2mms[22m[39m
 [32m✓[39m [30m[42m visual-regression [49m[39m tests/visual-regression/theme-token-consistency.test.ts[2m > [22mcolorSchemes color-scheme match[2m > [22mocean-tide/coral/workbuddy — color-scheme matches "dark"[32m 0[2mms[22m[39m
 [32m✓[39m [30m[42m visual-regression [49m[39m tests/visual-regression/theme-token-consistency.test.ts[2m > [22mcolorSchemes color-scheme match[2m > [22mocean-tide/coral/doubao — color-scheme matches "dark"[32m 1[2mms[22m[39m
 [32m✓[39m [30m[42m visual-regression [49m[39m tests/visual-regression/theme-token-consistency.test.ts[2m > [22mcolorSchemes color-scheme match[2m > [22mocean-tide/coral/codex — color-scheme matches "dark"[32m 0[2mms[22m[39m
 [32m✓[39m [30m[42m visual-regression [49m[39m tests/visual-regression/theme-token-consistency.test.ts[2m > [22mcolorSchemes color-scheme match[2m > [22mocean-tide/coral/zcode — color-scheme matches "dark"[32m 0[2mms[22m[39m
 [32m✓[39m [30m[42m visual-regression [49m[39m tests/visual-regression/theme-token-consistency.test.ts[2m > [22mcolorSchemes color-scheme match[2m > [22mocean-tide/abyss/traework — color-scheme matches "dark"[32m 0[2mms[22m[39m
 [32m✓[39m [30m[42m visual-regression [49m[39m tests/visual-regression/theme-token-consistency.test.ts[2m > [22mcolorSchemes color-scheme match[2m > [22mocean-tide/abyss/qoderwork — color-scheme matches "dark"[32m 0[2mms[22m[39m
 [32m✓[39m [30m[42m visual-regression [49m[39m tests/visual-regression/theme-token-consistency.test.ts[2m > [22mcolorSchemes color-scheme match[2m > [22mocean-tide/abyss/workbuddy — color-scheme matches "dark"[32m 0[2mms[22m[39m
 [32m✓[39m [30m[42m visual-regression [49m[39m tests/visual-regression/theme-token-consistency.test.ts[2m > [22mcolorSchemes color-scheme match[2m > [22mocean-tide/abyss/doubao — color-scheme matches "dark"[32m 0[2mms[22m[39m
 [32m✓[39m [30m[42m visual-regression [49m[39m tests/visual-regression/theme-token-consistency.test.ts[2m > [22mcolorSchemes color-scheme match[2m > [22mocean-tide/abyss/codex — color-scheme matches "dark"[32m 0[2mms[22m[39m
 [32m✓[39m [30m[42m visual-regression [49m[39m tests/visual-regression/theme-token-consistency.test.ts[2m > [22mcolorSchemes color-scheme match[2m > [22mocean-tide/abyss/zcode — color-scheme matches "dark"[32m 0[2mms[22m[39m
 [32m✓[39m [30m[42m visual-regression [49m[39m tests/visual-regression/theme-token-consistency.test.ts[2m > [22mcolorSchemes color-scheme match[2m > [22mrose-quartz/lavender/traework — color-scheme matches "light"[32m 0[2mms[22m[39m
 [32m✓[39m [30m[42m visual-regression [49m[39m tests/visual-regression/theme-token-consistency.test.ts[2m > [22mcolorSchemes color-scheme match[2m > [22mrose-quartz/lavender/qoderwork — color-scheme matches "light"[32m 0[2mms[22m[39m
 [32m✓[39m [30m[42m visual-regression [49m[39m tests/visual-regression/theme-token-consistency.test.ts[2m > [22mcolorSchemes color-scheme match[2m > [22mrose-quartz/lavender/workbuddy — color-scheme matches "light"[32m 0[2mms[22m[39m
 [32m✓[39m [30m[42m visual-regression [49m[39m tests/visual-regression/theme-token-consistency.test.ts[2m > [22mcolorSchemes color-scheme match[2m > [22mrose-quartz/lavender/doubao — color-scheme matches "light"[32m 0[2mms[22m[39m
 [32m✓[39m [30m[42m visual-regression [49m[39m tests/visual-regression/theme-token-consistency.test.ts[2m > [22mcolorSchemes color-scheme match[2m > [22mrose-quartz/lavender/codex — color-scheme matches "light"[32m 0[2mms[22m[39m
 [32m✓[39m [30m[42m visual-regression [49m[39m tests/visual-regression/theme-token-consistency.test.ts[2m > [22mcolorSchemes color-scheme match[2m > [22mrose-quartz/lavender/zcode — color-scheme matches "light"[32m 0[2mms[22m[39m
 [32m✓[39m [30m[42m visual-regression [49m[39m tests/visual-regression/theme-token-consistency.test.ts[2m > [22mcolorSchemes color-scheme match[2m > [22mrose-quartz/sage/traework — color-scheme matches "light"[32m 0[2mms[22m[39m
 [32m✓[39m [30m[42m visual-regression [49m[39m tests/visual-regression/theme-token-consistency.test.ts[2m > [22mcolorSchemes color-scheme match[2m > [22mrose-quartz/sage/qoderwork — color-scheme matches "light"[32m 0[2mms[22m[39m
 [32m✓[39m [30m[42m visual-regression [49m[39m tests/visual-regression/theme-token-consistency.test.ts[2m > [22mcolorSchemes color-scheme match[2m > [22mrose-quartz/sage/workbuddy — color-scheme matches "light"[32m 0[2mms[22m[39m
 [32m✓[39m [30m[42m visual-regression [49m[39m tests/visual-regression/theme-token-consistency.test.ts[2m > [22mcolorSchemes color-scheme match[2m > [22mrose-quartz/sage/doubao — color-scheme matches "light"[32m 1[2mms[22m[39m
 [32m✓[39m [30m[42m visual-regression [49m[39m tests/visual-regression/theme-token-consistency.test.ts[2m > [22mcolorSchemes color-scheme match[2m > [22mrose-quartz/sage/codex — color-scheme matches "light"[32m 0[2mms[22m[39m
 [32m✓[39m [30m[42m visual-regression [49m[39m tests/visual-regression/theme-token-consistency.test.ts[2m > [22mcolorSchemes color-scheme match[2m > [22mrose-quartz/sage/zcode — color-scheme matches "light"[32m 5[2mms[22m[39m
 [32m✓[39m [30m[42m visual-regression [49m[39m tests/visual-regression/theme-token-consistency.test.ts[2m > [22mcolorSchemes color-scheme match[2m > [22msakura-noir/wisteria/traework — color-scheme matches "dark"[32m 1[2mms[22m[39m
 [32m✓[39m [30m[42m visual-regression [49m[39m tests/visual-regression/theme-token-consistency.test.ts[2m > [22mcolorSchemes color-scheme match[2m > [22msakura-noir/wisteria/qoderwork — color-scheme matches "dark"[32m 1[2mms[22m[39m
 [32m✓[39m [30m[42m visual-regression [49m[39m tests/visual-regression/theme-token-consistency.test.ts[2m > [22mcolorSchemes color-scheme match[2m > [22msakura-noir/wisteria/workbuddy — color-scheme matches "dark"[32m 1[2mms[22m[39m
 [32m✓[39m [30m[42m visual-regression [49m[39m tests/visual-regression/theme-token-consistency.test.ts[2m > [22mcolorSchemes color-scheme match[2m > [22msakura-noir/wisteria/doubao — color-scheme matches "dark"[32m 1[2mms[22m[39m
 [32m✓[39m [30m[42m visual-regression [49m[39m tests/visual-regression/theme-token-consistency.test.ts[2m > [22mcolorSchemes color-scheme match[2m > [22msakura-noir/wisteria/codex — color-scheme matches "dark"[32m 0[2mms[22m[39m
 [32m✓[39m [30m[42m visual-regression [49m[39m tests/visual-regression/theme-token-consistency.test.ts[2m > [22mcolorSchemes color-scheme match[2m > [22msakura-noir/wisteria/zcode — color-scheme matches "dark"[32m 0[2mms[22m[39m
 [32m✓[39m [30m[42m visual-regression [49m[39m tests/visual-regression/theme-token-consistency.test.ts[2m > [22mcolorSchemes color-scheme match[2m > [22msakura-noir/ume/traework — color-scheme matches "dark"[32m 0[2mms[22m[39m
 [32m✓[39m [30m[42m visual-regression [49m[39m tests/visual-regression/theme-token-consistency.test.ts[2m > [22mcolorSchemes color-scheme match[2m > [22msakura-noir/ume/qoderwork — color-scheme matches "dark"[32m 2[2mms[22m[39m
 [32m✓[39m [30m[42m visual-regression [49m[39m tests/visual-regression/theme-token-consistency.test.ts[2m > [22mcolorSchemes color-scheme match[2m > [22msakura-noir/ume/workbuddy — color-scheme matches "dark"[32m 2[2mms[22m[39m
 [32m✓[39m [30m[42m visual-regression [49m[39m tests/visual-regression/theme-token-consistency.test.ts[2m > [22mcolorSchemes color-scheme match[2m > [22msakura-noir/ume/doubao — color-scheme matches "dark"[32m 1[2mms[22m[39m
 [32m✓[39m [30m[42m visual-regression [49m[39m tests/visual-regression/theme-token-consistency.test.ts[2m > [22mcolorSchemes color-scheme match[2m > [22msakura-noir/ume/codex — color-scheme matches "dark"[32m 1[2mms[22m[39m
 [32m✓[39m [30m[42m visual-regression [49m[39m tests/visual-regression/theme-token-consistency.test.ts[2m > [22mcolorSchemes color-scheme match[2m > [22msakura-noir/ume/zcode — color-scheme matches "dark"[32m 0[2mms[22m[39m
 [32m✓[39m [30m[42m visual-regression [49m[39m tests/visual-regression/theme-token-consistency.test.ts[2m > [22mcolorSchemes color-scheme match[2m > [22msakura-pastel/mint/traework — color-scheme matches "light"[32m 0[2mms[22m[39m
 [32m✓[39m [30m[42m visual-regression [49m[39m tests/visual-regression/theme-token-consistency.test.ts[2m > [22mcolorSchemes color-scheme match[2m > [22msakura-pastel/mint/qoderwork — color-scheme matches "light"[32m 0[2mms[22m[39m
 [32m✓[39m [30m[42m visual-regression [49m[39m tests/visual-regression/theme-token-consistency.test.ts[2m > [22mcolorSchemes color-scheme match[2m > [22msakura-pastel/mint/workbuddy — color-scheme matches "light"[32m 0[2mms[22m[39m
 [32m✓[39m [30m[42m visual-regression [49m[39m tests/visual-regression/theme-token-consistency.test.ts[2m > [22mcolorSchemes color-scheme match[2m > [22msakura-pastel/mint/doubao — color-scheme matches "light"[32m 1[2mms[22m[39m
 [32m✓[39m [30m[42m visual-regression [49m[39m tests/visual-regression/theme-token-consistency.test.ts[2m > [22mcolorSchemes color-scheme match[2m > [22msakura-pastel/mint/codex — color-scheme matches "light"[32m 1[2mms[22m[39m
 [32m✓[39m [30m[42m visual-regression [49m[39m tests/visual-regression/theme-token-consistency.test.ts[2m > [22mcolorSchemes color-scheme match[2m > [22msakura-pastel/mint/zcode — color-scheme matches "light"[32m 1[2mms[22m[39m
 [32m✓[39m [30m[42m visual-regression [49m[39m tests/visual-regression/theme-token-consistency.test.ts[2m > [22mcolorSchemes color-scheme match[2m > [22msakura-pastel/lavender/traework — color-scheme matches "light"[32m 1[2mms[22m[39m
 [32m✓[39m [30m[42m visual-regression [49m[39m tests/visual-regression/theme-token-consistency.test.ts[2m > [22mcolorSchemes color-scheme match[2m > [22msakura-pastel/lavender/qoderwork — color-scheme matches "light"[32m 1[2mms[22m[39m
 [32m✓[39m [30m[42m visual-regression [49m[39m tests/visual-regression/theme-token-consistency.test.ts[2m > [22mcolorSchemes color-scheme match[2m > [22msakura-pastel/lavender/workbuddy — color-scheme matches "light"[32m 1[2mms[22m[39m
 [32m✓[39m [30m[42m visual-regression [49m[39m tests/visual-regression/theme-token-consistency.test.ts[2m > [22mcolorSchemes color-scheme match[2m > [22msakura-pastel/lavender/doubao — color-scheme matches "light"[32m 1[2mms[22m[39m
 [32m✓[39m [30m[42m visual-regression [49m[39m tests/visual-regression/theme-token-consistency.test.ts[2m > [22mcolorSchemes color-scheme match[2m > [22msakura-pastel/lavender/codex — color-scheme matches "light"[32m 1[2mms[22m[39m
 [32m✓[39m [30m[42m visual-regression [49m[39m tests/visual-regression/theme-token-consistency.test.ts[2m > [22mcolorSchemes color-scheme match[2m > [22msakura-pastel/lavender/zcode — color-scheme matches "light"[32m 1[2mms[22m[39m
 [32m✓[39m [30m[42m visual-regression [49m[39m tests/visual-regression/theme-token-consistency.test.ts[2m > [22mcolorSchemes color-scheme match[2m > [22mterminal-green/cyan/traework — color-scheme matches "dark"[32m 1[2mms[22m[39m
 [32m✓[39m [30m[42m visual-regression [49m[39m tests/visual-regression/theme-token-consistency.test.ts[2m > [22mcolorSchemes color-scheme match[2m > [22mterminal-green/cyan/qoderwork — color-scheme matches "dark"[32m 1[2mms[22m[39m
 [32m✓[39m [30m[42m visual-regression [49m[39m tests/visual-regression/theme-token-consistency.test.ts[2m > [22mcolorSchemes color-scheme match[2m > [22mterminal-green/cyan/workbuddy — color-scheme matches "dark"[32m 1[2mms[22m[39m
 [32m✓[39m [30m[42m visual-regression [49m[39m tests/visual-regression/theme-token-consistency.test.ts[2m > [22mcolorSchemes color-scheme match[2m > [22mterminal-green/cyan/doubao — color-scheme matches "dark"[32m 1[2mms[22m[39m
 [32m✓[39m [30m[42m visual-regression [49m[39m tests/visual-regression/theme-token-consistency.test.ts[2m > [22mcolorSchemes color-scheme match[2m > [22mterminal-green/cyan/codex — color-scheme matches "dark"[32m 1[2mms[22m[39m
 [32m✓[39m [30m[42m visual-regression [49m[39m tests/visual-regression/theme-token-consistency.test.ts[2m > [22mcolorSchemes color-scheme match[2m > [22mterminal-green/cyan/zcode — color-scheme matches "dark"[32m 0[2mms[22m[39m
 [32m✓[39m [30m[42m visual-regression [49m[39m tests/visual-regression/theme-token-consistency.test.ts[2m > [22mcolorSchemes color-scheme match[2m > [22mterminal-green/amber/traework — color-scheme matches "dark"[32m 0[2mms[22m[39m
 [32m✓[39m [30m[42m visual-regression [49m[39m tests/visual-regression/theme-token-consistency.test.ts[2m > [22mcolorSchemes color-scheme match[2m > [22mterminal-green/amber/qoderwork — color-scheme matches "dark"[32m 0[2mms[22m[39m
 [32m✓[39m [30m[42m visual-regression [49m[39m tests/visual-regression/theme-token-consistency.test.ts[2m > [22mcolorSchemes color-scheme match[2m > [22mterminal-green/amber/workbuddy — color-scheme matches "dark"[32m 4[2mms[22m[39m
 [32m✓[39m [30m[42m visual-regression [49m[39m tests/visual-regression/theme-token-consistency.test.ts[2m > [22mcolorSchemes color-scheme match[2m > [22mterminal-green/amber/doubao — color-scheme matches "dark"[32m 1[2mms[22m[39m
 [32m✓[39m [30m[42m visual-regression [49m[39m tests/visual-regression/theme-token-consistency.test.ts[2m > [22mcolorSchemes color-scheme match[2m > [22mterminal-green/amber/codex — color-scheme matches "dark"[32m 1[2mms[22m[39m
 [32m✓[39m [30m[42m visual-regression [49m[39m tests/visual-regression/theme-token-consistency.test.ts[2m > [22mcolorSchemes color-scheme match[2m > [22mterminal-green/amber/zcode — color-scheme matches "dark"[32m 1[2mms[22m[39m
 [32m✓[39m [30m[45m ui [49m[39m src/ui/components/diagnostics/PerformancePanel-polling.test.tsx[2m > [22mPerformancePanel — action wiring via store selector[2m > [22mcomponent renders and wires store.loadTimeouts into the selector[32m 19[2mms[22m[39m
 [32m✓[39m [30m[45m ui [49m[39m src/ui/components/diagnostics/PerformancePanel-polling.test.tsx[2m > [22mPerformancePanel — action wiring via store selector[2m > [22mclear button is rendered and wired to store.clearTimeouts[32m 3[2mms[22m[39m
 [32m✓[39m [30m[45m ui [49m[39m src/ui/components/diagnostics/PerformancePanel-polling.test.tsx[2m > [22mPerformancePanel — action wiring via store selector[2m > [22mstore selector correctly exposes all fields the component reads[32m 1[2mms[22m[39m
 [32m✓[39m [30m[45m ui [49m[39m src/ui/components/diagnostics/PerformancePanel-polling.test.tsx[2m > [22mPerformancePanel — polling interval pattern (fake timers)[2m > [22mcalls loadTimeouts immediately on "mount" (before first interval)[32m 3[2mms[22m[39m
 [32m✓[39m [30m[45m ui [49m[39m src/ui/components/diagnostics/PerformancePanel-polling.test.tsx[2m > [22mPerformancePanel — polling interval pattern (fake timers)[2m > [22mresumes calling loadTimeouts every POLL_MS under setInterval[32m 2[2mms[22m[39m
 [32m✓[39m [30m[45m ui [49m[39m src/ui/components/diagnostics/PerformancePanel-polling.test.tsx[2m > [22mPerformancePanel — polling interval pattern (fake timers)[2m > [22mclearInterval stops loadTimeouts calls (unmount cleanup)[32m 1[2mms[22m[39m
 [32m✓[39m [30m[45m ui [49m[39m src/ui/components/diagnostics/PerformancePanel-polling.test.tsx[2m > [22mPerformancePanel — polling interval pattern (fake timers)[2m > [22mhistory polling pattern (setTimeout-chained) also stops on cleanup flag[32m 1[2mms[22m[39m
 [32m✓[39m [30m[45m ui [49m[39m src/ui/components/diagnostics/PerformancePanel-timeout.test.tsx[2m > [22mPerformancePanel — IPC timeout section[2m > [22mrenders without crashing and shows empty-state text when store is empty[32m 40[2mms[22m[39m
 [32m✓[39m [30m[45m ui [49m[39m src/ui/components/diagnostics/PerformancePanel-timeout.test.tsx[2m > [22mPerformancePanel — IPC timeout section[2m > [22mrenders N event rows when store contains N timeout events[32m 9[2mms[22m[39m
 [32m✓[39m [30m[45m ui [49m[39m src/ui/components/diagnostics/PerformancePanel-timeout.test.tsx[2m > [22mPerformancePanel — IPC timeout section[2m > [22mclear button text reflects timeoutsLoading state[32m 3[2mms[22m[39m
 [32m✓[39m [30m[45m ui [49m[39m src/ui/components/diagnostics/PerformancePanel-timeout.test.tsx[2m > [22mPerformancePanel — IPC timeout section[2m > [22mclicking clear button invokes store.clearTimeouts via the store mock[32m 2[2mms[22m[39m
[90mstdout[2m | src/main/wallpaper-injector.test.ts[2m > [22m[2minjectWithFallback[2m > [22m[2mlogs fallback attempt and failure when fallback also fails
[22m[39m[agentskin:cdp-patch] win32: 0 live DevToolsActivePort file(s) found, distributed per-app by dir name: (none)

 [32m✓[39m [30m[45m main [49m[39m src/main/wallpaper-injector.test.ts[2m > [22minjectWithFallback[2m > [22mlogs fallback attempt and failure when fallback also fails[33m 30232[2mms[22m[39m
 [32m✓[39m [30m[45m main [49m[39m src/main/wallpaper-injector.test.ts[2m > [22mlastSuccessfulWallpaper state management[2m > [22msetLastSuccessfulWallpaper and clearLastSuccessfulWallpaper round-trip[32m 0[2mms[22m[39m
 [32m✓[39m [30m[45m main [49m[39m src/main/wallpaper-injector.test.ts[2m > [22mlastSuccessfulWallpaper state management[2m > [22mclearLastSuccessfulWallpaper prevents fallback[32m 1[2mms[22m[39m
 [32m✓[39m [30m[45m main [49m[39m src/main/wallpaper-injector.test.ts[2m > [22mfallback verdict format (regression guard)[2m > [22mfallback success detail uses fallback:<id> format[32m 1[2mms[22m[39m
 [32m✓[39m [30m[45m main [49m[39m src/main/wallpaper-injector.test.ts[2m > [22mfallback verdict format (regression guard)[2m > [22mfallback detail is distinct from normal success (undefined)[32m 2[2mms[22m[39m
[90mstdout[2m | src/main/scene-size.verify.test.ts[2m > [22m[2mpost-fix scene draw size verification (real workshop data)[2m > [22m[2mdraws every fullscreen background at the projection size on a 1920x1080 viewport
[22m[39mfullscreen backgrounds: 73, now cover the 1920x1080 viewport: 68
2896608544: quad=(5378x1740) drawn=(2689x870)
3078285611: quad=(3157x3516) drawn=(873x973)
3354495107: quad=(3203x2200) drawn=(1602x1100)
3436945972: quad=(3157x3516) drawn=(805x897)
3578699777: quad=(3840x1917) drawn=(1920x959)

 [32m✓[39m [30m[45m main [49m[39m src/main/scene-size.verify.test.ts[2m > [22mpost-fix scene draw size verification (real workshop data)[2m > [22mdraws every fullscreen background at the projection size on a 1920x1080 viewport[33m 50240[2mms[22m[39m
 [32m✓[39m [30m[45m main [49m[39m src/main/scene-size.verify.test.ts[2m > [22mpost-fix scene draw size verification (real workshop data)[2m > [22mlayerDisplaySize uses the object quad, falling back to texture size[32m 5[2mms[22m[39m
 [32m✓[39m [30m[45m main [49m[39m src/main/wallpaper-injector.test.ts[2m > [22mmedia token cleanup on early exits[2m > [22mcleans up previous token on no-page-target exit[33m 15149[2mms[22m[39m
 [32m✓[39m [30m[45m main [49m[39m src/main/wallpaper-injector.test.ts[2m > [22mmedia token cleanup on early exits[2m > [22mcleans up previous token on web-url-resolve-failed exit[32m 1[2mms[22m[39m
 [32m✓[39m [30m[45m main [49m[39m src/main/wallpaper-injector.test.ts[2m > [22mmedia token cleanup on early exits[2m > [22mhard-fails when a scene cannot render (webUrlFor null) — no preview fallback[32m 1[2mms[22m[39m
 [32m✓[39m [30m[45m main [49m[39m src/main/wallpaper-injector.test.ts[2m > [22mmedia token cleanup on early exits[2m > [22mrefuses to inject preview-only wallpapers (no animated content)[32m 0[2mms[22m[39m
 [32m✓[39m [30m[45m main [49m[39m src/main/wallpaper-injector.test.ts[2m > [22mmedia token cleanup on early exits[2m > [22mcleans up previous token on epoch-cancelled after no-targets (split path)[32m 0[2mms[22m[39m
 [32m✓[39m [30m[45m main [49m[39m src/main/wallpaper-injector.test.ts[2m > [22mmedia token cleanup on early exits[2m > [22mcleans up previous token when switching from HTTP to blob path[32m 70[2mms[22m[39m
 [32m✓[39m [30m[45m main [49m[39m src/main/wallpaper-injector.test.ts[2m > [22mGIF wallpaper dispatch[2m > [22mroutes type=image .gif to the image path (normal case)[32m 10[2mms[22m[39m
 [32m✓[39m [30m[45m main [49m[39m src/main/wallpaper-injector.test.ts[2m > [22mGIF wallpaper dispatch[2m > [22mdoes not crash for type=video .gif (defense-in-depth isImageFile fallback)[32m 5[2mms[22m[39m
[90mstdout[2m | src/main/scene-html-size.test.ts[2m > [22m[2mscene HTML size after texture cap (real workshop data)[2m > [22m[2mrenders every scene and reports HTML + estimated decode memory
[22m[39mscenes rendered: 35, total HTML: 422MB
largest: 3299228616: 36.9MB | 3347416586: 35.3MB | 3233141951: 33.0MB | 3028090166: 24.0MB | 3436945972: 23.4MB | 3211109911: 23.2MB | 3354495107: 21.7MB | 3375885250: 20.8MB

 [32m✓[39m [30m[45m main [49m[39m src/main/scene-html-size.test.ts[2m > [22mscene HTML size after texture cap (real workshop data)[2m > [22mrenders every scene and reports HTML + estimated decode memory[33m 83339[2mms[22m[39m
[90mstdout[2m | src/main/scene-particle-smoke.test.ts[2m > [22m[2mscene HTML — real workshop particle scenes (smoke)[2m > [22m[2mrenders every scene.pkg and embeds particle simulation for resolvable presets
[22m[39mscenes rendered: 35, with particle layers: 26

 [32m✓[39m [30m[45m main [49m[39m src/main/scene-particle-smoke.test.ts[2m > [22mscene HTML — real workshop particle scenes (smoke)[2m > [22mrenders every scene.pkg and embeds particle simulation for resolvable presets[33m 85259[2mms[22m[39m
 [32m✓[39m [30m[45m main [49m[39m src/main/scene-renderer-html.test.ts[2m > [22mscene HTML — real workshop scenes (parallax revival)[2m > [22mevery scene.pkg embeds the postMessage bridge and a working mousemove fallback[33m 84654[2mms[22m[39m
 [32m✓[39m [30m[45m main [49m[39m src/main/scene-size.verify.test.ts[2m > [22mpost-fix scene draw size verification (real workshop data)[2m > [22mall fullscreen backgrounds have non-negative draw dimensions after the scale fix[33m 41744[2mms[22m[39m
[90mstdout[2m | src/main/scene-particle-smoke.test.ts[2m > [22m[2mworkshop pkg-embedded particle resolution[2m > [22m[2mresolves every particle ref from the pkg (custom + presets), not just install presets
[22m[39mdistinct particle refs: [33m66[39m | resolvable from pkg alone: [33m66[39m
custom refs: [33m46[39m

 [32m✓[39m [30m[45m main [49m[39m src/main/scene-particle-smoke.test.ts[2m > [22mworkshop pkg-embedded particle resolution[2m > [22mresolves every particle ref from the pkg (custom + presets), not just install presets[33m 42525[2mms[22m[39m

[2m Test Files [22m [1m[32m104 passed[39m[22m[90m (104)[39m
[2m      Tests [22m [1m[32m1955 passed[39m[22m[90m (1955)[39m
[2m   Start at [22m 18:53:18
[2m   Duration [22m 130.23s[2m (transform 66.45s, setup 0ms, import 115.10s, tests 497.80s, environment 38ms)[22m

